nlb_dns_name = 
reimei-b2b-demo-gpu-prd-nlb-070877994bd3af97.elb.ap-northeast-1.amazonaws.com

$ terraform init -migrate-state
Initializing the backend...
Do you want to copy existing state to the new backend?
  Pre-existing state was found while migrating the previous "local" backend to the
  newly configured "s3" backend. No existing state was found in the newly
  configured "s3" backend. Do you want to copy this state to the new "s3"
  backend? Enter "yes" to copy and "no" to start with an empty state.

  Enter a value: yes


Successfully configured the backend "s3"! Terraform will automatically
use this backend unless the backend configuration changes.
Initializing modules...
Initializing provider plugins...
- Reusing previous version of hashicorp/aws from the dependency lock file
- Reusing previous version of hashicorp/cloudinit from the dependency lock file
- Reusing previous version of hashicorp/local from the dependency lock file
- Using previously-installed hashicorp/cloudinit v2.3.7
- Using previously-installed hashicorp/local v2.6.1
- Using previously-installed hashicorp/aws v6.24.0

Terraform has been successfully initialized!

You may now begin working with Terraform. Try running "terraform plan" to see
any changes that are required for your infrastructure. All Terraform commands
should now work.

If you ever set or change modules or backend configuration for Terraform,
rerun this command to reinitialize your working directory. If you forget, other
commands will detect it and remind you to do so if necessary.

prod.shogo.kagami@VSOC-DESKTOP01 MINGW64 ~/deploy_20260121/reimei_RAG/terraform/environments_b2b_demo_gpu/prod ((b2b-demo-gpu-prod-release-20260121-1))
$ git add backend.tf

prod.shogo.kagami@VSOC-DESKTOP01 MINGW64 ~/deploy_20260121/reimei_RAG/terraform/environments_b2b_demo_gpu/prod ((b2b-demo-gpu-prod-release-20260121-1))
$ git commit -m "add backend.tf"
[detached HEAD 00a7967d] add backend.tf
 Committer: Shogo Kagami <prod.shogo.kagami@L4VSOC.SBINT.LOCAL>
Your name and email address were configured automatically based
on your username and hostname. Please check that they are accurate.
You can suppress this message by setting them explicitly:

    git config --global user.name "Your Name"
    git config --global user.email you@example.com

After doing this, you may fix the identity used for this commit with:

    git commit --amend --reset-author

 1 file changed, 9 insertions(+)
 create mode 100644 terraform/environments_b2b_demo_gpu/prod/backend.tf

prod.shogo.kagami@VSOC-DESKTOP01 MINGW64 ~/deploy_20260121/reimei_RAG/terraform/environments_b2b_demo_gpu/prod ((00a7967d...))
$ git push
fatal: You are not currently on a branch.
To push the history leading to the current (detached HEAD)
state now, use

    git push origin HEAD:<name-of-remote-branch>


prod.shogo.kagami@VSOC-DESKTOP01 MINGW64 ~/deploy_20260121/reimei_RAG/terraform/environments_b2b_demo_gpu/prod ((00a7967d...))
$ git log
commit 00a7967d2eb47a58c7ed889c0a859138ec7b23c4 (HEAD)
Author: Shogo Kagami <prod.shogo.kagami@L4VSOC.SBINT.LOCAL>
Date:   Wed Jan 21 13:26:48 2026 +0900

    add backend.tf

commit c337cd2210d43520e0fbdd8335c51a19631744bb (tag: b2b-demo-gpu-prod-release-20260121-1)
Merge: d24c4b84 7e01507b
Author: Takeshi Oura <takoika@users.noreply.github.com>
Date:   Tue Jan 20 15:44:08 2026 +0900

    Merge pull request #881 from sbintuitions/toura-release-news

    共同通信ニュースとソフトバンクニュースをsbkk demo環境でリリースする

commit d24c4b84de6d0c9cc6106f14071b699d4a7cfb0e
Author: tatsuya-hayashino <tatsuya.hayashino@sbintuitions.co.jp>
Date:   Tue Jan 20 14:51:05 2026 +0900

    Add/Update API keys (#879)

commit cac7129a6f6d7259871facf52aeed91cc912b957
Merge: 931929ca 103c3aab
Author: Takeshi Oura <takoika@users.noreply.github.com>
Date:   Tue Jan 20 13:43:00 2026 +0900

    Merge pull request #880 from sbintuitions/toura-remove-old-vars

    デプロイ時のエラーを避けるために後方互換のために残していたenv varの削除

commit 103c3aab20b8a9337ccd13c3fef1af483ca59cab
Author: takoika <16839037+takoika@users.noreply.github.com>
Date:   Tue Jan 20 13:32:09 2026 +0900

    Remove unnecessary legacy env var

commit 86a0a6a83da00f7bf9200fb562554bbf398e8192
Merge: 27ade62d 931929ca
Author: takoika <16839037+takoika@users.noreply.github.com>
