user45020@fcpv00286:~$ sinfo
PARTITION     AVAIL  TIMELIMIT  NODES  STATE NODELIST
045-partition    up   infinite     34   idle fcdgx[00041-00044,00046-00050,00052-00057,00059-00060,00062,00064,00066-00080]


Linux fcdgx00041 5.15.0-1053-nvidia #54-Ubuntu SMP Sat Apr 20 01:13:45 UTC 2024 x86_64 x86_64 x86_64 GNU/Linux
Linux fcdgx00042 5.15.0-1053-nvidia #54-Ubuntu SMP Sat Apr 20 01:13:45 UTC 2024 x86_64 x86_64 x86_64 GNU/Linux
Linux fcdgx00043 5.15.0-1053-nvidia #54-Ubuntu SMP Sat Apr 20 01:13:45 UTC 2024 x86_64 x86_64 x86_64 GNU/Linux
Linux fcdgx00044 5.15.0-1053-nvidia #54-Ubuntu SMP Sat Apr 20 01:13:45 UTC 2024 x86_64 x86_64 x86_64 GNU/Linux

Linux fcdgx00046 5.15.0-1053-nvidia #54-Ubuntu SMP Sat Apr 20 01:13:45 UTC 2024 x86_64 x86_64 x86_64 GNU/Linux
Linux fcdgx00047 5.15.0-1053-nvidia #54-Ubuntu SMP Sat Apr 20 01:13:45 UTC 2024 x86_64 x86_64 x86_64 GNU/Linux
Linux fcdgx00048 5.15.0-1053-nvidia #54-Ubuntu SMP Sat Apr 20 01:13:45 UTC 2024 x86_64 x86_64 x86_64 GNU/Linux
Linux fcdgx00049 5.15.0-1053-nvidia #54-Ubuntu SMP Sat Apr 20 01:13:45 UTC 2024 x86_64 x86_64 x86_64 GNU/Linux
Linux fcdgx00050 5.15.0-1053-nvidia #54-Ubuntu SMP Sat Apr 20 01:13:45 UTC 2024 x86_64 x86_64 x86_64 GNU/Linux

Linux fcdgx00052 5.15.0-1053-nvidia #54-Ubuntu SMP Sat Apr 20 01:13:45 UTC 2024 x86_64 x86_64 x86_64 GNU/Linux
Linux fcdgx00053 5.15.0-1053-nvidia #54-Ubuntu SMP Sat Apr 20 01:13:45 UTC 2024 x86_64 x86_64 x86_64 GNU/Linux
Linux fcdgx00054 5.15.0-1053-nvidia #54-Ubuntu SMP Sat Apr 20 01:13:45 UTC 2024 x86_64 x86_64 x86_64 GNU/Linux
Linux fcdgx00055 5.15.0-1053-nvidia #54-Ubuntu SMP Sat Apr 20 01:13:45 UTC 2024 x86_64 x86_64 x86_64 GNU/Linux
Linux fcdgx00056 5.15.0-1053-nvidia #54-Ubuntu SMP Sat Apr 20 01:13:45 UTC 2024 x86_64 x86_64 x86_64 GNU/Linux
Linux fcdgx00057 5.15.0-1053-nvidia #54-Ubuntu SMP Sat Apr 20 01:13:45 UTC 2024 x86_64 x86_64 x86_64 GNU/Linux

Linux fcdgx00059 5.15.0-1053-nvidia #54-Ubuntu SMP Sat Apr 20 01:13:45 UTC 2024 x86_64 x86_64 x86_64 GNU/Linux
Linux fcdgx00060 5.15.0-1053-nvidia #54-Ubuntu SMP Sat Apr 20 01:13:45 UTC 2024 x86_64 x86_64 x86_64 GNU/Linux

Linux fcdgx00062 5.15.0-1053-nvidia #54-Ubuntu SMP Sat Apr 20 01:13:45 UTC 2024 x86_64 x86_64 x86_64 GNU/Linux

Linux fcdgx00064 5.15.0-1053-nvidia #54-Ubuntu SMP Sat Apr 20 01:13:45 UTC 2024 x86_64 x86_64 x86_64 GNU/Linux

Linux fcdgx00066 5.15.0-1053-nvidia #54-Ubuntu SMP Sat Apr 20 01:13:45 UTC 2024 x86_64 x86_64 x86_64 GNU/Linux
Linux fcdgx00067 5.15.0-1053-nvidia #54-Ubuntu SMP Sat Apr 20 01:13:45 UTC 2024 x86_64 x86_64 x86_64 GNU/Linux
Linux fcdgx00068 5.15.0-1053-nvidia #54-Ubuntu SMP Sat Apr 20 01:13:45 UTC 2024 x86_64 x86_64 x86_64 GNU/Linux
Linux fcdgx00069 5.15.0-1053-nvidia #54-Ubuntu SMP Sat Apr 20 01:13:45 UTC 2024 x86_64 x86_64 x86_64 GNU/Linux
Linux fcdgx00070 5.15.0-1053-nvidia #54-Ubuntu SMP Sat Apr 20 01:13:45 UTC 2024 x86_64 x86_64 x86_64 GNU/Linux
Linux fcdgx00071 5.15.0-1053-nvidia #54-Ubuntu SMP Sat Apr 20 01:13:45 UTC 2024 x86_64 x86_64 x86_64 GNU/Linux
Linux fcdgx00072 5.15.0-1053-nvidia #54-Ubuntu SMP Sat Apr 20 01:13:45 UTC 2024 x86_64 x86_64 x86_64 GNU/Linux
Linux fcdgx00073 5.15.0-1053-nvidia #54-Ubuntu SMP Sat Apr 20 01:13:45 UTC 2024 x86_64 x86_64 x86_64 GNU/Linux
Linux fcdgx00074 5.15.0-1053-nvidia #54-Ubuntu SMP Sat Apr 20 01:13:45 UTC 2024 x86_64 x86_64 x86_64 GNU/Linux
Linux fcdgx00075 5.15.0-1053-nvidia #54-Ubuntu SMP Sat Apr 20 01:13:45 UTC 2024 x86_64 x86_64 x86_64 GNU/Linux
Linux fcdgx00076 5.15.0-1053-nvidia #54-Ubuntu SMP Sat Apr 20 01:13:45 UTC 2024 x86_64 x86_64 x86_64 GNU/Linux
Linux fcdgx00077 5.15.0-1053-nvidia #54-Ubuntu SMP Sat Apr 20 01:13:45 UTC 2024 x86_64 x86_64 x86_64 GNU/Linux
Linux fcdgx00078 5.15.0-1053-nvidia #54-Ubuntu SMP Sat Apr 20 01:13:45 UTC 2024 x86_64 x86_64 x86_64 GNU/Linux
Linux fcdgx00079 5.15.0-1053-nvidia #54-Ubuntu SMP Sat Apr 20 01:13:45 UTC 2024 x86_64 x86_64 x86_64 GNU/Linux
Linux fcdgx00080 5.15.0-1053-nvidia #54-Ubuntu SMP Sat Apr 20 01:13:45 UTC 2024 x86_64 x86_64 x86_64 GNU/Linux


user45020@fcpv00286:/lustre/tools/AdminTools/sbin$  ./AutoCopy.sh -f

INFO : Start : ===
ERROR : fMkTmpDstLists() : invalid file type : /lustre/teams
INFO : fDestinationChecker() : rsync file ready : /lustre/container_cache/reimei_engine/reimei-engine-llm-serve-gpu:20251211-1.sqsh
INFO : does not exist : /lustre/container_cache/reimei_engine/reimei-engine-llm-serve-gpu:20251211-1.sqsh
rsync: [Receiver] change_dir#3 "/lustre/container_cache" failed: No such file or directory (2)
rsync error: errors selecting input/output files, dirs (code 3) at main.c(825) [Receiver=3.2.3]
ERROR : Failed!! : rsync -r /store/.sysonly_okeFBsTh/lustre/container_cache/reimei_engine/reimei-engine-llm-serve-gpu:20251211-1.sqsh /lustre/container_cache/reimei_engine
DEBUG : @@@ 1 @@@
cat: /lustre/tools/AdminTools/tmp/fcpv00286_notify.tmp: No such file or directory
DEBUG :              RET :
DEBUG : @@@ 2 @@@
DEBUG :           NOTIFY : /lustre/tools/AdminTools/sbin/notify_slack.sh
DEBUG : SLACK_CHANNEL_ID : C08MYJM4ARK
DEBUG :            N_TMP : /lustre/tools/AdminTools/tmp/fcpv00286_notify.tmp
DEBUG :          MESSAGE : AutoCopy_sh_END
DEBUG :              RET :
DEBUG : END

INFO :   End : ===


user45020@fcdgx00041:/lustre/tools/AdminTools/sbin$ nc -zv 10.121.129.100 10080
Connection to 10.121.129.100 10080 port [tcp/amanda] succeeded!
user45020@fcdgx00041:/lustre/tools/AdminTools/sbin$
user45020@fcdgx00041:/lustre/tools/AdminTools/sbin$
user45020@fcdgx00041:/lustre/tools/AdminTools/sbin$ nc -zv 10.121.129.100 10081
nc -zv 10.121.129.100 10082
nc -zv 10.121.129.100 10083
nc -zv 10.121.129.100 10084
nc -zv 10.121.129.100 10085
Connection to 10.121.129.100 10081 port [tcp/kamanda] succeeded!
^C
^C
^C
Connection to 10.121.129.100 10085 port [tcp/*] succeeded!
user45020@fcdgx00041:/lustre/tools/AdminTools/sbin$
user45020@fcdgx00041:/lustre/tools/AdminTools/sbin$
user45020@fcdgx00041:/lustre/tools/AdminTools/sbin$ nc -zv 10.121.128.101 10080
nc -zv 10.121.128.101 10081
nc -zv 10.121.128.101 10082
nc -zv 10.121.128.101 10083
nc -zv 10.121.128.101 10084
nc -zv 10.121.128.101 10085


^C
^C
^C
^C
^C
Connection to 10.121.128.101 10085 port [tcp/*] succeeded!
user45020@fcdgx00041:/lustre/tools/AdminTools/sbin$
user45020@fcdgx00041:/lustre/tools/AdminTools/sbin$
user45020@fcdgx00041:/lustre/tools/AdminTools/sbin$
user45020@fcdgx00041:/lustre/tools/AdminTools/sbin$ nc -zv 10.121.132.101 10080
nc -zv 10.121.132.101 10081
nc -zv 10.121.132.101 10082
nc -zv 10.121.132.101 10083
nc -zv 10.121.132.101 10084
nc -zv 10.121.132.101 10085


^C
^C
^C
^C
^C
Connection to 10.121.132.101 10085 port [tcp/*] succeeded!
