user45006@srpv01504:/$ nc -zv 10.121.129.100 10080
Connection to 10.121.129.100 10080 port [tcp/amanda] succeeded!
user45006@srpv01504:/$ nc -zv 10.121.129.100 10081
Connection to 10.121.129.100 10081 port [tcp/kamanda] succeeded!
user45006@srpv01504:/$ nc -zv 10.121.129.100 10082
^C
user45006@srpv01504:/$ nc -zv 10.121.129.100 10083
^C
user45006@srpv01504:/$ nc -zv 10.121.129.100 10084
^C
user45006@srpv01504:/$ nc -zv 10.121.129.100 10085
Connection to 10.121.129.100 10085 port [tcp/*] succeeded!
user45006@srpv01504:/$
user45006@srpv01504:/$
user45006@srpv01504:/$ nc -zv 10.121.128.101 10080
^C
user45006@srpv01504:/$ nc -zv 10.121.128.101 10081
^C
user45006@srpv01504:/$
user45006@srpv01504:/$
user45006@srpv01504:/$ nc -zv 10.121.132.101 10080
^C
user45006@srpv01504:/$ nc -zv 10.121.128.101 10082
^C
user45006@srpv01504:/$ nc -zv 10.121.128.101 10083
^C
user45006@srpv01504:/$ nc -zv 10.121.128.101 10084
^C
user45006@srpv01504:/$ nc -zv 10.121.128.101 10085
Connection to 10.121.128.101 10085 port [tcp/*] succeeded!
user45006@srpv01504:/$
user45006@srpv01504:/$
user45006@srpv01504:/$ nc -zv 10.121.132.101 10080
^C
user45006@srpv01504:/$ nc -zv 10.121.132.101 10081
^C
user45006@srpv01504:/$ nc -zv 10.121.132.101 10082
^C
user45006@srpv01504:/$ nc -zv 10.121.132.101 10083
^C
user45006@srpv01504:/$ nc -zv 10.121.132.101 10084
^C
user45006@srpv01504:/$ nc -zv 10.121.132.101 10085
Connection to 10.121.132.101 10085 port [tcp/*] succeeded!


ーーーーーーーーー
user45006@srpv01505:/$ nc -zv 10.121.129.100 10080
Connection to 10.121.129.100 10080 port [tcp/amanda] succeeded!
user45006@srpv01505:/$ nc -zv 10.121.129.100 10081
Connection to 10.121.129.100 10081 port [tcp/kamanda] succeeded!
user45006@srpv01505:/$ nc -zv 10.121.129.100 10082
^C
user45006@srpv01505:/$ nc -zv 10.121.129.100 10083
^C
user45006@srpv01505:/$ nc -zv 10.121.129.100 10084
^C
user45006@srpv01505:/$ nc -zv 10.121.129.100 10085
Connection to 10.121.129.100 10085 port [tcp/*] succeeded!
user45006@srpv01505:/$
user45006@srpv01505:/$
user45006@srpv01505:/$ nc -zv 10.121.128.101 10080
^C
user45006@srpv01505:/$ nc -zv 10.121.128.101 10081
^C
user45006@srpv01505:/$ nc -zv 10.121.128.101 10082
^C
user45006@srpv01505:/$ nc -zv 10.121.128.101 10083
^C
user45006@srpv01505:/$ nc -zv 10.121.128.101 10084
^C
user45006@srpv01505:/$ nc -zv 10.121.128.101 10085
Connection to 10.121.128.101 10085 port [tcp/*] succeeded!
user45006@srpv01505:/$
user45006@srpv01505:/$
user45006@srpv01505:/$ nc -zv 10.121.132.101 10080
^C
user45006@srpv01505:/$ nc -zv 10.121.132.101 10081
^C
user45006@srpv01505:/$ nc -zv 10.121.132.101 10081
^C
user45006@srpv01505:/$ nc -zv 10.121.132.101 10082
^C
user45006@srpv01505:/$ nc -zv 10.121.132.101 10083
^C
user45006@srpv01505:/$ nc -zv 10.121.132.101 10084
^C
user45006@srpv01505:/$ nc -zv 10.121.132.101 10085
Connection to 10.121.132.101 10085 port [tcp/*] succeeded!

------
user45020@srpv01504:~$ df
Filesystem                                      1K-blocks        Used    Available Use% Mounted on
tmpfs                                             8185856        1240      8184616   1% /run
/dev/sda2                                       104700980    12995160     91705820  13% /
tmpfs                                             8185856          44      8185812   1% /dev/shm
tmpfs                                                5120           0         5120   0% /run/lock
/dev/sda1                                          102156           0       102156   0% /boot/efi
10.120.112.86:/sbint-share                    10737418240  1285838336   9451579904  12% /store/.sysonly_okeFBsTh
srhome-fs1.cm.cluster:/ifs/nfs/home/group045 183897490432 26986285568 148982710272  16% /home
10.120.112.82:/lustre/tenant045              107374182400   166448128 107207734272   1% /lustre
srhome-fs1.cm.cluster:/ifs/nfs/cm_shared     183897490432 26986285568 148982710272  16% /cm/shared
srhome-fs1.cm.cluster:/ifs/nfs/infragroup    183897490432 26986285568 148982710272  16% /infragroup
tmpfs                                             1637168           4      1637164   1% /run/user/14399
tmpfs                                             1637168           4      1637164   1% /run/user/1351


user45020@srpv01504:~$ ls -l /home
total 672
drwxr-x--- 3 user45000 group045 102 Nov 13 16:06 user45000
drwxr-x--- 5 user45001 group045 179 Nov 18 15:22 user45001
drwxr-x--- 3 user45002 group045 102 Nov 13 16:06 user45002
drwxr-x--- 3 user45003 group045 102 Nov 13 16:06 user45003
drwxr-x--- 3 user45004 group045 102 Nov 13 16:06 user45004
drwxr-x--- 5 user45005 group045 179 Nov 18 14:55 user45005
drwxr-x--- 3 user45006 group045 102 Nov 13 16:06 user45006
drwxr-x--- 3 user45007 group045 102 Nov 13 16:06 user45007
drwxr-x--- 3 user45008 group045 102 Nov 13 16:06 user45008
drwxr-x--- 3 user45009 group045 102 Nov 13 16:06 user45009
drwxr-x--- 3 user45010 group045 102 Nov 13 16:06 user45010
drwxr-x--- 3 user45011 group045 102 Nov 13 16:06 user45011
drwxr-x--- 3 user45012 group045 102 Nov 13 16:06 user45012
drwxr-x--- 3 user45013 group045 102 Nov 13 16:06 user45013
drwxr-x--- 3 user45014 group045 102 Nov 13 16:06 user45014
drwxr-x--- 3 user45015 group045 102 Nov 13 16:06 user45015
drwxr-x--- 3 user45016 group045 102 Nov 13 16:06 user45016
drwxr-x--- 3 user45017 group045 102 Nov 13 16:06 user45017
drwxr-x--- 3 user45018 group045 102 Nov 13 16:06 user45018
drwxr-x--- 3 user45019 group045 102 Nov 13 16:06 user45019
drwxr-x--- 6 user45020 group045 255 Nov 18 18:33 user45020


user45020@srpv01504:~$ ls -l /home/user45020
total 32
drwxrwx--- 2 user45020 group045 27 Nov 18 18:00 backup

user45020@srpv01504:/lustre/tools/AdminTools/config$ cat run_worker_conf.py
#!/usr/bin/env python3
###----------------------------------------------------------------###
### シングルRayHead （冗長化未対応）
### 移行作業用設定
### メトリクス送信用 NLB を使用
### JSON 情報取得用の NLB のURL
###----------------------------------------------------------------###
#PROD_SBKK_RELAY01  = 'http://10.121.129.100:10085/get_info'
#PROD_SBKK_RELAY02  = 'http://10.121.129.100:10085/get_info'
#PROD_B2B_RELAY01 = 'http://10.121.129.100:10085/get_info'
#PROD_B2B_RELAY02 = 'http://10.121.129.100:10085/get_info'

###----------------------------------------------------------------###
### マルチテナント & 冗長化対応
### JSON 情報取得用の NLB のURL
###----------------------------------------------------------------###
#PROD_SBKK_RELAY01  = 'http://10.121.128.101:10085/get_info'
#PROD_SBKK_RELAY02  = 'http://10.121.132.101:10085/get_info'

PROD_B2B_RELAY01 = 'http://10.121.128.101:10085/get_info'
PROD_B2B_RELAY02 = 'http://10.121.132.101:10085/get_info'

###----------------------------------------------------------------###
DIVISION_INFO = [
    {'Node': 'srdgx00009', 'URL': PROD_B2B_RELAY01 },
    {'Node': 'srdgx00010', 'URL': PROD_B2B_RELAY02 },
    {'Node': 'srdgx00011', 'URL': PROD_B2B_RELAY01 },
    {'Node': 'srdgx00012', 'URL': PROD_B2B_RELAY02 },
    {'Node': 'srdgx00013', 'URL': PROD_B2B_RELAY01 },
    {'Node': 'srdgx00014', 'URL': PROD_B2B_RELAY02 },
    {'Node': 'srdgx00015', 'URL': PROD_B2B_RELAY01 },
    {'Node': 'srdgx00016', 'URL': PROD_B2B_RELAY02 },
    {'Node': 'srdgx00017', 'URL': PROD_B2B_RELAY01 },
    {'Node': 'srdgx00018', 'URL': PROD_B2B_RELAY02 },
    {'Node': 'srdgx00019', 'URL': PROD_B2B_RELAY01 },
    {'Node': 'srdgx00020', 'URL': PROD_B2B_RELAY02 },
    {'Node': 'srdgx00021', 'URL': PROD_B2B_RELAY01 },
    {'Node': 'srdgx00022', 'URL': PROD_B2B_RELAY02 },
    {'Node': 'srdgx00023', 'URL': PROD_B2B_RELAY01 },
    {'Node': 'srdgx00024', 'URL': PROD_B2B_RELAY02 },
    {'Node': 'srdgx00025', 'URL': PROD_B2B_RELAY01 },
    {'Node': 'srdgx00026', 'URL': PROD_B2B_RELAY02 },
    {'Node': 'srdgx00027', 'URL': PROD_B2B_RELAY01 },
    {'Node': 'srdgx00028', 'URL': PROD_B2B_RELAY02 },
    {'Node': 'srdgx00029', 'URL': PROD_B2B_RELAY01 },
    {'Node': 'srdgx00030', 'URL': PROD_B2B_RELAY02 },
    {'Node': 'srdgx00031', 'URL': PROD_B2B_RELAY01 },
    {'Node': 'srdgx00032', 'URL': PROD_B2B_RELAY02 },
]

###----------------------------------------------------------------###
### << End >>
###----------------------------------------------------------------###


user45020@srpv01504:/cm/shared/apps/slurm/var/cm/statesave/slurm$ ls -l
total 3880
-rw-------  1 slurm slurm   97893 Nov 19 13:07 assoc_mgr_state
-rw-------  1 slurm slurm   97893 Nov 19 13:02 assoc_mgr_state.old
-rw-------  1 slurm slurm   11109 Nov 19 13:07 assoc_usage
-rw-------  1 slurm slurm   11109 Nov 19 13:02 assoc_usage.old
-rw-r--r--  1 slurm slurm       5 Jul 19  2024 clustername
-rw-------  1 slurm slurm       0 Nov 18 10:37 dbd.messages
-rw-------  1 slurm slurm      19 Nov 19 13:07 fed_mgr_state
-rw-------  1 slurm slurm      19 Nov 19 13:02 fed_mgr_state.old
drwx------  9 slurm slurm     203 Nov 19 13:00 hash.0
drwx------ 15 slurm slurm     377 Nov 19 13:02 hash.1
drwx------ 15 slurm slurm     377 Nov 19 13:04 hash.2
drwx------ 12 slurm slurm     290 Nov 19 13:04 hash.3
drwx------ 11 slurm slurm     261 Nov 19 12:59 hash.4
drwx------ 12 slurm slurm     290 Nov 19 13:08 hash.5
drwx------ 13 slurm slurm     319 Nov 19 13:08 hash.6
drwx------ 13 slurm slurm     319 Nov 19 13:06 hash.7
drwx------ 12 slurm slurm     290 Nov 19 13:06 hash.8
drwx------ 12 slurm slurm     290 Nov 19 12:59 hash.9
-rw-------  1 slurm slurm      16 Nov 19 13:11 heartbeat
-rw-------  1 slurm slurm 1164780 Nov 19 13:09 job_state
-rw-------  1 slurm slurm 1164854 Nov 19 13:09 job_state.old
-rw-------  1 slurm slurm      42 Nov 18 10:37 last_config_lite
-rw-------  1 slurm slurm      42 Oct 21 09:03 last_config_lite.old
-rw-------  1 slurm slurm     407 Nov 19 13:07 last_tres
-rw-------  1 slurm slurm     407 Nov 19 13:02 last_tres.old
-rw-------  1 slurm slurm  148499 Nov 19 13:09 node_state
-rw-------  1 slurm slurm  148499 Nov 19 13:09 node_state.old
-rw-------  1 slurm slurm    1170 Nov 19 13:07 part_state
-rw-------  1 slurm slurm    1170 Nov 19 13:02 part_state.old
-rw-------  1 slurm slurm      16 Nov 19 13:07 priority_last_decay_ran
-rw-------  1 slurm slurm      16 Nov 19 13:02 priority_last_decay_ran.old
-rw-------  1 slurm slurm      44 Nov 19 13:07 qos_usage
-rw-------  1 slurm slurm      44 Nov 19 13:02 qos_usage.old
-rw-------  1 slurm slurm      35 Nov 19 13:07 resv_state
-rw-------  1 slurm slurm      35 Nov 19 13:02 resv_state.old
-rw-------  1 slurm slurm      31 Nov 19 13:07 trigger_state
-rw-------  1 slurm slurm      31 Nov 19 13:02 trigger_state.old


user45020@srpv01504:/cm/shared/apps/slurm/var/cm/statesave/slurm$ strace  srun -p 045-partition -w srdgx00009 uname -a
execve("/cm/shared/apps/slurm/current/bin/srun", ["srun", "-p", "045-partition", "-w", "srdgx00009", "uname", "-a"], 0x7ffc9fd31980 /* 61 vars */) = 0
brk(NULL)                               = 0x55577819d000
arch_prctl(0x3001 /* ARCH_??? */, 0x7ffd07d2c370) = -1 EINVAL (Invalid argument)
mmap(NULL, 8192, PROT_READ|PROT_WRITE, MAP_PRIVATE|MAP_ANONYMOUS, -1, 0) = 0x145afe4c2000
access("/etc/ld.so.preload", R_OK)      = -1 ENOENT (No such file or directory)
openat(AT_FDCWD, "/usr/mpi/gcc/openmpi-4.1.7a1/lib/glibc-hwcaps/x86-64-v4/liblz4.so.1", O_RDONLY|O_CLOEXEC) = -1 ENOENT (No such file or directory)
newfstatat(AT_FDCWD, "/usr/mpi/gcc/openmpi-4.1.7a1/lib/glibc-hwcaps/x86-64-v4", 0x7ffd07d2b590, 0) = -1 ENOENT (No such file or directory)
openat(AT_FDCWD, "/usr/mpi/gcc/openmpi-4.1.7a1/lib/glibc-hwcaps/x86-64-v3/liblz4.so.1", O_RDONLY|O_CLOEXEC) = -1 ENOENT (No such file or directory)
newfstatat(AT_FDCWD, "/usr/mpi/gcc/openmpi-4.1.7a1/lib/glibc-hwcaps/x86-64-v3", 0x7ffd07d2b590, 0) = -1 ENOENT (No such file or directory)
openat(AT_FDCWD, "/usr/mpi/gcc/openmpi-4.1.7a1/lib/glibc-hwcaps/x86-64-v2/liblz4.so.1", O_RDONLY|O_CLOEXEC) = -1 ENOENT (No such file or directory)
newfstatat(AT_FDCWD, "/usr/mpi/gcc/openmpi-4.1.7a1/lib/glibc-hwcaps/x86-64-v2", 0x7ffd07d2b590, 0) = -1 ENOENT (No such file or directory)
openat(AT_FDCWD, "/usr/mpi/gcc/openmpi-4.1.7a1/lib/tls/haswell/avx512_1/x86_64/liblz4.so.1", O_RDONLY|O_CLOEXEC) = -1 ENOENT (No such file or directory)
newfstatat(AT_FDCWD, "/usr/mpi/gcc/openmpi-4.1.7a1/lib/tls/haswell/avx512_1/x86_64", 0x7ffd07d2b590, 0) = -1 ENOENT (No such file or directory)
openat(AT_FDCWD, "/usr/mpi/gcc/openmpi-4.1.7a1/lib/tls/haswell/avx512_1/liblz4.so.1", O_RDONLY|O_CLOEXEC) = -1 ENOENT (No such file or directory)
newfstatat(AT_FDCWD, "/usr/mpi/gcc/openmpi-4.1.7a1/lib/tls/haswell/avx512_1", 0x7ffd07d2b590, 0) = -1 ENOENT (No such file or directory)
openat(AT_FDCWD, "/usr/mpi/gcc/openmpi-4.1.7a1/lib/tls/haswell/x86_64/liblz4.so.1", O_RDONLY|O_CLOEXEC) = -1 ENOENT (No such file or directory)
newfstatat(AT_FDCWD, "/usr/mpi/gcc/openmpi-4.1.7a1/lib/tls/haswell/x86_64", 0x7ffd07d2b590, 0) = -1 ENOENT (No such file or directory)
openat(AT_FDCWD, "/usr/mpi/gcc/openmpi-4.1.7a1/lib/tls/haswell/liblz4.so.1", O_RDONLY|O_CLOEXEC) = -1 ENOENT (No such file or directory)
newfstatat(AT_FDCWD, "/usr/mpi/gcc/openmpi-4.1.7a1/lib/tls/haswell", 0x7ffd07d2b590, 0) = -1 ENOENT (No such file or directory)
openat(AT_FDCWD, "/usr/mpi/gcc/openmpi-4.1.7a1/lib/tls/avx512_1/x86_64/liblz4.so.1", O_RDONLY|O_CLOEXEC) = -1 ENOENT (No such file or directory)
newfstatat(AT_FDCWD, "/usr/mpi/gcc/openmpi-4.1.7a1/lib/tls/avx512_1/x86_64", 0x7ffd07d2b590, 0) = -1 ENOENT (No such file or directory)
openat(AT_FDCWD, "/usr/mpi/gcc/openmpi-4.1.7a1/lib/tls/avx512_1/liblz4.so.1", O_RDONLY|O_CLOEXEC) = -1 ENOENT (No such file or directory)
newfstatat(AT_FDCWD, "/usr/mpi/gcc/openmpi-4.1.7a1/lib/tls/avx512_1", 0x7ffd07d2b590, 0) = -1 ENOENT (No such file or directory)
openat(AT_FDCWD, "/usr/mpi/gcc/openmpi-4.1.7a1/lib/tls/x86_64/liblz4.so.1", O_RDONLY|O_CLOEXEC) = -1 ENOENT (No such file or directory)
newfstatat(AT_FDCWD, "/usr/mpi/gcc/openmpi-4.1.7a1/lib/tls/x86_64", 0x7ffd07d2b590, 0) = -1 ENOENT (No such file or directory)
openat(AT_FDCWD, "/usr/mpi/gcc/openmpi-4.1.7a1/lib/tls/liblz4.so.1", O_RDONLY|O_CLOEXEC) = -1 ENOENT (No such file or directory)
newfstatat(AT_FDCWD, "/usr/mpi/gcc/openmpi-4.1.7a1/lib/tls", 0x7ffd07d2b590, 0) = -1 ENOENT (No such file or directory)
openat(AT_FDCWD, "/usr/mpi/gcc/openmpi-4.1.7a1/lib/haswell/avx512_1/x86_64/liblz4.so.1", O_RDONLY|O_CLOEXEC) = -1 ENOENT (No such file or directory)
newfstatat(AT_FDCWD, "/usr/mpi/gcc/openmpi-4.1.7a1/lib/haswell/avx512_1/x86_64", 0x7ffd07d2b590, 0) = -1 ENOENT (No such file or directory)
openat(AT_FDCWD, "/usr/mpi/gcc/openmpi-4.1.7a1/lib/haswell/avx512_1/liblz4.so.1", O_RDONLY|O_CLOEXEC) = -1 ENOENT (No such file or directory)
newfstatat(AT_FDCWD, "/usr/mpi/gcc/openmpi-4.1.7a1/lib/haswell/avx512_1", 0x7ffd07d2b590, 0) = -1 ENOENT (No such file or directory)
openat(AT_FDCWD, "/usr/mpi/gcc/openmpi-4.1.7a1/lib/haswell/x86_64/liblz4.so.1", O_RDONLY|O_CLOEXEC) = -1 ENOENT (No such file or directory)
newfstatat(AT_FDCWD, "/usr/mpi/gcc/openmpi-4.1.7a1/lib/haswell/x86_64", 0x7ffd07d2b590, 0) = -1 ENOENT (No such file or directory)
openat(AT_FDCWD, "/usr/mpi/gcc/openmpi-4.1.7a1/lib/haswell/liblz4.so.1", O_RDONLY|O_CLOEXEC) = -1 ENOENT (No such file or directory)
newfstatat(AT_FDCWD, "/usr/mpi/gcc/openmpi-4.1.7a1/lib/haswell", 0x7ffd07d2b590, 0) = -1 ENOENT (No such file or directory)
openat(AT_FDCWD, "/usr/mpi/gcc/openmpi-4.1.7a1/lib/avx512_1/x86_64/liblz4.so.1", O_RDONLY|O_CLOEXEC) = -1 ENOENT (No such file or directory)
newfstatat(AT_FDCWD, "/usr/mpi/gcc/openmpi-4.1.7a1/lib/avx512_1/x86_64", 0x7ffd07d2b590, 0) = -1 ENOENT (No such file or directory)
openat(AT_FDCWD, "/usr/mpi/gcc/openmpi-4.1.7a1/lib/avx512_1/liblz4.so.1", O_RDONLY|O_CLOEXEC) = -1 ENOENT (No such file or directory)
newfstatat(AT_FDCWD, "/usr/mpi/gcc/openmpi-4.1.7a1/lib/avx512_1", 0x7ffd07d2b590, 0) = -1 ENOENT (No such file or directory)
openat(AT_FDCWD, "/usr/mpi/gcc/openmpi-4.1.7a1/lib/x86_64/liblz4.so.1", O_RDONLY|O_CLOEXEC) = -1 ENOENT (No such file or directory)
newfstatat(AT_FDCWD, "/usr/mpi/gcc/openmpi-4.1.7a1/lib/x86_64", 0x7ffd07d2b590, 0) = -1 ENOENT (No such file or directory)
openat(AT_FDCWD, "/usr/mpi/gcc/openmpi-4.1.7a1/lib/liblz4.so.1", O_RDONLY|O_CLOEXEC) = -1 ENOENT (No such file or directory)
newfstatat(AT_FDCWD, "/usr/mpi/gcc/openmpi-4.1.7a1/lib", {st_mode=S_IFDIR|0755, st_size=4096, ...}, 0) = 0
openat(AT_FDCWD, "/cm/shared/apps/slurm/current/lib64/slurm/glibc-hwcaps/x86-64-v4/liblz4.so.1", O_RDONLY|O_CLOEXEC) = -1 ENOENT (No such file or directory)
newfstatat(AT_FDCWD, "/cm/shared/apps/slurm/current/lib64/slurm/glibc-hwcaps/x86-64-v4", 0x7ffd07d2b590, 0) = -1 ENOENT (No such file or directory)
openat(AT_FDCWD, "/cm/shared/apps/slurm/current/lib64/slurm/glibc-hwcaps/x86-64-v3/liblz4.so.1", O_RDONLY|O_CLOEXEC) = -1 ENOENT (No such file or directory)
newfstatat(AT_FDCWD, "/cm/shared/apps/slurm/current/lib64/slurm/glibc-hwcaps/x86-64-v3", 0x7ffd07d2b590, 0) = -1 ENOENT (No such file or directory)
openat(AT_FDCWD, "/cm/shared/apps/slurm/current/lib64/slurm/glibc-hwcaps/x86-64-v2/liblz4.so.1", O_RDONLY|O_CLOEXEC) = -1 ENOENT (No such file or directory)
newfstatat(AT_FDCWD, "/cm/shared/apps/slurm/current/lib64/slurm/glibc-hwcaps/x86-64-v2", 0x7ffd07d2b590, 0) = -1 ENOENT (No such file or directory)
openat(AT_FDCWD, "/cm/shared/apps/slurm/current/lib64/slurm/tls/haswell/avx512_1/x86_64/liblz4.so.1", O_RDONLY|O_CLOEXEC) = -1 ENOENT (No such file or directory)
newfstatat(AT_FDCWD, "/cm/shared/apps/slurm/current/lib64/slurm/tls/haswell/avx512_1/x86_64", 0x7ffd07d2b590, 0) = -1 ENOENT (No such file or directory)
openat(AT_FDCWD, "/cm/shared/apps/slurm/current/lib64/slurm/tls/haswell/avx512_1/liblz4.so.1", O_RDONLY|O_CLOEXEC) = -1 ENOENT (No such file or directory)
newfstatat(AT_FDCWD, "/cm/shared/apps/slurm/current/lib64/slurm/tls/haswell/avx512_1", 0x7ffd07d2b590, 0) = -1 ENOENT (No such file or directory)
openat(AT_FDCWD, "/cm/shared/apps/slurm/current/lib64/slurm/tls/haswell/x86_64/liblz4.so.1", O_RDONLY|O_CLOEXEC) = -1 ENOENT (No such file or directory)
newfstatat(AT_FDCWD, "/cm/shared/apps/slurm/current/lib64/slurm/tls/haswell/x86_64", 0x7ffd07d2b590, 0) = -1 ENOENT (No such file or directory)
openat(AT_FDCWD, "/cm/shared/apps/slurm/current/lib64/slurm/tls/haswell/liblz4.so.1", O_RDONLY|O_CLOEXEC) = -1 ENOENT (No such file or directory)
newfstatat(AT_FDCWD, "/cm/shared/apps/slurm/current/lib64/slurm/tls/haswell", 0x7ffd07d2b590, 0) = -1 ENOENT (No such file or directory)
openat(AT_FDCWD, "/cm/shared/apps/slurm/current/lib64/slurm/tls/avx512_1/x86_64/liblz4.so.1", O_RDONLY|O_CLOEXEC) = -1 ENOENT (No such file or directory)
newfstatat(AT_FDCWD, "/cm/shared/apps/slurm/current/lib64/slurm/tls/avx512_1/x86_64", 0x7ffd07d2b590, 0) = -1 ENOENT (No such file or directory)
openat(AT_FDCWD, "/cm/shared/apps/slurm/current/lib64/slurm/tls/avx512_1/liblz4.so.1", O_RDONLY|O_CLOEXEC) = -1 ENOENT (No such file or directory)
newfstatat(AT_FDCWD, "/cm/shared/apps/slurm/current/lib64/slurm/tls/avx512_1", 0x7ffd07d2b590, 0) = -1 ENOENT (No such file or directory)
openat(AT_FDCWD, "/cm/shared/apps/slurm/current/lib64/slurm/tls/x86_64/liblz4.so.1", O_RDONLY|O_CLOEXEC) = -1 ENOENT (No such file or directory)
newfstatat(AT_FDCWD, "/cm/shared/apps/slurm/current/lib64/slurm/tls/x86_64", 0x7ffd07d2b590, 0) = -1 ENOENT (No such file or directory)
openat(AT_FDCWD, "/cm/shared/apps/slurm/current/lib64/slurm/tls/liblz4.so.1", O_RDONLY|O_CLOEXEC) = -1 ENOENT (No such file or directory)
newfstatat(AT_FDCWD, "/cm/shared/apps/slurm/current/lib64/slurm/tls", 0x7ffd07d2b590, 0) = -1 ENOENT (No such file or directory)
openat(AT_FDCWD, "/cm/shared/apps/slurm/current/lib64/slurm/haswell/avx512_1/x86_64/liblz4.so.1", O_RDONLY|O_CLOEXEC) = -1 ENOENT (No such file or directory)
newfstatat(AT_FDCWD, "/cm/shared/apps/slurm/current/lib64/slurm/haswell/avx512_1/x86_64", 0x7ffd07d2b590, 0) = -1 ENOENT (No such file or directory)
openat(AT_FDCWD, "/cm/shared/apps/slurm/current/lib64/slurm/haswell/avx512_1/liblz4.so.1", O_RDONLY|O_CLOEXEC) = -1 ENOENT (No such file or directory)
newfstatat(AT_FDCWD, "/cm/shared/apps/slurm/current/lib64/slurm/haswell/avx512_1", 0x7ffd07d2b590, 0) = -1 ENOENT (No such file or directory)
openat(AT_FDCWD, "/cm/shared/apps/slurm/current/lib64/slurm/haswell/x86_64/liblz4.so.1", O_RDONLY|O_CLOEXEC) = -1 ENOENT (No such file or directory)
newfstatat(AT_FDCWD, "/cm/shared/apps/slurm/current/lib64/slurm/haswell/x86_64", 0x7ffd07d2b590, 0) = -1 ENOENT (No such file or directory)
openat(AT_FDCWD, "/cm/shared/apps/slurm/current/lib64/slurm/haswell/liblz4.so.1", O_RDONLY|O_CLOEXEC) = -1 ENOENT (No such file or directory)
newfstatat(AT_FDCWD, "/cm/shared/apps/slurm/current/lib64/slurm/haswell", 0x7ffd07d2b590, 0) = -1 ENOENT (No such file or directory)
openat(AT_FDCWD, "/cm/shared/apps/slurm/current/lib64/slurm/avx512_1/x86_64/liblz4.so.1", O_RDONLY|O_CLOEXEC) = -1 ENOENT (No such file or directory)
newfstatat(AT_FDCWD, "/cm/shared/apps/slurm/current/lib64/slurm/avx512_1/x86_64", 0x7ffd07d2b590, 0) = -1 ENOENT (No such file or directory)
openat(AT_FDCWD, "/cm/shared/apps/slurm/current/lib64/slurm/avx512_1/liblz4.so.1", O_RDONLY|O_CLOEXEC) = -1 ENOENT (No such file or directory)
newfstatat(AT_FDCWD, "/cm/shared/apps/slurm/current/lib64/slurm/avx512_1", 0x7ffd07d2b590, 0) = -1 ENOENT (No such file or directory)
openat(AT_FDCWD, "/cm/shared/apps/slurm/current/lib64/slurm/x86_64/liblz4.so.1", O_RDONLY|O_CLOEXEC) = -1 ENOENT (No such file or directory)
newfstatat(AT_FDCWD, "/cm/shared/apps/slurm/current/lib64/slurm/x86_64", 0x7ffd07d2b590, 0) = -1 ENOENT (No such file or directory)
openat(AT_FDCWD, "/cm/shared/apps/slurm/current/lib64/slurm/liblz4.so.1", O_RDONLY|O_CLOEXEC) = -1 ENOENT (No such file or directory)
newfstatat(AT_FDCWD, "/cm/shared/apps/slurm/current/lib64/slurm", {st_mode=S_IFDIR|0755, st_size=12938, ...}, 0) = 0
openat(AT_FDCWD, "/cm/shared/apps/slurm/current/lib64/glibc-hwcaps/x86-64-v4/liblz4.so.1", O_RDONLY|O_CLOEXEC) = -1 ENOENT (No such file or directory)
newfstatat(AT_FDCWD, "/cm/shared/apps/slurm/current/lib64/glibc-hwcaps/x86-64-v4", 0x7ffd07d2b590, 0) = -1 ENOENT (No such file or directory)
openat(AT_FDCWD, "/cm/shared/apps/slurm/current/lib64/glibc-hwcaps/x86-64-v3/liblz4.so.1", O_RDONLY|O_CLOEXEC) = -1 ENOENT (No such file or directory)
newfstatat(AT_FDCWD, "/cm/shared/apps/slurm/current/lib64/glibc-hwcaps/x86-64-v3", 0x7ffd07d2b590, 0) = -1 ENOENT (No such file or directory)
openat(AT_FDCWD, "/cm/shared/apps/slurm/current/lib64/glibc-hwcaps/x86-64-v2/liblz4.so.1", O_RDONLY|O_CLOEXEC) = -1 ENOENT (No such file or directory)
newfstatat(AT_FDCWD, "/cm/shared/apps/slurm/current/lib64/glibc-hwcaps/x86-64-v2", 0x7ffd07d2b590, 0) = -1 ENOENT (No such file or directory)
openat(AT_FDCWD, "/cm/shared/apps/slurm/current/lib64/tls/haswell/avx512_1/x86_64/liblz4.so.1", O_RDONLY|O_CLOEXEC) = -1 ENOENT (No such file or directory)
newfstatat(AT_FDCWD, "/cm/shared/apps/slurm/current/lib64/tls/haswell/avx512_1/x86_64", 0x7ffd07d2b590, 0) = -1 ENOENT (No such file or directory)
openat(AT_FDCWD, "/cm/shared/apps/slurm/current/lib64/tls/haswell/avx512_1/liblz4.so.1", O_RDONLY|O_CLOEXEC) = -1 ENOENT (No such file or directory)
newfstatat(AT_FDCWD, "/cm/shared/apps/slurm/current/lib64/tls/haswell/avx512_1", 0x7ffd07d2b590, 0) = -1 ENOENT (No such file or directory)
openat(AT_FDCWD, "/cm/shared/apps/slurm/current/lib64/tls/haswell/x86_64/liblz4.so.1", O_RDONLY|O_CLOEXEC) = -1 ENOENT (No such file or directory)
newfstatat(AT_FDCWD, "/cm/shared/apps/slurm/current/lib64/tls/haswell/x86_64", 0x7ffd07d2b590, 0) = -1 ENOENT (No such file or directory)
openat(AT_FDCWD, "/cm/shared/apps/slurm/current/lib64/tls/haswell/liblz4.so.1", O_RDONLY|O_CLOEXEC) = -1 ENOENT (No such file or directory)
newfstatat(AT_FDCWD, "/cm/shared/apps/slurm/current/lib64/tls/haswell", 0x7ffd07d2b590, 0) = -1 ENOENT (No such file or directory)
openat(AT_FDCWD, "/cm/shared/apps/slurm/current/lib64/tls/avx512_1/x86_64/liblz4.so.1", O_RDONLY|O_CLOEXEC) = -1 ENOENT (No such file or directory)
newfstatat(AT_FDCWD, "/cm/shared/apps/slurm/current/lib64/tls/avx512_1/x86_64", 0x7ffd07d2b590, 0) = -1 ENOENT (No such file or directory)
openat(AT_FDCWD, "/cm/shared/apps/slurm/current/lib64/tls/avx512_1/liblz4.so.1", O_RDONLY|O_CLOEXEC) = -1 ENOENT (No such file or directory)
newfstatat(AT_FDCWD, "/cm/shared/apps/slurm/current/lib64/tls/avx512_1", 0x7ffd07d2b590, 0) = -1 ENOENT (No such file or directory)
openat(AT_FDCWD, "/cm/shared/apps/slurm/current/lib64/tls/x86_64/liblz4.so.1", O_RDONLY|O_CLOEXEC) = -1 ENOENT (No such file or directory)
newfstatat(AT_FDCWD, "/cm/shared/apps/slurm/current/lib64/tls/x86_64", 0x7ffd07d2b590, 0) = -1 ENOENT (No such file or directory)
openat(AT_FDCWD, "/cm/shared/apps/slurm/current/lib64/tls/liblz4.so.1", O_RDONLY|O_CLOEXEC) = -1 ENOENT (No such file or directory)
newfstatat(AT_FDCWD, "/cm/shared/apps/slurm/current/lib64/tls", 0x7ffd07d2b590, 0) = -1 ENOENT (No such file or directory)
openat(AT_FDCWD, "/cm/shared/apps/slurm/current/lib64/haswell/avx512_1/x86_64/liblz4.so.1", O_RDONLY|O_CLOEXEC) = -1 ENOENT (No such file or directory)
newfstatat(AT_FDCWD, "/cm/shared/apps/slurm/current/lib64/haswell/avx512_1/x86_64", 0x7ffd07d2b590, 0) = -1 ENOENT (No such file or directory)
openat(AT_FDCWD, "/cm/shared/apps/slurm/current/lib64/haswell/avx512_1/liblz4.so.1", O_RDONLY|O_CLOEXEC) = -1 ENOENT (No such file or directory)
newfstatat(AT_FDCWD, "/cm/shared/apps/slurm/current/lib64/haswell/avx512_1", 0x7ffd07d2b590, 0) = -1 ENOENT (No such file or directory)
openat(AT_FDCWD, "/cm/shared/apps/slurm/current/lib64/haswell/x86_64/liblz4.so.1", O_RDONLY|O_CLOEXEC) = -1 ENOENT (No such file or directory)
newfstatat(AT_FDCWD, "/cm/shared/apps/slurm/current/lib64/haswell/x86_64", 0x7ffd07d2b590, 0) = -1 ENOENT (No such file or directory)
openat(AT_FDCWD, "/cm/shared/apps/slurm/current/lib64/haswell/liblz4.so.1", O_RDONLY|O_CLOEXEC) = -1 ENOENT (No such file or directory)
newfstatat(AT_FDCWD, "/cm/shared/apps/slurm/current/lib64/haswell", 0x7ffd07d2b590, 0) = -1 ENOENT (No such file or directory)
openat(AT_FDCWD, "/cm/shared/apps/slurm/current/lib64/avx512_1/x86_64/liblz4.so.1", O_RDONLY|O_CLOEXEC) = -1 ENOENT (No such file or directory)
newfstatat(AT_FDCWD, "/cm/shared/apps/slurm/current/lib64/avx512_1/x86_64", 0x7ffd07d2b590, 0) = -1 ENOENT (No such file or directory)
openat(AT_FDCWD, "/cm/shared/apps/slurm/current/lib64/avx512_1/liblz4.so.1", O_RDONLY|O_CLOEXEC) = -1 ENOENT (No such file or directory)
newfstatat(AT_FDCWD, "/cm/shared/apps/slurm/current/lib64/avx512_1", 0x7ffd07d2b590, 0) = -1 ENOENT (No such file or directory)
openat(AT_FDCWD, "/cm/shared/apps/slurm/current/lib64/x86_64/liblz4.so.1", O_RDONLY|O_CLOEXEC) = -1 ENOENT (No such file or directory)
newfstatat(AT_FDCWD, "/cm/shared/apps/slurm/current/lib64/x86_64", 0x7ffd07d2b590, 0) = -1 ENOENT (No such file or directory)
openat(AT_FDCWD, "/cm/shared/apps/slurm/current/lib64/liblz4.so.1", O_RDONLY|O_CLOEXEC) = -1 ENOENT (No such file or directory)
newfstatat(AT_FDCWD, "/cm/shared/apps/slurm/current/lib64", {st_mode=S_IFDIR|0755, st_size=566, ...}, 0) = 0
openat(AT_FDCWD, "/cm/shared/apps/slurm/23.02.7/lib64/slurm/glibc-hwcaps/x86-64-v4/liblz4.so.1", O_RDONLY|O_CLOEXEC) = -1 ENOENT (No such file or directory)
newfstatat(AT_FDCWD, "/cm/shared/apps/slurm/23.02.7/lib64/slurm/glibc-hwcaps/x86-64-v4", 0x7ffd07d2b590, 0) = -1 ENOENT (No such file or directory)
openat(AT_FDCWD, "/cm/shared/apps/slurm/23.02.7/lib64/slurm/glibc-hwcaps/x86-64-v3/liblz4.so.1", O_RDONLY|O_CLOEXEC) = -1 ENOENT (No such file or directory)
newfstatat(AT_FDCWD, "/cm/shared/apps/slurm/23.02.7/lib64/slurm/glibc-hwcaps/x86-64-v3", 0x7ffd07d2b590, 0) = -1 ENOENT (No such file or directory)
openat(AT_FDCWD, "/cm/shared/apps/slurm/23.02.7/lib64/slurm/glibc-hwcaps/x86-64-v2/liblz4.so.1", O_RDONLY|O_CLOEXEC) = -1 ENOENT (No such file or directory)
newfstatat(AT_FDCWD, "/cm/shared/apps/slurm/23.02.7/lib64/slurm/glibc-hwcaps/x86-64-v2", 0x7ffd07d2b590, 0) = -1 ENOENT (No such file or directory)
openat(AT_FDCWD, "/cm/shared/apps/slurm/23.02.7/lib64/slurm/tls/haswell/avx512_1/x86_64/liblz4.so.1", O_RDONLY|O_CLOEXEC) = -1 ENOENT (No such file or directory)
newfstatat(AT_FDCWD, "/cm/shared/apps/slurm/23.02.7/lib64/slurm/tls/haswell/avx512_1/x86_64", 0x7ffd07d2b590, 0) = -1 ENOENT (No such file or directory)
openat(AT_FDCWD, "/cm/shared/apps/slurm/23.02.7/lib64/slurm/tls/haswell/avx512_1/liblz4.so.1", O_RDONLY|O_CLOEXEC) = -1 ENOENT (No such file or directory)
newfstatat(AT_FDCWD, "/cm/shared/apps/slurm/23.02.7/lib64/slurm/tls/haswell/avx512_1", 0x7ffd07d2b590, 0) = -1 ENOENT (No such file or directory)
openat(AT_FDCWD, "/cm/shared/apps/slurm/23.02.7/lib64/slurm/tls/haswell/x86_64/liblz4.so.1", O_RDONLY|O_CLOEXEC) = -1 ENOENT (No such file or directory)
newfstatat(AT_FDCWD, "/cm/shared/apps/slurm/23.02.7/lib64/slurm/tls/haswell/x86_64", 0x7ffd07d2b590, 0) = -1 ENOENT (No such file or directory)
openat(AT_FDCWD, "/cm/shared/apps/slurm/23.02.7/lib64/slurm/tls/haswell/liblz4.so.1", O_RDONLY|O_CLOEXEC) = -1 ENOENT (No such file or directory)
newfstatat(AT_FDCWD, "/cm/shared/apps/slurm/23.02.7/lib64/slurm/tls/haswell", 0x7ffd07d2b590, 0) = -1 ENOENT (No such file or directory)
openat(AT_FDCWD, "/cm/shared/apps/slurm/23.02.7/lib64/slurm/tls/avx512_1/x86_64/liblz4.so.1", O_RDONLY|O_CLOEXEC) = -1 ENOENT (No such file or directory)
newfstatat(AT_FDCWD, "/cm/shared/apps/slurm/23.02.7/lib64/slurm/tls/avx512_1/x86_64", 0x7ffd07d2b590, 0) = -1 ENOENT (No such file or directory)
openat(AT_FDCWD, "/cm/shared/apps/slurm/23.02.7/lib64/slurm/tls/avx512_1/liblz4.so.1", O_RDONLY|O_CLOEXEC) = -1 ENOENT (No such file or directory)
newfstatat(AT_FDCWD, "/cm/shared/apps/slurm/23.02.7/lib64/slurm/tls/avx512_1", 0x7ffd07d2b590, 0) = -1 ENOENT (No such file or directory)
openat(AT_FDCWD, "/cm/shared/apps/slurm/23.02.7/lib64/slurm/tls/x86_64/liblz4.so.1", O_RDONLY|O_CLOEXEC) = -1 ENOENT (No such file or directory)
newfstatat(AT_FDCWD, "/cm/shared/apps/slurm/23.02.7/lib64/slurm/tls/x86_64", 0x7ffd07d2b590, 0) = -1 ENOENT (No such file or directory)
openat(AT_FDCWD, "/cm/shared/apps/slurm/23.02.7/lib64/slurm/tls/liblz4.so.1", O_RDONLY|O_CLOEXEC) = -1 ENOENT (No such file or directory)
newfstatat(AT_FDCWD, "/cm/shared/apps/slurm/23.02.7/lib64/slurm/tls", 0x7ffd07d2b590, 0) = -1 ENOENT (No such file or directory)
openat(AT_FDCWD, "/cm/shared/apps/slurm/23.02.7/lib64/slurm/haswell/avx512_1/x86_64/liblz4.so.1", O_RDONLY|O_CLOEXEC) = -1 ENOENT (No such file or directory)
newfstatat(AT_FDCWD, "/cm/shared/apps/slurm/23.02.7/lib64/slurm/haswell/avx512_1/x86_64", 0x7ffd07d2b590, 0) = -1 ENOENT (No such file or directory)
openat(AT_FDCWD, "/cm/shared/apps/slurm/23.02.7/lib64/slurm/haswell/avx512_1/liblz4.so.1", O_RDONLY|O_CLOEXEC) = -1 ENOENT (No such file or directory)
newfstatat(AT_FDCWD, "/cm/shared/apps/slurm/23.02.7/lib64/slurm/haswell/avx512_1", 0x7ffd07d2b590, 0) = -1 ENOENT (No such file or directory)
openat(AT_FDCWD, "/cm/shared/apps/slurm/23.02.7/lib64/slurm/haswell/x86_64/liblz4.so.1", O_RDONLY|O_CLOEXEC) = -1 ENOENT (No such file or directory)
newfstatat(AT_FDCWD, "/cm/shared/apps/slurm/23.02.7/lib64/slurm/haswell/x86_64", 0x7ffd07d2b590, 0) = -1 ENOENT (No such file or directory)
openat(AT_FDCWD, "/cm/shared/apps/slurm/23.02.7/lib64/slurm/haswell/liblz4.so.1", O_RDONLY|O_CLOEXEC) = -1 ENOENT (No such file or directory)
newfstatat(AT_FDCWD, "/cm/shared/apps/slurm/23.02.7/lib64/slurm/haswell", 0x7ffd07d2b590, 0) = -1 ENOENT (No such file or directory)
openat(AT_FDCWD, "/cm/shared/apps/slurm/23.02.7/lib64/slurm/avx512_1/x86_64/liblz4.so.1", O_RDONLY|O_CLOEXEC) = -1 ENOENT (No such file or directory)
newfstatat(AT_FDCWD, "/cm/shared/apps/slurm/23.02.7/lib64/slurm/avx512_1/x86_64", 0x7ffd07d2b590, 0) = -1 ENOENT (No such file or directory)
openat(AT_FDCWD, "/cm/shared/apps/slurm/23.02.7/lib64/slurm/avx512_1/liblz4.so.1", O_RDONLY|O_CLOEXEC) = -1 ENOENT (No such file or directory)
newfstatat(AT_FDCWD, "/cm/shared/apps/slurm/23.02.7/lib64/slurm/avx512_1", 0x7ffd07d2b590, 0) = -1 ENOENT (No such file or directory)
openat(AT_FDCWD, "/cm/shared/apps/slurm/23.02.7/lib64/slurm/x86_64/liblz4.so.1", O_RDONLY|O_CLOEXEC) = -1 ENOENT (No such file or directory)
newfstatat(AT_FDCWD, "/cm/shared/apps/slurm/23.02.7/lib64/slurm/x86_64", 0x7ffd07d2b590, 0) = -1 ENOENT (No such file or directory)
openat(AT_FDCWD, "/cm/shared/apps/slurm/23.02.7/lib64/slurm/liblz4.so.1", O_RDONLY|O_CLOEXEC) = -1 ENOENT (No such file or directory)
newfstatat(AT_FDCWD, "/cm/shared/apps/slurm/23.02.7/lib64/slurm", {st_mode=S_IFDIR|0755, st_size=12938, ...}, 0) = 0
openat(AT_FDCWD, "/etc/ld.so.cache", O_RDONLY|O_CLOEXEC) = 3
newfstatat(3, "", {st_mode=S_IFREG|0644, st_size=42659, ...}, AT_EMPTY_PATH) = 0
mmap(NULL, 42659, PROT_READ, MAP_PRIVATE, 3, 0) = 0x145afe4b7000
close(3)                                = 0
openat(AT_FDCWD, "/lib/x86_64-linux-gnu/liblz4.so.1", O_RDONLY|O_CLOEXEC) = 3
read(3, "\177ELF\2\1\1\0\0\0\0\0\0\0\0\0\3\0>\0\1\0\0\0\0\0\0\0\0\0\0\0"..., 832) = 832
newfstatat(3, "", {st_mode=S_IFREG|0644, st_size=125152, ...}, AT_EMPTY_PATH) = 0
mmap(NULL, 127072, PROT_READ, MAP_PRIVATE|MAP_DENYWRITE, 3, 0) = 0x145afe497000
mprotect(0x145afe499000, 114688, PROT_NONE) = 0
mmap(0x145afe499000, 102400, PROT_READ|PROT_EXEC, MAP_PRIVATE|MAP_FIXED|MAP_DENYWRITE, 3, 0x2000) = 0x145afe499000
mmap(0x145afe4b2000, 8192, PROT_READ, MAP_PRIVATE|MAP_FIXED|MAP_DENYWRITE, 3, 0x1b000) = 0x145afe4b2000
mmap(0x145afe4b5000, 8192, PROT_READ|PROT_WRITE, MAP_PRIVATE|MAP_FIXED|MAP_DENYWRITE, 3, 0x1d000) = 0x145afe4b5000
close(3)                                = 0
openat(AT_FDCWD, "/usr/mpi/gcc/openmpi-4.1.7a1/lib/libslurmfull.so", O_RDONLY|O_CLOEXEC) = -1 ENOENT (No such file or directory)
openat(AT_FDCWD, "/cm/shared/apps/slurm/current/lib64/slurm/libslurmfull.so", O_RDONLY|O_CLOEXEC) = 3
read(3, "\177ELF\2\1\1\0\0\0\0\0\0\0\0\0\3\0>\0\1\0\0\0\0\0\0\0\0\0\0\0"..., 832) = 832
newfstatat(3, "", {st_mode=S_IFREG|0644, st_size=8718328, ...}, AT_EMPTY_PATH) = 0
mmap(NULL, 2159336, PROT_READ, MAP_PRIVATE|MAP_DENYWRITE, 3, 0) = 0x145afe287000
mmap(0x145afe2ca000, 1384448, PROT_READ|PROT_EXEC, MAP_PRIVATE|MAP_FIXED|MAP_DENYWRITE, 3, 0x43000) = 0x145afe2ca000
mmap(0x145afe41c000, 405504, PROT_READ, MAP_PRIVATE|MAP_FIXED|MAP_DENYWRITE, 3, 0x195000) = 0x145afe41c000
mmap(0x145afe47f000, 73728, PROT_READ|PROT_WRITE, MAP_PRIVATE|MAP_FIXED|MAP_DENYWRITE, 3, 0x1f7000) = 0x145afe47f000
mmap(0x145afe491000, 21224, PROT_READ|PROT_WRITE, MAP_PRIVATE|MAP_FIXED|MAP_ANONYMOUS, -1, 0) = 0x145afe491000
close(3)                                = 0
openat(AT_FDCWD, "/usr/mpi/gcc/openmpi-4.1.7a1/lib/libc.so.6", O_RDONLY|O_CLOEXEC) = -1 ENOENT (No such file or directory)
openat(AT_FDCWD, "/cm/shared/apps/slurm/current/lib64/slurm/libc.so.6", O_RDONLY|O_CLOEXEC) = -1 ENOENT (No such file or directory)
openat(AT_FDCWD, "/cm/shared/apps/slurm/current/lib64/libc.so.6", O_RDONLY|O_CLOEXEC) = -1 ENOENT (No such file or directory)
openat(AT_FDCWD, "/cm/shared/apps/slurm/23.02.7/lib64/slurm/libc.so.6", O_RDONLY|O_CLOEXEC) = -1 ENOENT (No such file or directory)
openat(AT_FDCWD, "/lib/x86_64-linux-gnu/libc.so.6", O_RDONLY|O_CLOEXEC) = 3
read(3, "\177ELF\2\1\1\3\0\0\0\0\0\0\0\0\3\0>\0\1\0\0\0P\237\2\0\0\0\0\0"..., 832) = 832
pread64(3, "\6\0\0\0\4\0\0\0@\0\0\0\0\0\0\0@\0\0\0\0\0\0\0@\0\0\0\0\0\0\0"..., 784, 64) = 784
pread64(3, "\4\0\0\0 \0\0\0\5\0\0\0GNU\0\2\0\0\300\4\0\0\0\3\0\0\0\0\0\0\0"..., 48, 848) = 48
pread64(3, "\4\0\0\0\24\0\0\0\3\0\0\0GNU\0i8\235HZ\227\223\333\350s\360\352,\223\340."..., 68, 896) = 68
newfstatat(3, "", {st_mode=S_IFREG|0644, st_size=2216304, ...}, AT_EMPTY_PATH) = 0
pread64(3, "\6\0\0\0\4\0\0\0@\0\0\0\0\0\0\0@\0\0\0\0\0\0\0@\0\0\0\0\0\0\0"..., 784, 64) = 784
mmap(NULL, 2260560, PROT_READ, MAP_PRIVATE|MAP_DENYWRITE, 3, 0) = 0x145afe000000
mmap(0x145afe028000, 1658880, PROT_READ|PROT_EXEC, MAP_PRIVATE|MAP_FIXED|MAP_DENYWRITE, 3, 0x28000) = 0x145afe028000
mmap(0x145afe1bd000, 360448, PROT_READ, MAP_PRIVATE|MAP_FIXED|MAP_DENYWRITE, 3, 0x1bd000) = 0x145afe1bd000
mmap(0x145afe215000, 24576, PROT_READ|PROT_WRITE, MAP_PRIVATE|MAP_FIXED|MAP_DENYWRITE, 3, 0x214000) = 0x145afe215000
mmap(0x145afe21b000, 52816, PROT_READ|PROT_WRITE, MAP_PRIVATE|MAP_FIXED|MAP_ANONYMOUS, -1, 0) = 0x145afe21b000
close(3)                                = 0
openat(AT_FDCWD, "/usr/mpi/gcc/openmpi-4.1.7a1/lib/libm.so.6", O_RDONLY|O_CLOEXEC) = -1 ENOENT (No such file or directory)
openat(AT_FDCWD, "/cm/shared/apps/slurm/current/lib64/slurm/libm.so.6", O_RDONLY|O_CLOEXEC) = -1 ENOENT (No such file or directory)
openat(AT_FDCWD, "/cm/shared/apps/slurm/current/lib64/libm.so.6", O_RDONLY|O_CLOEXEC) = -1 ENOENT (No such file or directory)
openat(AT_FDCWD, "/cm/local/apps/cuda/libs/current/lib64/glibc-hwcaps/x86-64-v4/libm.so.6", O_RDONLY|O_CLOEXEC) = -1 ENOENT (No such file or directory)
newfstatat(AT_FDCWD, "/cm/local/apps/cuda/libs/current/lib64/glibc-hwcaps/x86-64-v4", 0x7ffd07d2b530, 0) = -1 ENOENT (No such file or directory)
openat(AT_FDCWD, "/cm/local/apps/cuda/libs/current/lib64/glibc-hwcaps/x86-64-v3/libm.so.6", O_RDONLY|O_CLOEXEC) = -1 ENOENT (No such file or directory)
newfstatat(AT_FDCWD, "/cm/local/apps/cuda/libs/current/lib64/glibc-hwcaps/x86-64-v3", 0x7ffd07d2b530, 0) = -1 ENOENT (No such file or directory)
openat(AT_FDCWD, "/cm/local/apps/cuda/libs/current/lib64/glibc-hwcaps/x86-64-v2/libm.so.6", O_RDONLY|O_CLOEXEC) = -1 ENOENT (No such file or directory)
newfstatat(AT_FDCWD, "/cm/local/apps/cuda/libs/current/lib64/glibc-hwcaps/x86-64-v2", 0x7ffd07d2b530, 0) = -1 ENOENT (No such file or directory)
openat(AT_FDCWD, "/cm/local/apps/cuda/libs/current/lib64/tls/haswell/avx512_1/x86_64/libm.so.6", O_RDONLY|O_CLOEXEC) = -1 ENOENT (No such file or directory)
newfstatat(AT_FDCWD, "/cm/local/apps/cuda/libs/current/lib64/tls/haswell/avx512_1/x86_64", 0x7ffd07d2b530, 0) = -1 ENOENT (No such file or directory)
openat(AT_FDCWD, "/cm/local/apps/cuda/libs/current/lib64/tls/haswell/avx512_1/libm.so.6", O_RDONLY|O_CLOEXEC) = -1 ENOENT (No such file or directory)
newfstatat(AT_FDCWD, "/cm/local/apps/cuda/libs/current/lib64/tls/haswell/avx512_1", 0x7ffd07d2b530, 0) = -1 ENOENT (No such file or directory)
openat(AT_FDCWD, "/cm/local/apps/cuda/libs/current/lib64/tls/haswell/x86_64/libm.so.6", O_RDONLY|O_CLOEXEC) = -1 ENOENT (No such file or directory)
newfstatat(AT_FDCWD, "/cm/local/apps/cuda/libs/current/lib64/tls/haswell/x86_64", 0x7ffd07d2b530, 0) = -1 ENOENT (No such file or directory)
openat(AT_FDCWD, "/cm/local/apps/cuda/libs/current/lib64/tls/haswell/libm.so.6", O_RDONLY|O_CLOEXEC) = -1 ENOENT (No such file or directory)
newfstatat(AT_FDCWD, "/cm/local/apps/cuda/libs/current/lib64/tls/haswell", 0x7ffd07d2b530, 0) = -1 ENOENT (No such file or directory)
openat(AT_FDCWD, "/cm/local/apps/cuda/libs/current/lib64/tls/avx512_1/x86_64/libm.so.6", O_RDONLY|O_CLOEXEC) = -1 ENOENT (No such file or directory)
newfstatat(AT_FDCWD, "/cm/local/apps/cuda/libs/current/lib64/tls/avx512_1/x86_64", 0x7ffd07d2b530, 0) = -1 ENOENT (No such file or directory)
openat(AT_FDCWD, "/cm/local/apps/cuda/libs/current/lib64/tls/avx512_1/libm.so.6", O_RDONLY|O_CLOEXEC) = -1 ENOENT (No such file or directory)
newfstatat(AT_FDCWD, "/cm/local/apps/cuda/libs/current/lib64/tls/avx512_1", 0x7ffd07d2b530, 0) = -1 ENOENT (No such file or directory)
openat(AT_FDCWD, "/cm/local/apps/cuda/libs/current/lib64/tls/x86_64/libm.so.6", O_RDONLY|O_CLOEXEC) = -1 ENOENT (No such file or directory)
newfstatat(AT_FDCWD, "/cm/local/apps/cuda/libs/current/lib64/tls/x86_64", 0x7ffd07d2b530, 0) = -1 ENOENT (No such file or directory)
openat(AT_FDCWD, "/cm/local/apps/cuda/libs/current/lib64/tls/libm.so.6", O_RDONLY|O_CLOEXEC) = -1 ENOENT (No such file or directory)
newfstatat(AT_FDCWD, "/cm/local/apps/cuda/libs/current/lib64/tls", 0x7ffd07d2b530, 0) = -1 ENOENT (No such file or directory)
openat(AT_FDCWD, "/cm/local/apps/cuda/libs/current/lib64/haswell/avx512_1/x86_64/libm.so.6", O_RDONLY|O_CLOEXEC) = -1 ENOENT (No such file or directory)
newfstatat(AT_FDCWD, "/cm/local/apps/cuda/libs/current/lib64/haswell/avx512_1/x86_64", 0x7ffd07d2b530, 0) = -1 ENOENT (No such file or directory)
openat(AT_FDCWD, "/cm/local/apps/cuda/libs/current/lib64/haswell/avx512_1/libm.so.6", O_RDONLY|O_CLOEXEC) = -1 ENOENT (No such file or directory)
newfstatat(AT_FDCWD, "/cm/local/apps/cuda/libs/current/lib64/haswell/avx512_1", 0x7ffd07d2b530, 0) = -1 ENOENT (No such file or directory)
openat(AT_FDCWD, "/cm/local/apps/cuda/libs/current/lib64/haswell/x86_64/libm.so.6", O_RDONLY|O_CLOEXEC) = -1 ENOENT (No such file or directory)
newfstatat(AT_FDCWD, "/cm/local/apps/cuda/libs/current/lib64/haswell/x86_64", 0x7ffd07d2b530, 0) = -1 ENOENT (No such file or directory)
openat(AT_FDCWD, "/cm/local/apps/cuda/libs/current/lib64/haswell/libm.so.6", O_RDONLY|O_CLOEXEC) = -1 ENOENT (No such file or directory)
newfstatat(AT_FDCWD, "/cm/local/apps/cuda/libs/current/lib64/haswell", 0x7ffd07d2b530, 0) = -1 ENOENT (No such file or directory)
openat(AT_FDCWD, "/cm/local/apps/cuda/libs/current/lib64/avx512_1/x86_64/libm.so.6", O_RDONLY|O_CLOEXEC) = -1 ENOENT (No such file or directory)
newfstatat(AT_FDCWD, "/cm/local/apps/cuda/libs/current/lib64/avx512_1/x86_64", 0x7ffd07d2b530, 0) = -1 ENOENT (No such file or directory)
openat(AT_FDCWD, "/cm/local/apps/cuda/libs/current/lib64/avx512_1/libm.so.6", O_RDONLY|O_CLOEXEC) = -1 ENOENT (No such file or directory)
newfstatat(AT_FDCWD, "/cm/local/apps/cuda/libs/current/lib64/avx512_1", 0x7ffd07d2b530, 0) = -1 ENOENT (No such file or directory)
openat(AT_FDCWD, "/cm/local/apps/cuda/libs/current/lib64/x86_64/libm.so.6", O_RDONLY|O_CLOEXEC) = -1 ENOENT (No such file or directory)
newfstatat(AT_FDCWD, "/cm/local/apps/cuda/libs/current/lib64/x86_64", 0x7ffd07d2b530, 0) = -1 ENOENT (No such file or directory)
openat(AT_FDCWD, "/cm/local/apps/cuda/libs/current/lib64/libm.so.6", O_RDONLY|O_CLOEXEC) = -1 ENOENT (No such file or directory)
newfstatat(AT_FDCWD, "/cm/local/apps/cuda/libs/current/lib64", 0x7ffd07d2b530, 0) = -1 ENOENT (No such file or directory)
openat(AT_FDCWD, "/lib/x86_64-linux-gnu/libm.so.6", O_RDONLY|O_CLOEXEC) = 3
read(3, "\177ELF\2\1\1\3\0\0\0\0\0\0\0\0\3\0>\0\1\0\0\0\0\0\0\0\0\0\0\0"..., 832) = 832
newfstatat(3, "", {st_mode=S_IFREG|0644, st_size=940560, ...}, AT_EMPTY_PATH) = 0
mmap(NULL, 942344, PROT_READ, MAP_PRIVATE|MAP_DENYWRITE, 3, 0) = 0x145afdf19000
mmap(0x145afdf27000, 507904, PROT_READ|PROT_EXEC, MAP_PRIVATE|MAP_FIXED|MAP_DENYWRITE, 3, 0xe000) = 0x145afdf27000
mmap(0x145afdfa3000, 372736, PROT_READ, MAP_PRIVATE|MAP_FIXED|MAP_DENYWRITE, 3, 0x8a000) = 0x145afdfa3000
mmap(0x145afdffe000, 8192, PROT_READ|PROT_WRITE, MAP_PRIVATE|MAP_FIXED|MAP_DENYWRITE, 3, 0xe4000) = 0x145afdffe000
close(3)                                = 0
openat(AT_FDCWD, "/usr/mpi/gcc/openmpi-4.1.7a1/lib/libresolv.so.2", O_RDONLY|O_CLOEXEC) = -1 ENOENT (No such file or directory)
openat(AT_FDCWD, "/cm/shared/apps/slurm/current/lib64/slurm/libresolv.so.2", O_RDONLY|O_CLOEXEC) = -1 ENOENT (No such file or directory)
openat(AT_FDCWD, "/cm/shared/apps/slurm/current/lib64/libresolv.so.2", O_RDONLY|O_CLOEXEC) = -1 ENOENT (No such file or directory)
openat(AT_FDCWD, "/lib/x86_64-linux-gnu/libresolv.so.2", O_RDONLY|O_CLOEXEC) = 3
read(3, "\177ELF\2\1\1\0\0\0\0\0\0\0\0\0\3\0>\0\1\0\0\0\0\0\0\0\0\0\0\0"..., 832) = 832
newfstatat(3, "", {st_mode=S_IFREG|0644, st_size=68552, ...}, AT_EMPTY_PATH) = 0
mmap(NULL, 8192, PROT_READ|PROT_WRITE, MAP_PRIVATE|MAP_ANONYMOUS, -1, 0) = 0x145afe285000
mmap(NULL, 80456, PROT_READ, MAP_PRIVATE|MAP_DENYWRITE, 3, 0) = 0x145afe271000
mmap(0x145afe274000, 40960, PROT_READ|PROT_EXEC, MAP_PRIVATE|MAP_FIXED|MAP_DENYWRITE, 3, 0x3000) = 0x145afe274000
mmap(0x145afe27e000, 12288, PROT_READ, MAP_PRIVATE|MAP_FIXED|MAP_DENYWRITE, 3, 0xd000) = 0x145afe27e000
mmap(0x145afe281000, 8192, PROT_READ|PROT_WRITE, MAP_PRIVATE|MAP_FIXED|MAP_DENYWRITE, 3, 0xf000) = 0x145afe281000
mmap(0x145afe283000, 6728, PROT_READ|PROT_WRITE, MAP_PRIVATE|MAP_FIXED|MAP_ANONYMOUS, -1, 0) = 0x145afe283000
close(3)                                = 0
mmap(NULL, 12288, PROT_READ|PROT_WRITE, MAP_PRIVATE|MAP_ANONYMOUS, -1, 0) = 0x145afe26e000
arch_prctl(ARCH_SET_FS, 0x145afe26e740) = 0
set_tid_address(0x145afe26ea10)         = 244716
set_robust_list(0x145afe26ea20, 24)     = 0
rseq(0x145afe26f0e0, 0x20, 0, 0x53053053) = 0
mprotect(0x145afe215000, 16384, PROT_READ) = 0
mprotect(0x145afe281000, 4096, PROT_READ) = 0
mprotect(0x145afdffe000, 4096, PROT_READ) = 0
mprotect(0x145afe47f000, 12288, PROT_READ) = 0
mprotect(0x145afe4b5000, 4096, PROT_READ) = 0
mprotect(0x5557767d2000, 4096, PROT_READ) = 0
mprotect(0x145afe4fc000, 8192, PROT_READ) = 0
prlimit64(0, RLIMIT_STACK, NULL, {rlim_cur=RLIM64_INFINITY, rlim_max=RLIM64_INFINITY}) = 0
munmap(0x145afe4b7000, 42659)           = 0
getrandom("\xba\x9c\xbf\xa6\x56\x72\x5c\x41", 8, GRND_NONBLOCK) = 8
brk(NULL)                               = 0x55577819d000
brk(0x5557781be000)                     = 0x5557781be000
newfstatat(AT_FDCWD, "/cm/shared/apps/slurm/var/etc/slurm/slurm.conf", {st_mode=S_IFREG|0644, st_size=6174, ...}, 0) = 0
openat(AT_FDCWD, "/cm/shared/apps/slurm/var/etc/slurm/slurm.conf", O_RDONLY) = 3
newfstatat(3, "", {st_mode=S_IFREG|0644, st_size=6174, ...}, AT_EMPTY_PATH) = 0
read(3, "#\n# See the slurm.conf man page "..., 8192) = 6174
brk(0x5557781df000)                     = 0x5557781df000
read(3, "", 8192)                       = 0
close(3)                                = 0
newfstatat(AT_FDCWD, "/bin/mail", {st_mode=S_IFREG|0755, st_size=234888, ...}, 0) = 0
newfstatat(AT_FDCWD, "/cm/shared/apps/slurm/23.02.7/lib64/slurm", {st_mode=S_IFDIR|0755, st_size=12938, ...}, 0) = 0
socket(AF_UNIX, SOCK_STREAM|SOCK_CLOEXEC|SOCK_NONBLOCK, 0) = 3
connect(3, {sa_family=AF_UNIX, sun_path="/var/run/nscd/socket"}, 110) = 0
sendto(3, "\2\0\0\0\v\0\0\0\7\0\0\0passwd\0", 19, MSG_NOSIGNAL, NULL, 0) = 19
poll([{fd=3, events=POLLIN|POLLERR|POLLHUP}], 1, 5000) = 1 ([{fd=3, revents=POLLIN}])
recvmsg(3, {msg_name=NULL, msg_namelen=0, msg_iov=[{iov_base="passwd\0", iov_len=7}, {iov_base="\310O\3\0\0\0\0\0", iov_len=8}], msg_iovlen=2, msg_control=[{cmsg_len=20, cmsg_level=SOL_SOCKET, cmsg_type=SCM_RIGHTS, cmsg_data=[4]}], msg_controllen=20, msg_flags=MSG_CMSG_CLOEXEC}, MSG_CMSG_CLOEXEC) = 15
mmap(NULL, 217032, PROT_READ, MAP_SHARED, 4, 0) = 0x145afe239000
close(4)                                = 0
close(3)                                = 0
newfstatat(AT_FDCWD, "/cm/shared/apps/slurm/23.02.7/lib64/slurm/auth_munge.so", {st_mode=S_IFREG|0644, st_size=241560, ...}, 0) = 0
openat(AT_FDCWD, "/cm/shared/apps/slurm/23.02.7/lib64/slurm/auth_munge.so", O_RDONLY|O_CLOEXEC) = 3
read(3, "\177ELF\2\1\1\0\0\0\0\0\0\0\0\0\3\0>\0\1\0\0\0\0\0\0\0\0\0\0\0"..., 832) = 832
newfstatat(3, "", {st_mode=S_IFREG|0644, st_size=241560, ...}, AT_EMPTY_PATH) = 0
mmap(NULL, 24912, PROT_READ, MAP_PRIVATE|MAP_DENYWRITE, 3, 0) = 0x145afe4bb000
mmap(0x145afe4bd000, 8192, PROT_READ|PROT_EXEC, MAP_PRIVATE|MAP_FIXED|MAP_DENYWRITE, 3, 0x2000) = 0x145afe4bd000
mmap(0x145afe4bf000, 4096, PROT_READ, MAP_PRIVATE|MAP_FIXED|MAP_DENYWRITE, 3, 0x4000) = 0x145afe4bf000
mmap(0x145afe4c0000, 8192, PROT_READ|PROT_WRITE, MAP_PRIVATE|MAP_FIXED|MAP_DENYWRITE, 3, 0x4000) = 0x145afe4c0000
close(3)                                = 0
openat(AT_FDCWD, "/usr/mpi/gcc/openmpi-4.1.7a1/lib/libmunge.so.2", O_RDONLY|O_CLOEXEC) = -1 ENOENT (No such file or directory)
openat(AT_FDCWD, "/cm/shared/apps/slurm/current/lib64/slurm/libmunge.so.2", O_RDONLY|O_CLOEXEC) = -1 ENOENT (No such file or directory)
openat(AT_FDCWD, "/cm/shared/apps/slurm/current/lib64/libmunge.so.2", O_RDONLY|O_CLOEXEC) = -1 ENOENT (No such file or directory)
openat(AT_FDCWD, "/etc/ld.so.cache", O_RDONLY|O_CLOEXEC) = 3
newfstatat(3, "", {st_mode=S_IFREG|0644, st_size=42659, ...}, AT_EMPTY_PATH) = 0
mmap(NULL, 42659, PROT_READ, MAP_PRIVATE, 3, 0) = 0x145afe22e000
close(3)                                = 0
openat(AT_FDCWD, "/lib/x86_64-linux-gnu/libmunge.so.2", O_RDONLY|O_CLOEXEC) = 3
read(3, "\177ELF\2\1\1\0\0\0\0\0\0\0\0\0\3\0>\0\1\0\0\0\0\0\0\0\0\0\0\0"..., 832) = 832
newfstatat(3, "", {st_mode=S_IFREG|0644, st_size=31224, ...}, AT_EMPTY_PATH) = 0
mmap(NULL, 33296, PROT_READ, MAP_PRIVATE|MAP_DENYWRITE, 3, 0) = 0x145afdf10000
mprotect(0x145afdf11000, 24576, PROT_NONE) = 0
mmap(0x145afdf11000, 16384, PROT_READ|PROT_EXEC, MAP_PRIVATE|MAP_FIXED|MAP_DENYWRITE, 3, 0x1000) = 0x145afdf11000
mmap(0x145afdf15000, 4096, PROT_READ, MAP_PRIVATE|MAP_FIXED|MAP_DENYWRITE, 3, 0x5000) = 0x145afdf15000
mmap(0x145afdf17000, 8192, PROT_READ|PROT_WRITE, MAP_PRIVATE|MAP_FIXED|MAP_DENYWRITE, 3, 0x6000) = 0x145afdf17000
close(3)                                = 0
mprotect(0x145afdf17000, 4096, PROT_READ) = 0
mprotect(0x145afe4c0000, 4096, PROT_READ) = 0
munmap(0x145afe22e000, 42659)           = 0
newfstatat(AT_FDCWD, "/cm/shared/apps/slurm/23.02.7/lib64/slurm/hash_k12.so", {st_mode=S_IFREG|0644, st_size=609480, ...}, 0) = 0
openat(AT_FDCWD, "/cm/shared/apps/slurm/23.02.7/lib64/slurm/hash_k12.so", O_RDONLY|O_CLOEXEC) = 3
read(3, "\177ELF\2\1\1\0\0\0\0\0\0\0\0\0\3\0>\0\1\0\0\0\0\0\0\0\0\0\0\0"..., 832) = 832
newfstatat(3, "", {st_mode=S_IFREG|0644, st_size=609480, ...}, AT_EMPTY_PATH) = 0
mmap(NULL, 98584, PROT_READ, MAP_PRIVATE|MAP_DENYWRITE, 3, 0) = 0x145afdef7000
mmap(0x145afdef9000, 81920, PROT_READ|PROT_EXEC, MAP_PRIVATE|MAP_FIXED|MAP_DENYWRITE, 3, 0x2000) = 0x145afdef9000
mmap(0x145afdf0d000, 4096, PROT_READ, MAP_PRIVATE|MAP_FIXED|MAP_DENYWRITE, 3, 0x16000) = 0x145afdf0d000
mmap(0x145afdf0e000, 8192, PROT_READ|PROT_WRITE, MAP_PRIVATE|MAP_FIXED|MAP_DENYWRITE, 3, 0x16000) = 0x145afdf0e000
close(3)                                = 0
mprotect(0x145afdf0e000, 4096, PROT_READ) = 0
newfstatat(AT_FDCWD, "/cm/shared/apps/slurm/23.02.7/lib64/slurm/accounting_storage_slurmdbd.so", {st_mode=S_IFREG|0644, st_size=545448, ...}, 0) = 0
openat(AT_FDCWD, "/cm/shared/apps/slurm/23.02.7/lib64/slurm/accounting_storage_slurmdbd.so", O_RDONLY|O_CLOEXEC) = 3
read(3, "\177ELF\2\1\1\0\0\0\0\0\0\0\0\0\3\0>\0\1\0\0\0\0\0\0\0\0\0\0\0"..., 832) = 832
newfstatat(3, "", {st_mode=S_IFREG|0644, st_size=545448, ...}, AT_EMPTY_PATH) = 0
mmap(NULL, 93832, PROT_READ, MAP_PRIVATE|MAP_DENYWRITE, 3, 0) = 0x145afdee0000
mmap(0x145afdee5000, 49152, PROT_READ|PROT_EXEC, MAP_PRIVATE|MAP_FIXED|MAP_DENYWRITE, 3, 0x5000) = 0x145afdee5000
mmap(0x145afdef1000, 16384, PROT_READ, MAP_PRIVATE|MAP_FIXED|MAP_DENYWRITE, 3, 0x11000) = 0x145afdef1000
mmap(0x145afdef5000, 8192, PROT_READ|PROT_WRITE, MAP_PRIVATE|MAP_FIXED|MAP_DENYWRITE, 3, 0x14000) = 0x145afdef5000
close(3)                                = 0
mprotect(0x145afdef5000, 4096, PROT_READ) = 0
openat(AT_FDCWD, "/cm/shared/apps/slurm/23.02.7/lib64/slurm", O_RDONLY|O_NONBLOCK|O_CLOEXEC|O_DIRECTORY) = 3
newfstatat(3, "", {st_mode=S_IFDIR|0755, st_size=12938, ...}, AT_EMPTY_PATH) = 0
mmap(NULL, 1048576, PROT_READ|PROT_WRITE, MAP_PRIVATE|MAP_ANONYMOUS, -1, 0) = 0x145afdde0000
getdents64(3, 0x145afdde0040 /* 354 entries */, 1047672) = 14840
getdents64(3, 0x145afdde0040 /* 0 entries */, 1047672) = 0
munmap(0x145afdde0000, 1048576)         = 0
close(3)                                = 0
newfstatat(AT_FDCWD, "/cm/shared/apps/slurm/23.02.7/lib64/slurm/select_linear.so", {st_mode=S_IFREG|0644, st_size=412808, ...}, 0) = 0
openat(AT_FDCWD, "/cm/shared/apps/slurm/23.02.7/lib64/slurm/select_linear.so", O_RDONLY|O_CLOEXEC) = 3
read(3, "\177ELF\2\1\1\0\0\0\0\0\0\0\0\0\3\0>\0\1\0\0\0\0\0\0\0\0\0\0\0"..., 832) = 832
newfstatat(3, "", {st_mode=S_IFREG|0644, st_size=412808, ...}, AT_EMPTY_PATH) = 0
mmap(NULL, 64376, PROT_READ, MAP_PRIVATE|MAP_DENYWRITE, 3, 0) = 0x145afe229000
mmap(0x145afe22c000, 36864, PROT_READ|PROT_EXEC, MAP_PRIVATE|MAP_FIXED|MAP_DENYWRITE, 3, 0x3000) = 0x145afe22c000
mmap(0x145afe235000, 8192, PROT_READ, MAP_PRIVATE|MAP_FIXED|MAP_DENYWRITE, 3, 0xc000) = 0x145afe235000
mmap(0x145afe237000, 8192, PROT_READ|PROT_WRITE, MAP_PRIVATE|MAP_FIXED|MAP_DENYWRITE, 3, 0xd000) = 0x145afe237000
close(3)                                = 0
mprotect(0x145afe237000, 4096, PROT_READ) = 0
newfstatat(AT_FDCWD, "/cm/shared/apps/slurm/23.02.7/lib64/slurm/select_cons_res.so", {st_mode=S_IFREG|0644, st_size=930632, ...}, 0) = 0
openat(AT_FDCWD, "/cm/shared/apps/slurm/23.02.7/lib64/slurm/select_cons_res.so", O_RDONLY|O_CLOEXEC) = 3
read(3, "\177ELF\2\1\1\0\0\0\0\0\0\0\0\0\3\0>\0\1\0\0\0\0\0\0\0\0\0\0\0"..., 832) = 832
newfstatat(3, "", {st_mode=S_IFREG|0644, st_size=930632, ...}, AT_EMPTY_PATH) = 0
mmap(NULL, 180240, PROT_READ, MAP_PRIVATE|MAP_DENYWRITE, 3, 0) = 0x145afdeb3000
mmap(0x145afdeb9000, 122880, PROT_READ|PROT_EXEC, MAP_PRIVATE|MAP_FIXED|MAP_DENYWRITE, 3, 0x6000) = 0x145afdeb9000
mmap(0x145afded7000, 24576, PROT_READ, MAP_PRIVATE|MAP_FIXED|MAP_DENYWRITE, 3, 0x24000) = 0x145afded7000
mmap(0x145afdedd000, 8192, PROT_READ|PROT_WRITE, MAP_PRIVATE|MAP_FIXED|MAP_DENYWRITE, 3, 0x29000) = 0x145afdedd000
mmap(0x145afdedf000, 16, PROT_READ|PROT_WRITE, MAP_PRIVATE|MAP_FIXED|MAP_ANONYMOUS, -1, 0) = 0x145afdedf000
close(3)                                = 0
mprotect(0x145afdedd000, 4096, PROT_READ) = 0
newfstatat(AT_FDCWD, "/cm/shared/apps/slurm/23.02.7/lib64/slurm/select_cons_tres.so", {st_mode=S_IFREG|0644, st_size=1023464, ...}, 0) = 0
openat(AT_FDCWD, "/cm/shared/apps/slurm/23.02.7/lib64/slurm/select_cons_tres.so", O_RDONLY|O_CLOEXEC) = 3
read(3, "\177ELF\2\1\1\0\0\0\0\0\0\0\0\0\3\0>\0\1\0\0\0\0\0\0\0\0\0\0\0"..., 832) = 832
newfstatat(3, "", {st_mode=S_IFREG|0644, st_size=1023464, ...}, AT_EMPTY_PATH) = 0
mmap(NULL, 204912, PROT_READ, MAP_PRIVATE|MAP_DENYWRITE, 3, 0) = 0x145afde80000
mmap(0x145afde86000, 147456, PROT_READ|PROT_EXEC, MAP_PRIVATE|MAP_FIXED|MAP_DENYWRITE, 3, 0x6000) = 0x145afde86000
mmap(0x145afdeaa000, 24576, PROT_READ, MAP_PRIVATE|MAP_FIXED|MAP_DENYWRITE, 3, 0x2a000) = 0x145afdeaa000
mmap(0x145afdeb0000, 8192, PROT_READ|PROT_WRITE, MAP_PRIVATE|MAP_FIXED|MAP_DENYWRITE, 3, 0x2f000) = 0x145afdeb0000
mmap(0x145afdeb2000, 112, PROT_READ|PROT_WRITE, MAP_PRIVATE|MAP_FIXED|MAP_ANONYMOUS, -1, 0) = 0x145afdeb2000
close(3)                                = 0
mprotect(0x145afdeb0000, 4096, PROT_READ) = 0
newfstatat(AT_FDCWD, "/cm/shared/apps/slurm/23.02.7/lib64/slurm/select_cray_aries.so", {st_mode=S_IFREG|0644, st_size=435592, ...}, 0) = 0
openat(AT_FDCWD, "/cm/shared/apps/slurm/23.02.7/lib64/slurm/select_cray_aries.so", O_RDONLY|O_CLOEXEC) = 3
read(3, "\177ELF\2\1\1\0\0\0\0\0\0\0\0\0\3\0>\0\1\0\0\0\0\0\0\0\0\0\0\0"..., 832) = 832
newfstatat(3, "", {st_mode=S_IFREG|0644, st_size=435592, ...}, AT_EMPTY_PATH) = 0
mmap(NULL, 61960, PROT_READ, MAP_PRIVATE|MAP_DENYWRITE, 3, 0) = 0x145afde70000
mmap(0x145afde74000, 24576, PROT_READ|PROT_EXEC, MAP_PRIVATE|MAP_FIXED|MAP_DENYWRITE, 3, 0x4000) = 0x145afde74000
mmap(0x145afde7a000, 12288, PROT_READ, MAP_PRIVATE|MAP_FIXED|MAP_DENYWRITE, 3, 0xa000) = 0x145afde7a000
mmap(0x145afde7d000, 8192, PROT_READ|PROT_WRITE, MAP_PRIVATE|MAP_FIXED|MAP_DENYWRITE, 3, 0xc000) = 0x145afde7d000
mmap(0x145afde7f000, 520, PROT_READ|PROT_WRITE, MAP_PRIVATE|MAP_FIXED|MAP_ANONYMOUS, -1, 0) = 0x145afde7f000
close(3)                                = 0
mprotect(0x145afde7d000, 4096, PROT_READ) = 0
newfstatat(AT_FDCWD, "/cm/shared/apps/slurm/23.02.7/lib64/slurm/cred_munge.so", {st_mode=S_IFREG|0644, st_size=197912, ...}, 0) = 0
openat(AT_FDCWD, "/cm/shared/apps/slurm/23.02.7/lib64/slurm/cred_munge.so", O_RDONLY|O_CLOEXEC) = 3
read(3, "\177ELF\2\1\1\0\0\0\0\0\0\0\0\0\3\0>\0\1\0\0\0\0\0\0\0\0\0\0\0"..., 832) = 832
newfstatat(3, "", {st_mode=S_IFREG|0644, st_size=197912, ...}, AT_EMPTY_PATH) = 0
mmap(NULL, 18160, PROT_READ, MAP_PRIVATE|MAP_DENYWRITE, 3, 0) = 0x145afde6b000
mmap(0x145afde6c000, 4096, PROT_READ|PROT_EXEC, MAP_PRIVATE|MAP_FIXED|MAP_DENYWRITE, 3, 0x1000) = 0x145afde6c000
mmap(0x145afde6d000, 4096, PROT_READ, MAP_PRIVATE|MAP_FIXED|MAP_DENYWRITE, 3, 0x2000) = 0x145afde6d000
mmap(0x145afde6e000, 8192, PROT_READ|PROT_WRITE, MAP_PRIVATE|MAP_FIXED|MAP_DENYWRITE, 3, 0x2000) = 0x145afde6e000
close(3)                                = 0
mprotect(0x145afde6e000, 4096, PROT_READ) = 0
openat(AT_FDCWD, "/cm/shared/apps/slurm/23.02.7/lib64/slurm", O_RDONLY|O_NONBLOCK|O_CLOEXEC|O_DIRECTORY) = 3
newfstatat(3, "", {st_mode=S_IFDIR|0755, st_size=12938, ...}, AT_EMPTY_PATH) = 0
brk(0x5557782ee000)                     = 0x5557782ee000
getdents64(3, 0x5557781cd740 /* 354 entries */, 1047672) = 14840
getdents64(3, 0x5557781cd740 /* 0 entries */, 1047672) = 0
close(3)                                = 0
newfstatat(AT_FDCWD, "/cm/shared/apps/slurm/23.02.7/lib64/slurm/switch_none.so", {st_mode=S_IFREG|0644, st_size=241848, ...}, 0) = 0
openat(AT_FDCWD, "/cm/shared/apps/slurm/23.02.7/lib64/slurm/switch_none.so", O_RDONLY|O_CLOEXEC) = 3
read(3, "\177ELF\2\1\1\0\0\0\0\0\0\0\0\0\3\0>\0\1\0\0\0\0\0\0\0\0\0\0\0"..., 832) = 832
newfstatat(3, "", {st_mode=S_IFREG|0644, st_size=241848, ...}, AT_EMPTY_PATH) = 0
mmap(NULL, 16456, PROT_READ, MAP_PRIVATE|MAP_DENYWRITE, 3, 0) = 0x145afde66000
mmap(0x145afde67000, 4096, PROT_READ|PROT_EXEC, MAP_PRIVATE|MAP_FIXED|MAP_DENYWRITE, 3, 0x1000) = 0x145afde67000
mmap(0x145afde68000, 4096, PROT_READ, MAP_PRIVATE|MAP_FIXED|MAP_DENYWRITE, 3, 0x2000) = 0x145afde68000
mmap(0x145afde69000, 8192, PROT_READ|PROT_WRITE, MAP_PRIVATE|MAP_FIXED|MAP_DENYWRITE, 3, 0x2000) = 0x145afde69000
close(3)                                = 0
mprotect(0x145afde69000, 4096, PROT_READ) = 0
newfstatat(AT_FDCWD, "/cm/shared/apps/slurm/23.02.7/lib64/slurm/switch_cray_aries.so", {st_mode=S_IFREG|0644, st_size=343024, ...}, 0) = 0
openat(AT_FDCWD, "/cm/shared/apps/slurm/23.02.7/lib64/slurm/switch_cray_aries.so", O_RDONLY|O_CLOEXEC) = 3
read(3, "\177ELF\2\1\1\0\0\0\0\0\0\0\0\0\3\0>\0\1\0\0\0\0\0\0\0\0\0\0\0"..., 832) = 832
newfstatat(3, "", {st_mode=S_IFREG|0644, st_size=343024, ...}, AT_EMPTY_PATH) = 0
mmap(NULL, 20704, PROT_READ, MAP_PRIVATE|MAP_DENYWRITE, 3, 0) = 0x145afde60000
mmap(0x145afde62000, 4096, PROT_READ|PROT_EXEC, MAP_PRIVATE|MAP_FIXED|MAP_DENYWRITE, 3, 0x2000) = 0x145afde62000
mmap(0x145afde63000, 4096, PROT_READ, MAP_PRIVATE|MAP_FIXED|MAP_DENYWRITE, 3, 0x3000) = 0x145afde63000
mmap(0x145afde64000, 8192, PROT_READ|PROT_WRITE, MAP_PRIVATE|MAP_FIXED|MAP_DENYWRITE, 3, 0x3000) = 0x145afde64000
close(3)                                = 0
mprotect(0x145afde64000, 4096, PROT_READ) = 0
rt_sigprocmask(SIG_BLOCK, [HUP INT QUIT USR1 USR2 PIPE ALRM TERM CONT], NULL, 8) = 0
rt_sigprocmask(SIG_BLOCK, [WINCH], NULL, 8) = 0
openat(AT_FDCWD, "/cm/shared/apps/slurm/var/etc/slurm/plugstack.conf", O_RDONLY|O_CLOEXEC) = 3
fcntl(3, F_GETFL)                       = 0x8000 (flags O_RDONLY|O_LARGEFILE)
newfstatat(3, "", {st_mode=S_IFREG|0644, st_size=63, ...}, AT_EMPTY_PATH) = 0
read(3, "include /cm/shared/apps/slurm/va"..., 8192) = 63
openat(AT_FDCWD, "/cm/shared/apps/slurm/var/etc/slurm/plugstack.conf.d", O_RDONLY|O_NONBLOCK|O_CLOEXEC|O_DIRECTORY) = 4
newfstatat(4, "", {st_mode=S_IFDIR|0755, st_size=28, ...}, AT_EMPTY_PATH) = 0
getdents64(4, 0x5557781cd740 /* 3 entries */, 1047672) = 80
getdents64(4, 0x5557781cd740 /* 0 entries */, 1047672) = 0
close(4)                                = 0
openat(AT_FDCWD, "/cm/shared/apps/slurm/var/etc/slurm/plugstack.conf.d/pyxis.conf", O_RDONLY|O_CLOEXEC) = 4
fcntl(4, F_GETFL)                       = 0x8000 (flags O_RDONLY|O_LARGEFILE)
newfstatat(4, "", {st_mode=S_IFREG|0644, st_size=145, ...}, AT_EMPTY_PATH) = 0
read(4, "required /cm/shared/apps/slurm/c"..., 8192) = 145
openat(AT_FDCWD, "/cm/shared/apps/slurm/current/lib64/slurm/spank_pyxis.so", O_RDONLY|O_CLOEXEC) = 5
read(5, "\177ELF\2\1\1\0\0\0\0\0\0\0\0\0\3\0>\0\1\0\0\0\0\0\0\0\0\0\0\0"..., 832) = 832
newfstatat(5, "", {st_mode=S_IFREG|0644, st_size=60480, ...}, AT_EMPTY_PATH) = 0
mmap(NULL, 62544, PROT_READ, MAP_PRIVATE|MAP_DENYWRITE, 5, 0) = 0x145afde50000
mmap(0x145afde53000, 20480, PROT_READ|PROT_EXEC, MAP_PRIVATE|MAP_FIXED|MAP_DENYWRITE, 5, 0x3000) = 0x145afde53000
mmap(0x145afde58000, 16384, PROT_READ, MAP_PRIVATE|MAP_FIXED|MAP_DENYWRITE, 5, 0x8000) = 0x145afde58000
mmap(0x145afde5c000, 16384, PROT_READ|PROT_WRITE, MAP_PRIVATE|MAP_FIXED|MAP_DENYWRITE, 5, 0xb000) = 0x145afde5c000
close(5)                                = 0
mprotect(0x145afde5c000, 4096, PROT_READ) = 0
read(4, "", 8192)                       = 0
close(4)                                = 0
read(3, "", 8192)                       = 0
close(3)                                = 0
getcwd("/cm/shared/apps/slurm/var/cm/statesave/slurm", 4096) = 45
newfstatat(AT_FDCWD, "/cm/shared/apps/slurm/23.02.7/lib64/slurm/mpi_pmix.so", {st_mode=S_IFREG|0644, st_size=1108344, ...}, 0) = 0
openat(AT_FDCWD, "/cm/shared/apps/slurm/23.02.7/lib64/slurm/mpi_pmix.so", O_RDONLY|O_CLOEXEC) = 3
read(3, "\177ELF\2\1\1\0\0\0\0\0\0\0\0\0\3\0>\0\1\0\0\0\0\0\0\0\0\0\0\0"..., 832) = 832
newfstatat(3, "", {st_mode=S_IFREG|0644, st_size=1108344, ...}, AT_EMPTY_PATH) = 0
mmap(NULL, 190672, PROT_READ, MAP_PRIVATE|MAP_DENYWRITE, 3, 0) = 0x145afde21000
mmap(0x145afde29000, 110592, PROT_READ|PROT_EXEC, MAP_PRIVATE|MAP_FIXED|MAP_DENYWRITE, 3, 0x8000) = 0x145afde29000
mmap(0x145afde44000, 36864, PROT_READ, MAP_PRIVATE|MAP_FIXED|MAP_DENYWRITE, 3, 0x23000) = 0x145afde44000
mmap(0x145afde4d000, 12288, PROT_READ|PROT_WRITE, MAP_PRIVATE|MAP_FIXED|MAP_DENYWRITE, 3, 0x2b000) = 0x145afde4d000
close(3)                                = 0
openat(AT_FDCWD, "/usr/mpi/gcc/openmpi-4.1.7a1/lib/libhwloc.so.15", O_RDONLY|O_CLOEXEC) = -1 ENOENT (No such file or directory)
openat(AT_FDCWD, "/cm/shared/apps/slurm/current/lib64/slurm/libhwloc.so.15", O_RDONLY|O_CLOEXEC) = -1 ENOENT (No such file or directory)
openat(AT_FDCWD, "/cm/shared/apps/slurm/current/lib64/libhwloc.so.15", O_RDONLY|O_CLOEXEC) = -1 ENOENT (No such file or directory)
openat(AT_FDCWD, "/cm/shared/apps/hwloc2/2.8.0/lib/glibc-hwcaps/x86-64-v4/libhwloc.so.15", O_RDONLY|O_CLOEXEC) = -1 ENOENT (No such file or directory)
newfstatat(AT_FDCWD, "/cm/shared/apps/hwloc2/2.8.0/lib/glibc-hwcaps/x86-64-v4", 0x7ffd07d2abd0, 0) = -1 ENOENT (No such file or directory)
openat(AT_FDCWD, "/cm/shared/apps/hwloc2/2.8.0/lib/glibc-hwcaps/x86-64-v3/libhwloc.so.15", O_RDONLY|O_CLOEXEC) = -1 ENOENT (No such file or directory)
newfstatat(AT_FDCWD, "/cm/shared/apps/hwloc2/2.8.0/lib/glibc-hwcaps/x86-64-v3", 0x7ffd07d2abd0, 0) = -1 ENOENT (No such file or directory)
openat(AT_FDCWD, "/cm/shared/apps/hwloc2/2.8.0/lib/glibc-hwcaps/x86-64-v2/libhwloc.so.15", O_RDONLY|O_CLOEXEC) = -1 ENOENT (No such file or directory)
newfstatat(AT_FDCWD, "/cm/shared/apps/hwloc2/2.8.0/lib/glibc-hwcaps/x86-64-v2", 0x7ffd07d2abd0, 0) = -1 ENOENT (No such file or directory)
openat(AT_FDCWD, "/cm/shared/apps/hwloc2/2.8.0/lib/tls/haswell/avx512_1/x86_64/libhwloc.so.15", O_RDONLY|O_CLOEXEC) = -1 ENOENT (No such file or directory)
newfstatat(AT_FDCWD, "/cm/shared/apps/hwloc2/2.8.0/lib/tls/haswell/avx512_1/x86_64", 0x7ffd07d2abd0, 0) = -1 ENOENT (No such file or directory)
openat(AT_FDCWD, "/cm/shared/apps/hwloc2/2.8.0/lib/tls/haswell/avx512_1/libhwloc.so.15", O_RDONLY|O_CLOEXEC) = -1 ENOENT (No such file or directory)
newfstatat(AT_FDCWD, "/cm/shared/apps/hwloc2/2.8.0/lib/tls/haswell/avx512_1", 0x7ffd07d2abd0, 0) = -1 ENOENT (No such file or directory)
openat(AT_FDCWD, "/cm/shared/apps/hwloc2/2.8.0/lib/tls/haswell/x86_64/libhwloc.so.15", O_RDONLY|O_CLOEXEC) = -1 ENOENT (No such file or directory)
newfstatat(AT_FDCWD, "/cm/shared/apps/hwloc2/2.8.0/lib/tls/haswell/x86_64", 0x7ffd07d2abd0, 0) = -1 ENOENT (No such file or directory)
openat(AT_FDCWD, "/cm/shared/apps/hwloc2/2.8.0/lib/tls/haswell/libhwloc.so.15", O_RDONLY|O_CLOEXEC) = -1 ENOENT (No such file or directory)
newfstatat(AT_FDCWD, "/cm/shared/apps/hwloc2/2.8.0/lib/tls/haswell", 0x7ffd07d2abd0, 0) = -1 ENOENT (No such file or directory)
openat(AT_FDCWD, "/cm/shared/apps/hwloc2/2.8.0/lib/tls/avx512_1/x86_64/libhwloc.so.15", O_RDONLY|O_CLOEXEC) = -1 ENOENT (No such file or directory)
newfstatat(AT_FDCWD, "/cm/shared/apps/hwloc2/2.8.0/lib/tls/avx512_1/x86_64", 0x7ffd07d2abd0, 0) = -1 ENOENT (No such file or directory)
openat(AT_FDCWD, "/cm/shared/apps/hwloc2/2.8.0/lib/tls/avx512_1/libhwloc.so.15", O_RDONLY|O_CLOEXEC) = -1 ENOENT (No such file or directory)
newfstatat(AT_FDCWD, "/cm/shared/apps/hwloc2/2.8.0/lib/tls/avx512_1", 0x7ffd07d2abd0, 0) = -1 ENOENT (No such file or directory)
openat(AT_FDCWD, "/cm/shared/apps/hwloc2/2.8.0/lib/tls/x86_64/libhwloc.so.15", O_RDONLY|O_CLOEXEC) = -1 ENOENT (No such file or directory)
newfstatat(AT_FDCWD, "/cm/shared/apps/hwloc2/2.8.0/lib/tls/x86_64", 0x7ffd07d2abd0, 0) = -1 ENOENT (No such file or directory)
openat(AT_FDCWD, "/cm/shared/apps/hwloc2/2.8.0/lib/tls/libhwloc.so.15", O_RDONLY|O_CLOEXEC) = -1 ENOENT (No such file or directory)
newfstatat(AT_FDCWD, "/cm/shared/apps/hwloc2/2.8.0/lib/tls", 0x7ffd07d2abd0, 0) = -1 ENOENT (No such file or directory)
openat(AT_FDCWD, "/cm/shared/apps/hwloc2/2.8.0/lib/haswell/avx512_1/x86_64/libhwloc.so.15", O_RDONLY|O_CLOEXEC) = -1 ENOENT (No such file or directory)
newfstatat(AT_FDCWD, "/cm/shared/apps/hwloc2/2.8.0/lib/haswell/avx512_1/x86_64", 0x7ffd07d2abd0, 0) = -1 ENOENT (No such file or directory)
openat(AT_FDCWD, "/cm/shared/apps/hwloc2/2.8.0/lib/haswell/avx512_1/libhwloc.so.15", O_RDONLY|O_CLOEXEC) = -1 ENOENT (No such file or directory)
newfstatat(AT_FDCWD, "/cm/shared/apps/hwloc2/2.8.0/lib/haswell/avx512_1", 0x7ffd07d2abd0, 0) = -1 ENOENT (No such file or directory)
openat(AT_FDCWD, "/cm/shared/apps/hwloc2/2.8.0/lib/haswell/x86_64/libhwloc.so.15", O_RDONLY|O_CLOEXEC) = -1 ENOENT (No such file or directory)
newfstatat(AT_FDCWD, "/cm/shared/apps/hwloc2/2.8.0/lib/haswell/x86_64", 0x7ffd07d2abd0, 0) = -1 ENOENT (No such file or directory)
openat(AT_FDCWD, "/cm/shared/apps/hwloc2/2.8.0/lib/haswell/libhwloc.so.15", O_RDONLY|O_CLOEXEC) = -1 ENOENT (No such file or directory)
newfstatat(AT_FDCWD, "/cm/shared/apps/hwloc2/2.8.0/lib/haswell", 0x7ffd07d2abd0, 0) = -1 ENOENT (No such file or directory)
openat(AT_FDCWD, "/cm/shared/apps/hwloc2/2.8.0/lib/avx512_1/x86_64/libhwloc.so.15", O_RDONLY|O_CLOEXEC) = -1 ENOENT (No such file or directory)
newfstatat(AT_FDCWD, "/cm/shared/apps/hwloc2/2.8.0/lib/avx512_1/x86_64", 0x7ffd07d2abd0, 0) = -1 ENOENT (No such file or directory)
openat(AT_FDCWD, "/cm/shared/apps/hwloc2/2.8.0/lib/avx512_1/libhwloc.so.15", O_RDONLY|O_CLOEXEC) = -1 ENOENT (No such file or directory)
newfstatat(AT_FDCWD, "/cm/shared/apps/hwloc2/2.8.0/lib/avx512_1", 0x7ffd07d2abd0, 0) = -1 ENOENT (No such file or directory)
openat(AT_FDCWD, "/cm/shared/apps/hwloc2/2.8.0/lib/x86_64/libhwloc.so.15", O_RDONLY|O_CLOEXEC) = -1 ENOENT (No such file or directory)
newfstatat(AT_FDCWD, "/cm/shared/apps/hwloc2/2.8.0/lib/x86_64", 0x7ffd07d2abd0, 0) = -1 ENOENT (No such file or directory)
openat(AT_FDCWD, "/cm/shared/apps/hwloc2/2.8.0/lib/libhwloc.so.15", O_RDONLY|O_CLOEXEC) = 3
read(3, "\177ELF\2\1\1\0\0\0\0\0\0\0\0\0\3\0>\0\1\0\0\0\0\0\0\0\0\0\0\0"..., 832) = 832
newfstatat(3, "", {st_mode=S_IFREG|0755, st_size=1726976, ...}, AT_EMPTY_PATH) = 0
mmap(NULL, 391664, PROT_READ, MAP_PRIVATE|MAP_DENYWRITE, 3, 0) = 0x145afddc1000
mmap(0x145afddc8000, 274432, PROT_READ|PROT_EXEC, MAP_PRIVATE|MAP_FIXED|MAP_DENYWRITE, 3, 0x7000) = 0x145afddc8000
mmap(0x145afde0b000, 81920, PROT_READ, MAP_PRIVATE|MAP_FIXED|MAP_DENYWRITE, 3, 0x4a000) = 0x145afde0b000
mmap(0x145afde1f000, 8192, PROT_READ|PROT_WRITE, MAP_PRIVATE|MAP_FIXED|MAP_DENYWRITE, 3, 0x5d000) = 0x145afde1f000
close(3)                                = 0
openat(AT_FDCWD, "/usr/mpi/gcc/openmpi-4.1.7a1/lib/libudev.so.1", O_RDONLY|O_CLOEXEC) = -1 ENOENT (No such file or directory)
openat(AT_FDCWD, "/cm/shared/apps/slurm/current/lib64/slurm/libudev.so.1", O_RDONLY|O_CLOEXEC) = -1 ENOENT (No such file or directory)
openat(AT_FDCWD, "/cm/shared/apps/slurm/current/lib64/libudev.so.1", O_RDONLY|O_CLOEXEC) = -1 ENOENT (No such file or directory)
openat(AT_FDCWD, "/etc/ld.so.cache", O_RDONLY|O_CLOEXEC) = 3
newfstatat(3, "", {st_mode=S_IFREG|0644, st_size=42659, ...}, AT_EMPTY_PATH) = 0
mmap(NULL, 42659, PROT_READ, MAP_PRIVATE, 3, 0) = 0x145afddb6000
close(3)                                = 0
openat(AT_FDCWD, "/lib/x86_64-linux-gnu/libudev.so.1", O_RDONLY|O_CLOEXEC) = 3
read(3, "\177ELF\2\1\1\0\0\0\0\0\0\0\0\0\3\0>\0\1\0\0\0\0\0\0\0\0\0\0\0"..., 832) = 832
newfstatat(3, "", {st_mode=S_IFREG|0644, st_size=166240, ...}, AT_EMPTY_PATH) = 0
mmap(NULL, 170272, PROT_READ, MAP_PRIVATE|MAP_DENYWRITE, 3, 0) = 0x145afdd8c000
mprotect(0x145afdd90000, 147456, PROT_NONE) = 0
mmap(0x145afdd90000, 106496, PROT_READ|PROT_EXEC, MAP_PRIVATE|MAP_FIXED|MAP_DENYWRITE, 3, 0x4000) = 0x145afdd90000
mmap(0x145afddaa000, 36864, PROT_READ, MAP_PRIVATE|MAP_FIXED|MAP_DENYWRITE, 3, 0x1e000) = 0x145afddaa000
mmap(0x145afddb4000, 8192, PROT_READ|PROT_WRITE, MAP_PRIVATE|MAP_FIXED|MAP_DENYWRITE, 3, 0x27000) = 0x145afddb4000
close(3)                                = 0
openat(AT_FDCWD, "/usr/mpi/gcc/openmpi-4.1.7a1/lib/libxml2.so.2", O_RDONLY|O_CLOEXEC) = -1 ENOENT (No such file or directory)
openat(AT_FDCWD, "/cm/shared/apps/slurm/current/lib64/slurm/libxml2.so.2", O_RDONLY|O_CLOEXEC) = -1 ENOENT (No such file or directory)
openat(AT_FDCWD, "/cm/shared/apps/slurm/current/lib64/libxml2.so.2", O_RDONLY|O_CLOEXEC) = -1 ENOENT (No such file or directory)
openat(AT_FDCWD, "/lib/x86_64-linux-gnu/libxml2.so.2", O_RDONLY|O_CLOEXEC) = 3
read(3, "\177ELF\2\1\1\0\0\0\0\0\0\0\0\0\3\0>\0\1\0\0\0\0\0\0\0\0\0\0\0"..., 832) = 832
newfstatat(3, "", {st_mode=S_IFREG|0644, st_size=1967384, ...}, AT_EMPTY_PATH) = 0
mmap(NULL, 1973720, PROT_READ, MAP_PRIVATE|MAP_DENYWRITE, 3, 0) = 0x145afdbaa000
mprotect(0x145afdbd9000, 1736704, PROT_NONE) = 0
mmap(0x145afdbd9000, 1388544, PROT_READ|PROT_EXEC, MAP_PRIVATE|MAP_FIXED|MAP_DENYWRITE, 3, 0x2f000) = 0x145afdbd9000
mmap(0x145afdd2c000, 344064, PROT_READ, MAP_PRIVATE|MAP_FIXED|MAP_DENYWRITE, 3, 0x182000) = 0x145afdd2c000
mmap(0x145afdd81000, 40960, PROT_READ|PROT_WRITE, MAP_PRIVATE|MAP_FIXED|MAP_DENYWRITE, 3, 0x1d6000) = 0x145afdd81000
mmap(0x145afdd8b000, 3544, PROT_READ|PROT_WRITE, MAP_PRIVATE|MAP_FIXED|MAP_ANONYMOUS, -1, 0) = 0x145afdd8b000
close(3)                                = 0
openat(AT_FDCWD, "/usr/mpi/gcc/openmpi-4.1.7a1/lib/libicuuc.so.70", O_RDONLY|O_CLOEXEC) = -1 ENOENT (No such file or directory)
openat(AT_FDCWD, "/cm/shared/apps/slurm/current/lib64/slurm/libicuuc.so.70", O_RDONLY|O_CLOEXEC) = -1 ENOENT (No such file or directory)
openat(AT_FDCWD, "/cm/shared/apps/slurm/current/lib64/libicuuc.so.70", O_RDONLY|O_CLOEXEC) = -1 ENOENT (No such file or directory)
openat(AT_FDCWD, "/lib/x86_64-linux-gnu/libicuuc.so.70", O_RDONLY|O_CLOEXEC) = 3
read(3, "\177ELF\2\1\1\0\0\0\0\0\0\0\0\0\3\0>\0\1\0\0\0\0\0\0\0\0\0\0\0"..., 832) = 832
newfstatat(3, "", {st_mode=S_IFREG|0644, st_size=2062664, ...}, AT_EMPTY_PATH) = 0
mmap(NULL, 2073312, PROT_READ, MAP_PRIVATE|MAP_DENYWRITE, 3, 0) = 0x145afd9af000
mmap(0x145afda15000, 995328, PROT_READ|PROT_EXEC, MAP_PRIVATE|MAP_FIXED|MAP_DENYWRITE, 3, 0x66000) = 0x145afda15000
mmap(0x145afdb08000, 573440, PROT_READ, MAP_PRIVATE|MAP_FIXED|MAP_DENYWRITE, 3, 0x159000) = 0x145afdb08000
mmap(0x145afdb94000, 81920, PROT_READ|PROT_WRITE, MAP_PRIVATE|MAP_FIXED|MAP_DENYWRITE, 3, 0x1e4000) = 0x145afdb94000
mmap(0x145afdba8000, 4832, PROT_READ|PROT_WRITE, MAP_PRIVATE|MAP_FIXED|MAP_ANONYMOUS, -1, 0) = 0x145afdba8000
close(3)                                = 0
openat(AT_FDCWD, "/usr/mpi/gcc/openmpi-4.1.7a1/lib/libz.so.1", O_RDONLY|O_CLOEXEC) = -1 ENOENT (No such file or directory)
openat(AT_FDCWD, "/cm/shared/apps/slurm/current/lib64/slurm/libz.so.1", O_RDONLY|O_CLOEXEC) = -1 ENOENT (No such file or directory)
openat(AT_FDCWD, "/cm/shared/apps/slurm/current/lib64/libz.so.1", O_RDONLY|O_CLOEXEC) = -1 ENOENT (No such file or directory)
openat(AT_FDCWD, "/lib/x86_64-linux-gnu/libz.so.1", O_RDONLY|O_CLOEXEC) = 3
read(3, "\177ELF\2\1\1\3\0\0\0\0\0\0\0\0\3\0>\0\1\0\0\0\0\0\0\0\0\0\0\0"..., 832) = 832
newfstatat(3, "", {st_mode=S_IFREG|0644, st_size=108936, ...}, AT_EMPTY_PATH) = 0
mmap(NULL, 110776, PROT_READ, MAP_PRIVATE|MAP_DENYWRITE, 3, 0) = 0x145afd993000
mprotect(0x145afd995000, 98304, PROT_NONE) = 0
mmap(0x145afd995000, 69632, PROT_READ|PROT_EXEC, MAP_PRIVATE|MAP_FIXED|MAP_DENYWRITE, 3, 0x2000) = 0x145afd995000
mmap(0x145afd9a6000, 24576, PROT_READ, MAP_PRIVATE|MAP_FIXED|MAP_DENYWRITE, 3, 0x13000) = 0x145afd9a6000
mmap(0x145afd9ad000, 8192, PROT_READ|PROT_WRITE, MAP_PRIVATE|MAP_FIXED|MAP_DENYWRITE, 3, 0x19000) = 0x145afd9ad000
close(3)                                = 0
openat(AT_FDCWD, "/usr/mpi/gcc/openmpi-4.1.7a1/lib/liblzma.so.5", O_RDONLY|O_CLOEXEC) = -1 ENOENT (No such file or directory)
openat(AT_FDCWD, "/cm/shared/apps/slurm/current/lib64/slurm/liblzma.so.5", O_RDONLY|O_CLOEXEC) = -1 ENOENT (No such file or directory)
openat(AT_FDCWD, "/cm/shared/apps/slurm/current/lib64/liblzma.so.5", O_RDONLY|O_CLOEXEC) = -1 ENOENT (No such file or directory)
openat(AT_FDCWD, "/lib/x86_64-linux-gnu/liblzma.so.5", O_RDONLY|O_CLOEXEC) = 3
read(3, "\177ELF\2\1\1\0\0\0\0\0\0\0\0\0\3\0>\0\1\0\0\0\0\0\0\0\0\0\0\0"..., 832) = 832
newfstatat(3, "", {st_mode=S_IFREG|0644, st_size=170456, ...}, AT_EMPTY_PATH) = 0
mmap(NULL, 172296, PROT_READ, MAP_PRIVATE|MAP_DENYWRITE, 3, 0) = 0x145afd968000
mmap(0x145afd96b000, 110592, PROT_READ|PROT_EXEC, MAP_PRIVATE|MAP_FIXED|MAP_DENYWRITE, 3, 0x3000) = 0x145afd96b000
mmap(0x145afd986000, 45056, PROT_READ, MAP_PRIVATE|MAP_FIXED|MAP_DENYWRITE, 3, 0x1e000) = 0x145afd986000
mmap(0x145afd991000, 8192, PROT_READ|PROT_WRITE, MAP_PRIVATE|MAP_FIXED|MAP_DENYWRITE, 3, 0x28000) = 0x145afd991000
close(3)                                = 0
openat(AT_FDCWD, "/usr/mpi/gcc/openmpi-4.1.7a1/lib/libicudata.so.70", O_RDONLY|O_CLOEXEC) = -1 ENOENT (No such file or directory)
openat(AT_FDCWD, "/cm/shared/apps/slurm/current/lib64/slurm/libicudata.so.70", O_RDONLY|O_CLOEXEC) = -1 ENOENT (No such file or directory)
openat(AT_FDCWD, "/cm/shared/apps/slurm/current/lib64/libicudata.so.70", O_RDONLY|O_CLOEXEC) = -1 ENOENT (No such file or directory)
openat(AT_FDCWD, "/lib/x86_64-linux-gnu/libicudata.so.70", O_RDONLY|O_CLOEXEC) = 3
read(3, "\177ELF\2\1\1\0\0\0\0\0\0\0\0\0\3\0>\0\1\0\0\0\0\0\0\0\0\0\0\0"..., 832) = 832
newfstatat(3, "", {st_mode=S_IFREG|0644, st_size=29476472, ...}, AT_EMPTY_PATH) = 0
mmap(NULL, 29478936, PROT_READ, MAP_PRIVATE|MAP_DENYWRITE, 3, 0) = 0x145afbc00000
mmap(0x145afbc01000, 4096, PROT_READ|PROT_EXEC, MAP_PRIVATE|MAP_FIXED|MAP_DENYWRITE, 3, 0x1000) = 0x145afbc01000
mmap(0x145afbc02000, 29466624, PROT_READ, MAP_PRIVATE|MAP_FIXED|MAP_DENYWRITE, 3, 0x2000) = 0x145afbc02000
mmap(0x145afd81c000, 8192, PROT_READ|PROT_WRITE, MAP_PRIVATE|MAP_FIXED|MAP_DENYWRITE, 3, 0x1c1b000) = 0x145afd81c000
close(3)                                = 0
openat(AT_FDCWD, "/usr/mpi/gcc/openmpi-4.1.7a1/lib/libstdc++.so.6", O_RDONLY|O_CLOEXEC) = -1 ENOENT (No such file or directory)
openat(AT_FDCWD, "/cm/shared/apps/slurm/current/lib64/slurm/libstdc++.so.6", O_RDONLY|O_CLOEXEC) = -1 ENOENT (No such file or directory)
openat(AT_FDCWD, "/cm/shared/apps/slurm/current/lib64/libstdc++.so.6", O_RDONLY|O_CLOEXEC) = -1 ENOENT (No such file or directory)
openat(AT_FDCWD, "/lib/x86_64-linux-gnu/libstdc++.so.6", O_RDONLY|O_CLOEXEC) = 3
read(3, "\177ELF\2\1\1\3\0\0\0\0\0\0\0\0\3\0>\0\1\0\0\0\0\0\0\0\0\0\0\0"..., 832) = 832
newfstatat(3, "", {st_mode=S_IFREG|0644, st_size=2252096, ...}, AT_EMPTY_PATH) = 0
mmap(NULL, 2267328, PROT_READ, MAP_PRIVATE|MAP_DENYWRITE, 3, 0) = 0x145afb800000
mmap(0x145afb89a000, 1114112, PROT_READ|PROT_EXEC, MAP_PRIVATE|MAP_FIXED|MAP_DENYWRITE, 3, 0x9a000) = 0x145afb89a000
mmap(0x145afb9aa000, 454656, PROT_READ, MAP_PRIVATE|MAP_FIXED|MAP_DENYWRITE, 3, 0x1aa000) = 0x145afb9aa000
mmap(0x145afba19000, 57344, PROT_READ|PROT_WRITE, MAP_PRIVATE|MAP_FIXED|MAP_DENYWRITE, 3, 0x218000) = 0x145afba19000
mmap(0x145afba27000, 10432, PROT_READ|PROT_WRITE, MAP_PRIVATE|MAP_FIXED|MAP_ANONYMOUS, -1, 0) = 0x145afba27000
close(3)                                = 0
openat(AT_FDCWD, "/usr/mpi/gcc/openmpi-4.1.7a1/lib/libgcc_s.so.1", O_RDONLY|O_CLOEXEC) = -1 ENOENT (No such file or directory)
openat(AT_FDCWD, "/cm/shared/apps/slurm/current/lib64/slurm/libgcc_s.so.1", O_RDONLY|O_CLOEXEC) = -1 ENOENT (No such file or directory)
openat(AT_FDCWD, "/cm/shared/apps/slurm/current/lib64/libgcc_s.so.1", O_RDONLY|O_CLOEXEC) = -1 ENOENT (No such file or directory)
openat(AT_FDCWD, "/lib/x86_64-linux-gnu/libgcc_s.so.1", O_RDONLY|O_CLOEXEC) = 3
read(3, "\177ELF\2\1\1\0\0\0\0\0\0\0\0\0\3\0>\0\1\0\0\0\0\0\0\0\0\0\0\0"..., 832) = 832
newfstatat(3, "", {st_mode=S_IFREG|0644, st_size=125488, ...}, AT_EMPTY_PATH) = 0
mmap(NULL, 127720, PROT_READ, MAP_PRIVATE|MAP_DENYWRITE, 3, 0) = 0x145afd948000
mmap(0x145afd94b000, 94208, PROT_READ|PROT_EXEC, MAP_PRIVATE|MAP_FIXED|MAP_DENYWRITE, 3, 0x3000) = 0x145afd94b000
mmap(0x145afd962000, 16384, PROT_READ, MAP_PRIVATE|MAP_FIXED|MAP_DENYWRITE, 3, 0x1a000) = 0x145afd962000
mmap(0x145afd966000, 8192, PROT_READ|PROT_WRITE, MAP_PRIVATE|MAP_FIXED|MAP_DENYWRITE, 3, 0x1d000) = 0x145afd966000
close(3)                                = 0
mprotect(0x145afd966000, 4096, PROT_READ) = 0
mprotect(0x145afba19000, 45056, PROT_READ) = 0
mprotect(0x145afd81c000, 4096, PROT_READ) = 0
mprotect(0x145afd991000, 4096, PROT_READ) = 0
mprotect(0x145afd9ad000, 4096, PROT_READ) = 0
mprotect(0x145afdb94000, 77824, PROT_READ) = 0
mprotect(0x145afdd81000, 36864, PROT_READ) = 0
mprotect(0x145afddb4000, 4096, PROT_READ) = 0
mprotect(0x145afde1f000, 4096, PROT_READ) = 0
mprotect(0x145afde4d000, 4096, PROT_READ) = 0
munmap(0x145afddb6000, 42659)           = 0
openat(AT_FDCWD, "/cm/shared/apps/cm-pmix4/current/lib/libpmix.so", O_RDONLY|O_CLOEXEC) = 3
read(3, "\177ELF\2\1\1\0\0\0\0\0\0\0\0\0\3\0>\0\1\0\0\0\0\0\0\0\0\0\0\0"..., 832) = 832
newfstatat(3, "", {st_mode=S_IFREG|0755, st_size=2272848, ...}, AT_EMPTY_PATH) = 0
mmap(NULL, 2118936, PROT_READ, MAP_PRIVATE|MAP_DENYWRITE, 3, 0) = 0x145afb5fa000
mmap(0x145afb62f000, 1470464, PROT_READ|PROT_EXEC, MAP_PRIVATE|MAP_FIXED|MAP_DENYWRITE, 3, 0x35000) = 0x145afb62f000
mmap(0x145afb796000, 307200, PROT_READ, MAP_PRIVATE|MAP_FIXED|MAP_DENYWRITE, 3, 0x19c000) = 0x145afb796000
mmap(0x145afb7e1000, 110592, PROT_READ|PROT_WRITE, MAP_PRIVATE|MAP_FIXED|MAP_DENYWRITE, 3, 0x1e6000) = 0x145afb7e1000
mmap(0x145afb7fc000, 13592, PROT_READ|PROT_WRITE, MAP_PRIVATE|MAP_FIXED|MAP_ANONYMOUS, -1, 0) = 0x145afb7fc000
close(3)                                = 0
openat(AT_FDCWD, "/usr/mpi/gcc/openmpi-4.1.7a1/lib/libevent_core-2.1.so.7", O_RDONLY|O_CLOEXEC) = -1 ENOENT (No such file or directory)
openat(AT_FDCWD, "/cm/shared/apps/slurm/current/lib64/slurm/libevent_core-2.1.so.7", O_RDONLY|O_CLOEXEC) = -1 ENOENT (No such file or directory)
openat(AT_FDCWD, "/cm/shared/apps/slurm/current/lib64/libevent_core-2.1.so.7", O_RDONLY|O_CLOEXEC) = -1 ENOENT (No such file or directory)
openat(AT_FDCWD, "/cm/shared/apps/hwloc2/2.8.0/lib/libevent_core-2.1.so.7", O_RDONLY|O_CLOEXEC) = -1 ENOENT (No such file or directory)
openat(AT_FDCWD, "/etc/ld.so.cache", O_RDONLY|O_CLOEXEC) = 3
newfstatat(3, "", {st_mode=S_IFREG|0644, st_size=42659, ...}, AT_EMPTY_PATH) = 0
mmap(NULL, 42659, PROT_READ, MAP_PRIVATE, 3, 0) = 0x145afddb6000
close(3)                                = 0
openat(AT_FDCWD, "/lib/x86_64-linux-gnu/libevent_core-2.1.so.7", O_RDONLY|O_CLOEXEC) = 3
read(3, "\177ELF\2\1\1\0\0\0\0\0\0\0\0\0\3\0>\0\1\0\0\0\0\0\0\0\0\0\0\0"..., 832) = 832
newfstatat(3, "", {st_mode=S_IFREG|0644, st_size=211136, ...}, AT_EMPTY_PATH) = 0
mmap(NULL, 214952, PROT_READ, MAP_PRIVATE|MAP_DENYWRITE, 3, 0) = 0x145afd913000
mprotect(0x145afd91b000, 176128, PROT_NONE) = 0
mmap(0x145afd91b000, 122880, PROT_READ|PROT_EXEC, MAP_PRIVATE|MAP_FIXED|MAP_DENYWRITE, 3, 0x8000) = 0x145afd91b000
mmap(0x145afd939000, 49152, PROT_READ, MAP_PRIVATE|MAP_FIXED|MAP_DENYWRITE, 3, 0x26000) = 0x145afd939000
mmap(0x145afd946000, 8192, PROT_READ|PROT_WRITE, MAP_PRIVATE|MAP_FIXED|MAP_DENYWRITE, 3, 0x32000) = 0x145afd946000
close(3)                                = 0
openat(AT_FDCWD, "/usr/mpi/gcc/openmpi-4.1.7a1/lib/libevent_pthreads-2.1.so.7", O_RDONLY|O_CLOEXEC) = -1 ENOENT (No such file or directory)
openat(AT_FDCWD, "/cm/shared/apps/slurm/current/lib64/slurm/libevent_pthreads-2.1.so.7", O_RDONLY|O_CLOEXEC) = -1 ENOENT (No such file or directory)
openat(AT_FDCWD, "/cm/shared/apps/slurm/current/lib64/libevent_pthreads-2.1.so.7", O_RDONLY|O_CLOEXEC) = -1 ENOENT (No such file or directory)
openat(AT_FDCWD, "/cm/shared/apps/hwloc2/2.8.0/lib/libevent_pthreads-2.1.so.7", O_RDONLY|O_CLOEXEC) = -1 ENOENT (No such file or directory)
openat(AT_FDCWD, "/lib/x86_64-linux-gnu/libevent_pthreads-2.1.so.7", O_RDONLY|O_CLOEXEC) = 3
read(3, "\177ELF\2\1\1\0\0\0\0\0\0\0\0\0\3\0>\0\1\0\0\0\0\0\0\0\0\0\0\0"..., 832) = 832
newfstatat(3, "", {st_mode=S_IFREG|0644, st_size=14256, ...}, AT_EMPTY_PATH) = 0
mmap(NULL, 16400, PROT_READ, MAP_PRIVATE|MAP_DENYWRITE, 3, 0) = 0x145afd90e000
mmap(0x145afd90f000, 4096, PROT_READ|PROT_EXEC, MAP_PRIVATE|MAP_FIXED|MAP_DENYWRITE, 3, 0x1000) = 0x145afd90f000
mmap(0x145afd910000, 4096, PROT_READ, MAP_PRIVATE|MAP_FIXED|MAP_DENYWRITE, 3, 0x2000) = 0x145afd910000
mmap(0x145afd911000, 8192, PROT_READ|PROT_WRITE, MAP_PRIVATE|MAP_FIXED|MAP_DENYWRITE, 3, 0x2000) = 0x145afd911000
close(3)                                = 0
mprotect(0x145afd946000, 4096, PROT_READ) = 0
mprotect(0x145afd911000, 4096, PROT_READ) = 0
mprotect(0x145afb7e1000, 32768, PROT_READ) = 0
munmap(0x145afddb6000, 42659)           = 0
prlimit64(0, RLIMIT_CPU, NULL, {rlim_cur=RLIM64_INFINITY, rlim_max=RLIM64_INFINITY}) = 0
prlimit64(0, RLIMIT_FSIZE, NULL, {rlim_cur=RLIM64_INFINITY, rlim_max=RLIM64_INFINITY}) = 0
prlimit64(0, RLIMIT_DATA, NULL, {rlim_cur=RLIM64_INFINITY, rlim_max=RLIM64_INFINITY}) = 0
prlimit64(0, RLIMIT_STACK, NULL, {rlim_cur=RLIM64_INFINITY, rlim_max=RLIM64_INFINITY}) = 0
prlimit64(0, RLIMIT_CORE, NULL, {rlim_cur=0, rlim_max=RLIM64_INFINITY}) = 0
prlimit64(0, RLIMIT_RSS, NULL, {rlim_cur=RLIM64_INFINITY, rlim_max=RLIM64_INFINITY}) = 0
prlimit64(0, RLIMIT_NPROC, NULL, {rlim_cur=63385, rlim_max=63385}) = 0
prlimit64(0, RLIMIT_NOFILE, NULL, {rlim_cur=128*1024, rlim_max=128*1024}) = 0
prlimit64(0, RLIMIT_MEMLOCK, NULL, {rlim_cur=RLIM64_INFINITY, rlim_max=RLIM64_INFINITY}) = 0
prlimit64(0, RLIMIT_AS, NULL, {rlim_cur=RLIM64_INFINITY, rlim_max=RLIM64_INFINITY}) = 0
prlimit64(0, RLIMIT_NOFILE, NULL, {rlim_cur=128*1024, rlim_max=128*1024}) = 0
prlimit64(0, RLIMIT_NOFILE, {rlim_cur=128*1024, rlim_max=128*1024}, NULL) = 0
getpriority(PRIO_PROCESS, 0)            = 20
umask(000)                              = 007
umask(007)                              = 000
getcwd("/cm/shared/apps/slurm/var/cm/statesave/slurm", 4096) = 45
uname({sysname="Linux", nodename="srpv01504", ...}) = 0
socket(AF_NETLINK, SOCK_RAW|SOCK_CLOEXEC, NETLINK_ROUTE) = 3
bind(3, {sa_family=AF_NETLINK, nl_pid=0, nl_groups=00000000}, 12) = 0
getsockname(3, {sa_family=AF_NETLINK, nl_pid=244716, nl_groups=00000000}, [12]) = 0
sendto(3, [{nlmsg_len=20, nlmsg_type=RTM_GETADDR, nlmsg_flags=NLM_F_REQUEST|NLM_F_DUMP, nlmsg_seq=1763527003, nlmsg_pid=0}, {ifa_family=AF_UNSPEC, ...}], 20, 0, {sa_family=AF_NETLINK, nl_pid=0, nl_groups=00000000}, 12) = 20
recvmsg(3, {msg_name={sa_family=AF_NETLINK, nl_pid=0, nl_groups=00000000}, msg_namelen=12, msg_iov=[{iov_base=[[{nlmsg_len=76, nlmsg_type=RTM_NEWADDR, nlmsg_flags=NLM_F_MULTI, nlmsg_seq=1763527003, nlmsg_pid=244716}, {ifa_family=AF_INET, ifa_prefixlen=8, ifa_flags=IFA_F_PERMANENT, ifa_scope=RT_SCOPE_HOST, ifa_index=if_nametoindex("lo")}, [[{nla_len=8, nla_type=IFA_ADDRESS}, inet_addr("127.0.0.1")], [{nla_len=8, nla_type=IFA_LOCAL}, inet_addr("127.0.0.1")], [{nla_len=7, nla_type=IFA_LABEL}, "lo"], [{nla_len=8, nla_type=IFA_FLAGS}, IFA_F_PERMANENT], [{nla_len=20, nla_type=IFA_CACHEINFO}, {ifa_prefered=4294967295, ifa_valid=4294967295, cstamp=604, tstamp=604}]]], [{nlmsg_len=88, nlmsg_type=RTM_NEWADDR, nlmsg_flags=NLM_F_MULTI, nlmsg_seq=1763527003, nlmsg_pid=244716}, {ifa_family=AF_INET, ifa_prefixlen=24, ifa_flags=IFA_F_PERMANENT, ifa_scope=RT_SCOPE_UNIVERSE, ifa_index=if_nametoindex("ens192")}, [[{nla_len=8, nla_type=IFA_ADDRESS}, inet_addr("10.120.169.4")], [{nla_len=8, nla_type=IFA_LOCAL}, inet_addr("10.120.169.4")], [{nla_len=8, nla_type=IFA_BROADCAST}, inet_addr("10.120.169.255")], [{nla_len=11, nla_type=IFA_LABEL}, "ens192"], [{nla_len=8, nla_type=IFA_FLAGS}, IFA_F_PERMANENT], [{nla_len=20, nla_type=IFA_CACHEINFO}, {ifa_prefered=4294967295, ifa_valid=4294967295, cstamp=4168, tstamp=4168}]]]], iov_len=4096}], msg_iovlen=1, msg_controllen=0, msg_flags=0}, 0) = 164
recvmsg(3, {msg_name={sa_family=AF_NETLINK, nl_pid=0, nl_groups=00000000}, msg_namelen=12, msg_iov=[{iov_base=[{nlmsg_len=20, nlmsg_type=NLMSG_DONE, nlmsg_flags=NLM_F_MULTI, nlmsg_seq=1763527003, nlmsg_pid=244716}, 0], iov_len=4096}], msg_iovlen=1, msg_controllen=0, msg_flags=0}, 0) = 20
close(3)                                = 0
socket(AF_INET, SOCK_STREAM, IPPROTO_TCP) = 3
setsockopt(3, SOL_SOCKET, SO_REUSEADDR, [1], 4) = 0
bind(3, {sa_family=AF_INET, sin_port=htons(0), sin_addr=inet_addr("0.0.0.0")}, 128) = 0
getsockname(3, {sa_family=AF_INET, sin_port=htons(35581), sin_addr=inet_addr("0.0.0.0")}, [128 => 16]) = 0
listen(3, 4096)                         = 0
pipe2([4, 5], O_CLOEXEC)                = 0
fcntl(4, F_GETFL)                       = 0 (flags O_RDONLY)
fcntl(4, F_SETFL, O_RDONLY|O_NONBLOCK)  = 0
rt_sigaction(SIGRT_1, {sa_handler=0x145afe0918f0, sa_mask=[], sa_flags=SA_RESTORER|SA_ONSTACK|SA_RESTART|SA_SIGINFO, sa_restorer=0x145afe042520}, NULL, 8) = 0
rt_sigprocmask(SIG_UNBLOCK, [RTMIN RT_1], NULL, 8) = 0
mmap(NULL, 1052672, PROT_NONE, MAP_PRIVATE|MAP_ANONYMOUS|MAP_STACK, -1, 0) = 0x145afbaff000
mprotect(0x145afbb00000, 1048576, PROT_READ|PROT_WRITE) = 0
rt_sigprocmask(SIG_BLOCK, ~[], [HUP INT QUIT USR1 USR2 PIPE ALRM TERM CONT WINCH], 8) = 0
clone3({flags=CLONE_VM|CLONE_FS|CLONE_FILES|CLONE_SIGHAND|CLONE_THREAD|CLONE_SYSVSEM|CLONE_SETTLS|CLONE_PARENT_SETTID|CLONE_CHILD_CLEARTID, child_tid=0x145afbbff910, parent_tid=0x145afbbff910, exit_signal=0, stack=0x145afbaff000, stack_size=0xfff00, tls=0x145afbbff640} => {parent_tid=[244718]}, 88) = 244718
rt_sigprocmask(SIG_SETMASK, [HUP INT QUIT USR1 USR2 PIPE ALRM TERM CONT WINCH], NULL, 8) = 0
futex(0x145afe4906c0, FUTEX_WAKE_PRIVATE, 1) = 1
futex(0x145afe4906c0, FUTEX_WAKE_PRIVATE, 1) = 0
rt_sigprocmask(SIG_UNBLOCK, [HUP INT QUIT USR1 USR2 PIPE ALRM TERM CONT], NULL, 8) = 0
rt_sigaction(SIGINT, {sa_handler=0x5557767b597e, sa_mask=[INT], sa_flags=SA_RESTORER, sa_restorer=0x145afe042520}, {sa_handler=SIG_DFL, sa_mask=[], sa_flags=0}, 8) = 0
rt_sigaction(SIGQUIT, {sa_handler=0x5557767b597e, sa_mask=[QUIT], sa_flags=SA_RESTORER, sa_restorer=0x145afe042520}, {sa_handler=SIG_DFL, sa_mask=[], sa_flags=0}, 8) = 0
rt_sigaction(SIGCONT, {sa_handler=0x5557767b597e, sa_mask=[CONT], sa_flags=SA_RESTORER, sa_restorer=0x145afe042520}, {sa_handler=SIG_DFL, sa_mask=[], sa_flags=0}, 8) = 0
rt_sigaction(SIGTERM, {sa_handler=0x5557767b597e, sa_mask=[TERM], sa_flags=SA_RESTORER, sa_restorer=0x145afe042520}, {sa_handler=SIG_DFL, sa_mask=[], sa_flags=0}, 8) = 0
rt_sigaction(SIGHUP, {sa_handler=0x5557767b597e, sa_mask=[HUP], sa_flags=SA_RESTORER, sa_restorer=0x145afe042520}, {sa_handler=SIG_DFL, sa_mask=[], sa_flags=0}, 8) = 0
rt_sigaction(SIGALRM, {sa_handler=0x5557767b597e, sa_mask=[ALRM], sa_flags=SA_RESTORER, sa_restorer=0x145afe042520}, {sa_handler=SIG_DFL, sa_mask=[], sa_flags=0}, 8) = 0
rt_sigaction(SIGUSR1, {sa_handler=0x5557767b597e, sa_mask=[USR1], sa_flags=SA_RESTORER, sa_restorer=0x145afe042520}, {sa_handler=SIG_DFL, sa_mask=[], sa_flags=0}, 8) = 0
rt_sigaction(SIGUSR2, {sa_handler=0x5557767b597e, sa_mask=[USR2], sa_flags=SA_RESTORER, sa_restorer=0x145afe042520}, {sa_handler=SIG_DFL, sa_mask=[], sa_flags=0}, 8) = 0
rt_sigaction(SIGPIPE, {sa_handler=0x5557767b597e, sa_mask=[PIPE], sa_flags=SA_RESTORER, sa_restorer=0x145afe042520}, {sa_handler=SIG_DFL, sa_mask=[], sa_flags=0}, 8) = 0
getsid(0)                               = 207905
socket(AF_INET, SOCK_STREAM|SOCK_CLOEXEC, IPPROTO_TCP) = 6
setsockopt(6, SOL_SOCKET, SO_REUSEADDR, [1], 4) = 0
bind(6, {sa_family=AF_INET, sin_port=htons(0), sin_addr=inet_addr("0.0.0.0")}, 128) = 0
listen(6, 4096)                         = 0
getsockname(6, {sa_family=AF_INET, sin_port=htons(46713), sin_addr=inet_addr("0.0.0.0")}, [128 => 16]) = 0
uname({sysname="Linux", nodename="srpv01504", ...}) = 0
fcntl(6, F_GETFL)                       = 0x2 (flags O_RDWR)
fcntl(6, F_SETFL, O_RDWR|O_NONBLOCK)    = 0
socket(AF_UNIX, SOCK_STREAM|SOCK_CLOEXEC|SOCK_NONBLOCK, 0) = 7
connect(7, {sa_family=AF_UNIX, sun_path="/var/run/nscd/socket"}, 110) = 0
sendto(7, "\2\0\0\0\r\0\0\0\6\0\0\0hosts\0", 18, MSG_NOSIGNAL, NULL, 0) = 18
poll([{fd=7, events=POLLIN|POLLERR|POLLHUP}], 1, 5000) = 1 ([{fd=7, revents=POLLIN|POLLHUP}])
recvmsg(7, {msg_name=NULL, msg_namelen=0, msg_iov=[{iov_base="hosts\0", iov_len=6}, {iov_base="\310O\3\0\0\0\0\0", iov_len=8}], msg_iovlen=2, msg_control=[{cmsg_len=20, cmsg_level=SOL_SOCKET, cmsg_type=SCM_RIGHTS, cmsg_data=[8]}], msg_controllen=20, msg_flags=MSG_CMSG_CLOEXEC}, MSG_CMSG_CLOEXEC) = 14
mmap(NULL, 217032, PROT_READ, MAP_SHARED, 8, 0) = 0x145afd8d9000
close(8)                                = 0
close(7)                                = 0
socket(AF_NETLINK, SOCK_RAW|SOCK_CLOEXEC, NETLINK_ROUTE) = 7
bind(7, {sa_family=AF_NETLINK, nl_pid=0, nl_groups=00000000}, 12) = 0
getsockname(7, {sa_family=AF_NETLINK, nl_pid=244716, nl_groups=00000000}, [12]) = 0
sendto(7, [{nlmsg_len=20, nlmsg_type=RTM_GETADDR, nlmsg_flags=NLM_F_REQUEST|NLM_F_DUMP, nlmsg_seq=1763527003, nlmsg_pid=0}, {ifa_family=AF_UNSPEC, ...}], 20, 0, {sa_family=AF_NETLINK, nl_pid=0, nl_groups=00000000}, 12) = 20
recvmsg(7, {msg_name={sa_family=AF_NETLINK, nl_pid=0, nl_groups=00000000}, msg_namelen=12, msg_iov=[{iov_base=[[{nlmsg_len=76, nlmsg_type=RTM_NEWADDR, nlmsg_flags=NLM_F_MULTI, nlmsg_seq=1763527003, nlmsg_pid=244716}, {ifa_family=AF_INET, ifa_prefixlen=8, ifa_flags=IFA_F_PERMANENT, ifa_scope=RT_SCOPE_HOST, ifa_index=if_nametoindex("lo")}, [[{nla_len=8, nla_type=IFA_ADDRESS}, inet_addr("127.0.0.1")], [{nla_len=8, nla_type=IFA_LOCAL}, inet_addr("127.0.0.1")], [{nla_len=7, nla_type=IFA_LABEL}, "lo"], [{nla_len=8, nla_type=IFA_FLAGS}, IFA_F_PERMANENT], [{nla_len=20, nla_type=IFA_CACHEINFO}, {ifa_prefered=4294967295, ifa_valid=4294967295, cstamp=604, tstamp=604}]]], [{nlmsg_len=88, nlmsg_type=RTM_NEWADDR, nlmsg_flags=NLM_F_MULTI, nlmsg_seq=1763527003, nlmsg_pid=244716}, {ifa_family=AF_INET, ifa_prefixlen=24, ifa_flags=IFA_F_PERMANENT, ifa_scope=RT_SCOPE_UNIVERSE, ifa_index=if_nametoindex("ens192")}, [[{nla_len=8, nla_type=IFA_ADDRESS}, inet_addr("10.120.169.4")], [{nla_len=8, nla_type=IFA_LOCAL}, inet_addr("10.120.169.4")], [{nla_len=8, nla_type=IFA_BROADCAST}, inet_addr("10.120.169.255")], [{nla_len=11, nla_type=IFA_LABEL}, "ens192"], [{nla_len=8, nla_type=IFA_FLAGS}, IFA_F_PERMANENT], [{nla_len=20, nla_type=IFA_CACHEINFO}, {ifa_prefered=4294967295, ifa_valid=4294967295, cstamp=4168, tstamp=4168}]]]], iov_len=4096}], msg_iovlen=1, msg_controllen=0, msg_flags=0}, 0) = 164
recvmsg(7, {msg_name={sa_family=AF_NETLINK, nl_pid=0, nl_groups=00000000}, msg_namelen=12, msg_iov=[{iov_base=[{nlmsg_len=20, nlmsg_type=NLMSG_DONE, nlmsg_flags=NLM_F_MULTI, nlmsg_seq=1763527003, nlmsg_pid=244716}, 0], iov_len=4096}], msg_iovlen=1, msg_controllen=0, msg_flags=0}, 0) = 20
close(7)                                = 0
socket(AF_NETLINK, SOCK_RAW|SOCK_CLOEXEC, NETLINK_ROUTE) = 7
bind(7, {sa_family=AF_NETLINK, nl_pid=0, nl_groups=00000000}, 12) = 0
getsockname(7, {sa_family=AF_NETLINK, nl_pid=244716, nl_groups=00000000}, [12]) = 0
sendto(7, [{nlmsg_len=20, nlmsg_type=RTM_GETADDR, nlmsg_flags=NLM_F_REQUEST|NLM_F_DUMP, nlmsg_seq=1763527003, nlmsg_pid=0}, {ifa_family=AF_UNSPEC, ...}], 20, 0, {sa_family=AF_NETLINK, nl_pid=0, nl_groups=00000000}, 12) = 20
recvmsg(7, {msg_name={sa_family=AF_NETLINK, nl_pid=0, nl_groups=00000000}, msg_namelen=12, msg_iov=[{iov_base=[[{nlmsg_len=76, nlmsg_type=RTM_NEWADDR, nlmsg_flags=NLM_F_MULTI, nlmsg_seq=1763527003, nlmsg_pid=244716}, {ifa_family=AF_INET, ifa_prefixlen=8, ifa_flags=IFA_F_PERMANENT, ifa_scope=RT_SCOPE_HOST, ifa_index=if_nametoindex("lo")}, [[{nla_len=8, nla_type=IFA_ADDRESS}, inet_addr("127.0.0.1")], [{nla_len=8, nla_type=IFA_LOCAL}, inet_addr("127.0.0.1")], [{nla_len=7, nla_type=IFA_LABEL}, "lo"], [{nla_len=8, nla_type=IFA_FLAGS}, IFA_F_PERMANENT], [{nla_len=20, nla_type=IFA_CACHEINFO}, {ifa_prefered=4294967295, ifa_valid=4294967295, cstamp=604, tstamp=604}]]], [{nlmsg_len=88, nlmsg_type=RTM_NEWADDR, nlmsg_flags=NLM_F_MULTI, nlmsg_seq=1763527003, nlmsg_pid=244716}, {ifa_family=AF_INET, ifa_prefixlen=24, ifa_flags=IFA_F_PERMANENT, ifa_scope=RT_SCOPE_UNIVERSE, ifa_index=if_nametoindex("ens192")}, [[{nla_len=8, nla_type=IFA_ADDRESS}, inet_addr("10.120.169.4")], [{nla_len=8, nla_type=IFA_LOCAL}, inet_addr("10.120.169.4")], [{nla_len=8, nla_type=IFA_BROADCAST}, inet_addr("10.120.169.255")], [{nla_len=11, nla_type=IFA_LABEL}, "ens192"], [{nla_len=8, nla_type=IFA_FLAGS}, IFA_F_PERMANENT], [{nla_len=20, nla_type=IFA_CACHEINFO}, {ifa_prefered=4294967295, ifa_valid=4294967295, cstamp=4168, tstamp=4168}]]]], iov_len=4096}], msg_iovlen=1, msg_controllen=0, msg_flags=0}, 0) = 164
recvmsg(7, {msg_name={sa_family=AF_NETLINK, nl_pid=0, nl_groups=00000000}, msg_namelen=12, msg_iov=[{iov_base=[{nlmsg_len=20, nlmsg_type=NLMSG_DONE, nlmsg_flags=NLM_F_MULTI, nlmsg_seq=1763527003, nlmsg_pid=244716}, 0], iov_len=4096}], msg_iovlen=1, msg_controllen=0, msg_flags=0}, 0) = 20
close(7)                                = 0
getpid()                                = 244716
getpid()                                = 244716
socket(AF_INET, SOCK_STREAM|SOCK_CLOEXEC, IPPROTO_TCP) = 7
fcntl(7, F_GETFL)                       = 0x2 (flags O_RDWR)
fcntl(7, F_SETFL, O_RDWR|O_NONBLOCK)    = 0
connect(7, {sa_family=AF_INET, sin_port=htons(6817), sin_addr=inet_addr("10.120.112.124")}, 128) = -1 EINPROGRESS (Operation now in progress)
poll([{fd=7, events=POLLIN|POLLOUT}], 1, 2000) = 1 ([{fd=7, revents=POLLOUT}])
fcntl(7, F_SETFL, O_RDWR)               = 0
rt_sigaction(SIGALRM, {sa_handler=SIG_DFL, sa_mask=[ALRM], sa_flags=SA_RESTORER, sa_restorer=0x145afe042520}, {sa_handler=0x5557767b597e, sa_mask=[ALRM], sa_flags=SA_RESTORER, sa_restorer=0x145afe042520}, 8) = 0
newfstatat(AT_FDCWD, "/var/run/munge/munge.socket.2", {st_mode=S_IFSOCK|0777, st_size=0, ...}, 0) = 0
socket(AF_UNIX, SOCK_STREAM, 0)         = 8
fcntl(8, F_GETFL)                       = 0x2 (flags O_RDWR)
fcntl(8, F_SETFL, O_RDWR|O_NONBLOCK)    = 0
connect(8, {sa_family=AF_UNIX, sun_path="/var/run/munge/munge.socket.2"}, 110) = 0
writev(8, [{iov_base="\0`mK\4\2\0\0\0\0005", iov_len=11}, {iov_base="\1\1\1\0\0\0\0\0\377\377\377\377\377\377\377\377\0\0\0!\2}\264'\24\5\224\367Bg%\245"..., iov_len=53}], 2) = 64
read(8, 0x7ffd07d2b97d, 11)             = -1 EAGAIN (Resource temporarily unavailable)
poll([{fd=8, events=POLLIN}], 1, 2000)  = 1 ([{fd=8, revents=POLLIN|POLLHUP}])
read(8, "\0`mK\4\3\0\0\0\0\302", 11)    = 11
read(8, "\0\0\0\0\0\274MUNGE:AwQFAABG8Gd3bppETdKY"..., 194) = 194
close(8)                                = 0
rt_sigaction(SIGALRM, {sa_handler=0x5557767b597e, sa_mask=[ALRM], sa_flags=SA_RESTORER, sa_restorer=0x145afe042520}, {sa_handler=SIG_DFL, sa_mask=[ALRM], sa_flags=SA_RESTORER, sa_restorer=0x145afe042520}, 8) = 0
rt_sigaction(SIGPIPE, {sa_handler=SIG_IGN, sa_mask=[PIPE], sa_flags=SA_RESTORER, sa_restorer=0x145afe042520}, {sa_handler=0x5557767b597e, sa_mask=[PIPE], sa_flags=SA_RESTORER, sa_restorer=0x145afe042520}, 8) = 0
fcntl(7, F_GETFL)                       = 0x2 (flags O_RDWR)
fcntl(7, F_GETFL)                       = 0x2 (flags O_RDWR)
fcntl(7, F_SETFL, O_RDWR|O_NONBLOCK)    = 0
poll([{fd=7, events=POLLOUT}], 1, 10000) = 1 ([{fd=7, revents=POLLOUT}])
recvfrom(7, 0x7ffd07d2bba6, 1, 0, NULL, NULL) = -1 EAGAIN (Resource temporarily unavailable)
sendto(7, "\0\0\3\20", 4, 0, NULL, 0)   = 4
fcntl(7, F_SETFL, O_RDWR)               = 0
fcntl(7, F_GETFL)                       = 0x2 (flags O_RDWR)
fcntl(7, F_GETFL)                       = 0x2 (flags O_RDWR)
fcntl(7, F_SETFL, O_RDWR|O_NONBLOCK)    = 0
poll([{fd=7, events=POLLOUT}], 1, 10000) = 1 ([{fd=7, revents=POLLOUT}])
recvfrom(7, 0x7ffd07d2bba6, 1, 0, NULL, NULL) = -1 EAGAIN (Resource temporarily unavailable)
sendto(7, "'\0\0\0\17\241\0\0\2<\0\0\0\0\0\0", 16, 0, NULL, 0) = 16
fcntl(7, F_SETFL, O_RDWR)               = 0
fcntl(7, F_GETFL)                       = 0x2 (flags O_RDWR)
fcntl(7, F_GETFL)                       = 0x2 (flags O_RDWR)
fcntl(7, F_SETFL, O_RDWR|O_NONBLOCK)    = 0
poll([{fd=7, events=POLLOUT}], 1, 10000) = 1 ([{fd=7, revents=POLLOUT}])
recvfrom(7, 0x7ffd07d2bba6, 1, 0, NULL, NULL) = -1 EAGAIN (Resource temporarily unavailable)
sendto(7, "\0\0\0e\0\0\0\274MUNGE:AwQFAABG8Gd3bppETd"..., 196, 0, NULL, 0) = 196
fcntl(7, F_SETFL, O_RDWR)               = 0
fcntl(7, F_GETFL)                       = 0x2 (flags O_RDWR)
fcntl(7, F_GETFL)                       = 0x2 (flags O_RDWR)
fcntl(7, F_SETFL, O_RDWR|O_NONBLOCK)    = 0
poll([{fd=7, events=POLLOUT}], 1, 10000) = 1 ([{fd=7, revents=POLLOUT}])
recvfrom(7, 0x7ffd07d2bba6, 1, 0, NULL, NULL) = -1 EAGAIN (Resource temporarily unavailable)
sendto(7, "\377\377\377\376\0\0\0\0\0\0\0\0\0\0\0\0\0\0\0\0\0\0\0\0\0\0\377\376\0\0 \0"..., 572, 0, NULL, 0) = 572
fcntl(7, F_SETFL, O_RDWR)               = 0
rt_sigaction(SIGPIPE, {sa_handler=0x5557767b597e, sa_mask=[PIPE], sa_flags=SA_RESTORER, sa_restorer=0x145afe042520}, {sa_handler=SIG_IGN, sa_mask=[PIPE], sa_flags=SA_RESTORER, sa_restorer=0x145afe042520}, 8) = 0
fcntl(7, F_GETFL)                       = 0x2 (flags O_RDWR)
fcntl(7, F_GETFL)                       = 0x2 (flags O_RDWR)
fcntl(7, F_SETFL, O_RDWR|O_NONBLOCK)    = 0
poll([{fd=7, events=POLLIN}], 1, 10000) = 1 ([{fd=7, revents=POLLIN}])
recvfrom(7, "\0\0\0\277", 4, 0, NULL, NULL) = 4
fcntl(7, F_SETFL, O_RDWR)               = 0
fcntl(7, F_GETFL)                       = 0x2 (flags O_RDWR)
fcntl(7, F_GETFL)                       = 0x2 (flags O_RDWR)
fcntl(7, F_SETFL, O_RDWR|O_NONBLOCK)    = 0
poll([{fd=7, events=POLLIN}], 1, 10000) = 1 ([{fd=7, revents=POLLIN}])
recvfrom(7, "'\0\0@\17\242\0\0\0\257\0\0\0\0\0\0\0\0\0\tgroup045\0\0\0\0"..., 191, 0, NULL, NULL) = 191
fcntl(7, F_SETFL, O_RDWR)               = 0
close(7)                                = 0
close(6)                                = 0
socket(AF_NETLINK, SOCK_RAW|SOCK_CLOEXEC, NETLINK_ROUTE) = 6
bind(6, {sa_family=AF_NETLINK, nl_pid=0, nl_groups=00000000}, 12) = 0
getsockname(6, {sa_family=AF_NETLINK, nl_pid=244716, nl_groups=00000000}, [12]) = 0
sendto(6, [{nlmsg_len=20, nlmsg_type=RTM_GETADDR, nlmsg_flags=NLM_F_REQUEST|NLM_F_DUMP, nlmsg_seq=1763527003, nlmsg_pid=0}, {ifa_family=AF_UNSPEC, ...}], 20, 0, {sa_family=AF_NETLINK, nl_pid=0, nl_groups=00000000}, 12) = 20
recvmsg(6, {msg_name={sa_family=AF_NETLINK, nl_pid=0, nl_groups=00000000}, msg_namelen=12, msg_iov=[{iov_base=[[{nlmsg_len=76, nlmsg_type=RTM_NEWADDR, nlmsg_flags=NLM_F_MULTI, nlmsg_seq=1763527003, nlmsg_pid=244716}, {ifa_family=AF_INET, ifa_prefixlen=8, ifa_flags=IFA_F_PERMANENT, ifa_scope=RT_SCOPE_HOST, ifa_index=if_nametoindex("lo")}, [[{nla_len=8, nla_type=IFA_ADDRESS}, inet_addr("127.0.0.1")], [{nla_len=8, nla_type=IFA_LOCAL}, inet_addr("127.0.0.1")], [{nla_len=7, nla_type=IFA_LABEL}, "lo"], [{nla_len=8, nla_type=IFA_FLAGS}, IFA_F_PERMANENT], [{nla_len=20, nla_type=IFA_CACHEINFO}, {ifa_prefered=4294967295, ifa_valid=4294967295, cstamp=604, tstamp=604}]]], [{nlmsg_len=88, nlmsg_type=RTM_NEWADDR, nlmsg_flags=NLM_F_MULTI, nlmsg_seq=1763527003, nlmsg_pid=244716}, {ifa_family=AF_INET, ifa_prefixlen=24, ifa_flags=IFA_F_PERMANENT, ifa_scope=RT_SCOPE_UNIVERSE, ifa_index=if_nametoindex("ens192")}, [[{nla_len=8, nla_type=IFA_ADDRESS}, inet_addr("10.120.169.4")], [{nla_len=8, nla_type=IFA_LOCAL}, inet_addr("10.120.169.4")], [{nla_len=8, nla_type=IFA_BROADCAST}, inet_addr("10.120.169.255")], [{nla_len=11, nla_type=IFA_LABEL}, "ens192"], [{nla_len=8, nla_type=IFA_FLAGS}, IFA_F_PERMANENT], [{nla_len=20, nla_type=IFA_CACHEINFO}, {ifa_prefered=4294967295, ifa_valid=4294967295, cstamp=4168, tstamp=4168}]]]], iov_len=4096}], msg_iovlen=1, msg_controllen=0, msg_flags=0}, 0) = 164
recvmsg(6, {msg_name={sa_family=AF_NETLINK, nl_pid=0, nl_groups=00000000}, msg_namelen=12, msg_iov=[{iov_base=[{nlmsg_len=20, nlmsg_type=NLMSG_DONE, nlmsg_flags=NLM_F_MULTI, nlmsg_seq=1763527003, nlmsg_pid=244716}, 0], iov_len=4096}], msg_iovlen=1, msg_controllen=0, msg_flags=0}, 0) = 20
close(6)                                = 0
socket(AF_NETLINK, SOCK_RAW|SOCK_CLOEXEC, NETLINK_ROUTE) = 6
bind(6, {sa_family=AF_NETLINK, nl_pid=0, nl_groups=00000000}, 12) = 0
getsockname(6, {sa_family=AF_NETLINK, nl_pid=244716, nl_groups=00000000}, [12]) = 0
sendto(6, [{nlmsg_len=20, nlmsg_type=RTM_GETADDR, nlmsg_flags=NLM_F_REQUEST|NLM_F_DUMP, nlmsg_seq=1763527003, nlmsg_pid=0}, {ifa_family=AF_UNSPEC, ...}], 20, 0, {sa_family=AF_NETLINK, nl_pid=0, nl_groups=00000000}, 12) = 20
recvmsg(6, {msg_name={sa_family=AF_NETLINK, nl_pid=0, nl_groups=00000000}, msg_namelen=12, msg_iov=[{iov_base=[[{nlmsg_len=76, nlmsg_type=RTM_NEWADDR, nlmsg_flags=NLM_F_MULTI, nlmsg_seq=1763527003, nlmsg_pid=244716}, {ifa_family=AF_INET, ifa_prefixlen=8, ifa_flags=IFA_F_PERMANENT, ifa_scope=RT_SCOPE_HOST, ifa_index=if_nametoindex("lo")}, [[{nla_len=8, nla_type=IFA_ADDRESS}, inet_addr("127.0.0.1")], [{nla_len=8, nla_type=IFA_LOCAL}, inet_addr("127.0.0.1")], [{nla_len=7, nla_type=IFA_LABEL}, "lo"], [{nla_len=8, nla_type=IFA_FLAGS}, IFA_F_PERMANENT], [{nla_len=20, nla_type=IFA_CACHEINFO}, {ifa_prefered=4294967295, ifa_valid=4294967295, cstamp=604, tstamp=604}]]], [{nlmsg_len=88, nlmsg_type=RTM_NEWADDR, nlmsg_flags=NLM_F_MULTI, nlmsg_seq=1763527003, nlmsg_pid=244716}, {ifa_family=AF_INET, ifa_prefixlen=24, ifa_flags=IFA_F_PERMANENT, ifa_scope=RT_SCOPE_UNIVERSE, ifa_index=if_nametoindex("ens192")}, [[{nla_len=8, nla_type=IFA_ADDRESS}, inet_addr("10.120.169.4")], [{nla_len=8, nla_type=IFA_LOCAL}, inet_addr("10.120.169.4")], [{nla_len=8, nla_type=IFA_BROADCAST}, inet_addr("10.120.169.255")], [{nla_len=11, nla_type=IFA_LABEL}, "ens192"], [{nla_len=8, nla_type=IFA_FLAGS}, IFA_F_PERMANENT], [{nla_len=20, nla_type=IFA_CACHEINFO}, {ifa_prefered=4294967295, ifa_valid=4294967295, cstamp=4168, tstamp=4168}]]]], iov_len=4096}], msg_iovlen=1, msg_controllen=0, msg_flags=0}, 0) = 164
recvmsg(6, {msg_name={sa_family=AF_NETLINK, nl_pid=0, nl_groups=00000000}, msg_namelen=12, msg_iov=[{iov_base=[{nlmsg_len=20, nlmsg_type=NLMSG_DONE, nlmsg_flags=NLM_F_MULTI, nlmsg_seq=1763527003, nlmsg_pid=244716}, 0], iov_len=4096}], msg_iovlen=1, msg_controllen=0, msg_flags=0}, 0) = 20
close(6)                                = 0
getpid()                                = 244716
getpid()                                = 244716
socket(AF_INET, SOCK_STREAM|SOCK_CLOEXEC, IPPROTO_TCP) = 6
fcntl(6, F_GETFL)                       = 0x2 (flags O_RDWR)
fcntl(6, F_SETFL, O_RDWR|O_NONBLOCK)    = 0
connect(6, {sa_family=AF_INET, sin_port=htons(6817), sin_addr=inet_addr("10.120.112.124")}, 128) = -1 EINPROGRESS (Operation now in progress)
poll([{fd=6, events=POLLIN|POLLOUT}], 1, 2000) = 1 ([{fd=6, revents=POLLOUT}])
fcntl(6, F_SETFL, O_RDWR)               = 0
rt_sigaction(SIGALRM, {sa_handler=SIG_DFL, sa_mask=[ALRM], sa_flags=SA_RESTORER, sa_restorer=0x145afe042520}, {sa_handler=0x5557767b597e, sa_mask=[ALRM], sa_flags=SA_RESTORER, sa_restorer=0x145afe042520}, 8) = 0
newfstatat(AT_FDCWD, "/var/run/munge/munge.socket.2", {st_mode=S_IFSOCK|0777, st_size=0, ...}, 0) = 0
socket(AF_UNIX, SOCK_STREAM, 0)         = 7
fcntl(7, F_GETFL)                       = 0x2 (flags O_RDWR)
fcntl(7, F_SETFL, O_RDWR|O_NONBLOCK)    = 0
connect(7, {sa_family=AF_UNIX, sun_path="/var/run/munge/munge.socket.2"}, 110) = 0
writev(7, [{iov_base="\0`mK\4\2\0\0\0\0005", iov_len=11}, {iov_base="\1\1\1\0\0\0\0\0\377\377\377\377\377\377\377\377\0\0\0!\2/\316\34\341\371\5\316\260W#'"..., iov_len=53}], 2) = 64
read(7, "\0`mK\4\3\0\0\0\0\302", 11)    = 11
read(7, "\0\0\0\0\0\274MUNGE:AwQFAADjAZvuesgh2i8X"..., 194) = 194
close(7)                                = 0
rt_sigaction(SIGALRM, {sa_handler=0x5557767b597e, sa_mask=[ALRM], sa_flags=SA_RESTORER, sa_restorer=0x145afe042520}, {sa_handler=SIG_DFL, sa_mask=[ALRM], sa_flags=SA_RESTORER, sa_restorer=0x145afe042520}, 8) = 0
rt_sigaction(SIGPIPE, {sa_handler=SIG_IGN, sa_mask=[PIPE], sa_flags=SA_RESTORER, sa_restorer=0x145afe042520}, {sa_handler=0x5557767b597e, sa_mask=[PIPE], sa_flags=SA_RESTORER, sa_restorer=0x145afe042520}, 8) = 0
fcntl(6, F_GETFL)                       = 0x2 (flags O_RDWR)
fcntl(6, F_GETFL)                       = 0x2 (flags O_RDWR)
fcntl(6, F_SETFL, O_RDWR|O_NONBLOCK)    = 0
poll([{fd=6, events=POLLOUT}], 1, 10000) = 1 ([{fd=6, revents=POLLOUT}])
recvfrom(6, 0x7ffd07d2bb46, 1, 0, NULL, NULL) = -1 EAGAIN (Resource temporarily unavailable)
sendto(6, "\0\0\0\332", 4, 0, NULL, 0)  = 4
fcntl(6, F_SETFL, O_RDWR)               = 0
fcntl(6, F_GETFL)                       = 0x2 (flags O_RDWR)
fcntl(6, F_GETFL)                       = 0x2 (flags O_RDWR)
fcntl(6, F_SETFL, O_RDWR|O_NONBLOCK)    = 0
poll([{fd=6, events=POLLOUT}], 1, 10000) = 1 ([{fd=6, revents=POLLOUT}])
recvfrom(6, 0x7ffd07d2bb46, 1, 0, NULL, NULL) = -1 EAGAIN (Resource temporarily unavailable)
sendto(6, "'\0\0\0\17\263\0\0\0\6\0\0\0\0\0\0", 16, 0, NULL, 0) = 16
fcntl(6, F_SETFL, O_RDWR)               = 0
fcntl(6, F_GETFL)                       = 0x2 (flags O_RDWR)
fcntl(6, F_GETFL)                       = 0x2 (flags O_RDWR)
fcntl(6, F_SETFL, O_RDWR|O_NONBLOCK)    = 0
poll([{fd=6, events=POLLOUT}], 1, 10000) = 1 ([{fd=6, revents=POLLOUT}])
recvfrom(6, 0x7ffd07d2bb46, 1, 0, NULL, NULL) = -1 EAGAIN (Resource temporarily unavailable)
sendto(6, "\0\0\0e\0\0\0\274MUNGE:AwQFAADjAZvuesgh2i"..., 196, 0, NULL, 0) = 196
fcntl(6, F_SETFL, O_RDWR)               = 0
fcntl(6, F_GETFL)                       = 0x2 (flags O_RDWR)
fcntl(6, F_GETFL)                       = 0x2 (flags O_RDWR)
fcntl(6, F_SETFL, O_RDWR|O_NONBLOCK)    = 0
poll([{fd=6, events=POLLOUT}], 1, 10000) = 1 ([{fd=6, revents=POLLOUT}])
recvfrom(6, 0x7ffd07d2bb46, 1, 0, NULL, NULL) = -1 EAGAIN (Resource temporarily unavailable)
sendto(6, "\0$\231\224\0\0", 6, 0, NULL, 0) = 6
fcntl(6, F_SETFL, O_RDWR)               = 0
rt_sigaction(SIGPIPE, {sa_handler=0x5557767b597e, sa_mask=[PIPE], sa_flags=SA_RESTORER, sa_restorer=0x145afe042520}, {sa_handler=SIG_IGN, sa_mask=[PIPE], sa_flags=SA_RESTORER, sa_restorer=0x145afe042520}, 8) = 0
fcntl(6, F_GETFL)                       = 0x2 (flags O_RDWR)
fcntl(6, F_GETFL)                       = 0x2 (flags O_RDWR)
fcntl(6, F_SETFL, O_RDWR|O_NONBLOCK)    = 0
poll([{fd=6, events=POLLIN}], 1, 10000) = 1 ([{fd=6, revents=POLLIN}])
recvfrom(6, "\0\0\0\24", 4, 0, NULL, NULL) = 4
fcntl(6, F_SETFL, O_RDWR)               = 0
fcntl(6, F_GETFL)                       = 0x2 (flags O_RDWR)
fcntl(6, F_GETFL)                       = 0x2 (flags O_RDWR)
fcntl(6, F_SETFL, O_RDWR|O_NONBLOCK)    = 0
poll([{fd=6, events=POLLIN}], 1, 10000) = 1 ([{fd=6, revents=POLLIN}])
recvfrom(6, "'\0\0@\27\203\0\0\0\4\0\0\0\0\0\0\0\0\0\7", 20, 0, NULL, NULL) = 20
fcntl(6, F_SETFL, O_RDWR)               = 0
close(6)                                = 0
clock_nanosleep(CLOCK_REALTIME, 0, {tv_sec=0, tv_nsec=100000000}, NULL) = 0
socket(AF_NETLINK, SOCK_RAW|SOCK_CLOEXEC, NETLINK_ROUTE) = 6
bind(6, {sa_family=AF_NETLINK, nl_pid=0, nl_groups=00000000}, 12) = 0
getsockname(6, {sa_family=AF_NETLINK, nl_pid=244716, nl_groups=00000000}, [12]) = 0
sendto(6, [{nlmsg_len=20, nlmsg_type=RTM_GETADDR, nlmsg_flags=NLM_F_REQUEST|NLM_F_DUMP, nlmsg_seq=1763527003, nlmsg_pid=0}, {ifa_family=AF_UNSPEC, ...}], 20, 0, {sa_family=AF_NETLINK, nl_pid=0, nl_groups=00000000}, 12) = 20
recvmsg(6, {msg_name={sa_family=AF_NETLINK, nl_pid=0, nl_groups=00000000}, msg_namelen=12, msg_iov=[{iov_base=[[{nlmsg_len=76, nlmsg_type=RTM_NEWADDR, nlmsg_flags=NLM_F_MULTI, nlmsg_seq=1763527003, nlmsg_pid=244716}, {ifa_family=AF_INET, ifa_prefixlen=8, ifa_flags=IFA_F_PERMANENT, ifa_scope=RT_SCOPE_HOST, ifa_index=if_nametoindex("lo")}, [[{nla_len=8, nla_type=IFA_ADDRESS}, inet_addr("127.0.0.1")], [{nla_len=8, nla_type=IFA_LOCAL}, inet_addr("127.0.0.1")], [{nla_len=7, nla_type=IFA_LABEL}, "lo"], [{nla_len=8, nla_type=IFA_FLAGS}, IFA_F_PERMANENT], [{nla_len=20, nla_type=IFA_CACHEINFO}, {ifa_prefered=4294967295, ifa_valid=4294967295, cstamp=604, tstamp=604}]]], [{nlmsg_len=88, nlmsg_type=RTM_NEWADDR, nlmsg_flags=NLM_F_MULTI, nlmsg_seq=1763527003, nlmsg_pid=244716}, {ifa_family=AF_INET, ifa_prefixlen=24, ifa_flags=IFA_F_PERMANENT, ifa_scope=RT_SCOPE_UNIVERSE, ifa_index=if_nametoindex("ens192")}, [[{nla_len=8, nla_type=IFA_ADDRESS}, inet_addr("10.120.169.4")], [{nla_len=8, nla_type=IFA_LOCAL}, inet_addr("10.120.169.4")], [{nla_len=8, nla_type=IFA_BROADCAST}, inet_addr("10.120.169.255")], [{nla_len=11, nla_type=IFA_LABEL}, "ens192"], [{nla_len=8, nla_type=IFA_FLAGS}, IFA_F_PERMANENT], [{nla_len=20, nla_type=IFA_CACHEINFO}, {ifa_prefered=4294967295, ifa_valid=4294967295, cstamp=4168, tstamp=4168}]]]], iov_len=4096}], msg_iovlen=1, msg_controllen=0, msg_flags=0}, 0) = 164
recvmsg(6, {msg_name={sa_family=AF_NETLINK, nl_pid=0, nl_groups=00000000}, msg_namelen=12, msg_iov=[{iov_base=[{nlmsg_len=20, nlmsg_type=NLMSG_DONE, nlmsg_flags=NLM_F_MULTI, nlmsg_seq=1763527003, nlmsg_pid=244716}, 0], iov_len=4096}], msg_iovlen=1, msg_controllen=0, msg_flags=0}, 0) = 20
close(6)                                = 0
socket(AF_NETLINK, SOCK_RAW|SOCK_CLOEXEC, NETLINK_ROUTE) = 6
bind(6, {sa_family=AF_NETLINK, nl_pid=0, nl_groups=00000000}, 12) = 0
getsockname(6, {sa_family=AF_NETLINK, nl_pid=244716, nl_groups=00000000}, [12]) = 0
sendto(6, [{nlmsg_len=20, nlmsg_type=RTM_GETADDR, nlmsg_flags=NLM_F_REQUEST|NLM_F_DUMP, nlmsg_seq=1763527003, nlmsg_pid=0}, {ifa_family=AF_UNSPEC, ...}], 20, 0, {sa_family=AF_NETLINK, nl_pid=0, nl_groups=00000000}, 12) = 20
recvmsg(6, {msg_name={sa_family=AF_NETLINK, nl_pid=0, nl_groups=00000000}, msg_namelen=12, msg_iov=[{iov_base=[[{nlmsg_len=76, nlmsg_type=RTM_NEWADDR, nlmsg_flags=NLM_F_MULTI, nlmsg_seq=1763527003, nlmsg_pid=244716}, {ifa_family=AF_INET, ifa_prefixlen=8, ifa_flags=IFA_F_PERMANENT, ifa_scope=RT_SCOPE_HOST, ifa_index=if_nametoindex("lo")}, [[{nla_len=8, nla_type=IFA_ADDRESS}, inet_addr("127.0.0.1")], [{nla_len=8, nla_type=IFA_LOCAL}, inet_addr("127.0.0.1")], [{nla_len=7, nla_type=IFA_LABEL}, "lo"], [{nla_len=8, nla_type=IFA_FLAGS}, IFA_F_PERMANENT], [{nla_len=20, nla_type=IFA_CACHEINFO}, {ifa_prefered=4294967295, ifa_valid=4294967295, cstamp=604, tstamp=604}]]], [{nlmsg_len=88, nlmsg_type=RTM_NEWADDR, nlmsg_flags=NLM_F_MULTI, nlmsg_seq=1763527003, nlmsg_pid=244716}, {ifa_family=AF_INET, ifa_prefixlen=24, ifa_flags=IFA_F_PERMANENT, ifa_scope=RT_SCOPE_UNIVERSE, ifa_index=if_nametoindex("ens192")}, [[{nla_len=8, nla_type=IFA_ADDRESS}, inet_addr("10.120.169.4")], [{nla_len=8, nla_type=IFA_LOCAL}, inet_addr("10.120.169.4")], [{nla_len=8, nla_type=IFA_BROADCAST}, inet_addr("10.120.169.255")], [{nla_len=11, nla_type=IFA_LABEL}, "ens192"], [{nla_len=8, nla_type=IFA_FLAGS}, IFA_F_PERMANENT], [{nla_len=20, nla_type=IFA_CACHEINFO}, {ifa_prefered=4294967295, ifa_valid=4294967295, cstamp=4168, tstamp=4168}]]]], iov_len=4096}], msg_iovlen=1, msg_controllen=0, msg_flags=0}, 0) = 164
recvmsg(6, {msg_name={sa_family=AF_NETLINK, nl_pid=0, nl_groups=00000000}, msg_namelen=12, msg_iov=[{iov_base=[{nlmsg_len=20, nlmsg_type=NLMSG_DONE, nlmsg_flags=NLM_F_MULTI, nlmsg_seq=1763527003, nlmsg_pid=244716}, 0], iov_len=4096}], msg_iovlen=1, msg_controllen=0, msg_flags=0}, 0) = 20
close(6)                                = 0
getpid()                                = 244716
getpid()                                = 244716
socket(AF_INET, SOCK_STREAM|SOCK_CLOEXEC, IPPROTO_TCP) = 6
fcntl(6, F_GETFL)                       = 0x2 (flags O_RDWR)
fcntl(6, F_SETFL, O_RDWR|O_NONBLOCK)    = 0
connect(6, {sa_family=AF_INET, sin_port=htons(6817), sin_addr=inet_addr("10.120.112.124")}, 128) = -1 EINPROGRESS (Operation now in progress)
poll([{fd=6, events=POLLIN|POLLOUT}], 1, 2000) = 1 ([{fd=6, revents=POLLOUT}])
fcntl(6, F_SETFL, O_RDWR)               = 0
rt_sigaction(SIGALRM, {sa_handler=SIG_DFL, sa_mask=[ALRM], sa_flags=SA_RESTORER, sa_restorer=0x145afe042520}, {sa_handler=0x5557767b597e, sa_mask=[ALRM], sa_flags=SA_RESTORER, sa_restorer=0x145afe042520}, 8) = 0
newfstatat(AT_FDCWD, "/var/run/munge/munge.socket.2", {st_mode=S_IFSOCK|0777, st_size=0, ...}, 0) = 0
socket(AF_UNIX, SOCK_STREAM, 0)         = 7
fcntl(7, F_GETFL)                       = 0x2 (flags O_RDWR)
fcntl(7, F_SETFL, O_RDWR|O_NONBLOCK)    = 0
connect(7, {sa_family=AF_UNIX, sun_path="/var/run/munge/munge.socket.2"}, 110) = 0
writev(7, [{iov_base="\0`mK\4\2\0\0\0\0005", iov_len=11}, {iov_base="\1\1\1\0\0\0\0\0\377\377\377\377\377\377\377\377\0\0\0!\2/\316\34\341\371\5\316\260W#'"..., iov_len=53}], 2) = 64
read(7, "\0`mK\4\3\0\0\0\0\302", 11)    = 11
read(7, "\0\0\0\0\0\274MUNGE:AwQFAAC6BuZBV5UPiCLI"..., 194) = 194
close(7)                                = 0
rt_sigaction(SIGALRM, {sa_handler=0x5557767b597e, sa_mask=[ALRM], sa_flags=SA_RESTORER, sa_restorer=0x145afe042520}, {sa_handler=SIG_DFL, sa_mask=[ALRM], sa_flags=SA_RESTORER, sa_restorer=0x145afe042520}, 8) = 0
rt_sigaction(SIGPIPE, {sa_handler=SIG_IGN, sa_mask=[PIPE], sa_flags=SA_RESTORER, sa_restorer=0x145afe042520}, {sa_handler=0x5557767b597e, sa_mask=[PIPE], sa_flags=SA_RESTORER, sa_restorer=0x145afe042520}, 8) = 0
fcntl(6, F_GETFL)                       = 0x2 (flags O_RDWR)
fcntl(6, F_GETFL)                       = 0x2 (flags O_RDWR)
fcntl(6, F_SETFL, O_RDWR|O_NONBLOCK)    = 0
poll([{fd=6, events=POLLOUT}], 1, 10000) = 1 ([{fd=6, revents=POLLOUT}])
recvfrom(6, 0x7ffd07d2bb46, 1, 0, NULL, NULL) = -1 EAGAIN (Resource temporarily unavailable)
sendto(6, "\0\0\0\332", 4, 0, NULL, 0)  = 4
fcntl(6, F_SETFL, O_RDWR)               = 0
fcntl(6, F_GETFL)                       = 0x2 (flags O_RDWR)
fcntl(6, F_GETFL)                       = 0x2 (flags O_RDWR)
fcntl(6, F_SETFL, O_RDWR|O_NONBLOCK)    = 0
poll([{fd=6, events=POLLOUT}], 1, 10000) = 1 ([{fd=6, revents=POLLOUT}])
recvfrom(6, 0x7ffd07d2bb46, 1, 0, NULL, NULL) = -1 EAGAIN (Resource temporarily unavailable)
sendto(6, "'\0\0\0\17\263\0\0\0\6\0\0\0\0\0\0", 16, 0, NULL, 0) = 16
fcntl(6, F_SETFL, O_RDWR)               = 0
fcntl(6, F_GETFL)                       = 0x2 (flags O_RDWR)
fcntl(6, F_GETFL)                       = 0x2 (flags O_RDWR)
fcntl(6, F_SETFL, O_RDWR|O_NONBLOCK)    = 0
poll([{fd=6, events=POLLOUT}], 1, 10000) = 1 ([{fd=6, revents=POLLOUT}])
recvfrom(6, 0x7ffd07d2bb46, 1, 0, NULL, NULL) = -1 EAGAIN (Resource temporarily unavailable)
sendto(6, "\0\0\0e\0\0\0\274MUNGE:AwQFAAC6BuZBV5UPiC"..., 196, 0, NULL, 0) = 196
fcntl(6, F_SETFL, O_RDWR)               = 0
fcntl(6, F_GETFL)                       = 0x2 (flags O_RDWR)
fcntl(6, F_GETFL)                       = 0x2 (flags O_RDWR)
fcntl(6, F_SETFL, O_RDWR|O_NONBLOCK)    = 0
poll([{fd=6, events=POLLOUT}], 1, 9999) = 1 ([{fd=6, revents=POLLOUT}])
recvfrom(6, 0x7ffd07d2bb46, 1, 0, NULL, NULL) = -1 EAGAIN (Resource temporarily unavailable)
sendto(6, "\0$\231\224\0\0", 6, 0, NULL, 0) = 6
fcntl(6, F_SETFL, O_RDWR)               = 0
rt_sigaction(SIGPIPE, {sa_handler=0x5557767b597e, sa_mask=[PIPE], sa_flags=SA_RESTORER, sa_restorer=0x145afe042520}, {sa_handler=SIG_IGN, sa_mask=[PIPE], sa_flags=SA_RESTORER, sa_restorer=0x145afe042520}, 8) = 0
fcntl(6, F_GETFL)                       = 0x2 (flags O_RDWR)
fcntl(6, F_GETFL)                       = 0x2 (flags O_RDWR)
fcntl(6, F_SETFL, O_RDWR|O_NONBLOCK)    = 0
poll([{fd=6, events=POLLIN}], 1, 10000) = 1 ([{fd=6, revents=POLLIN}])
recvfrom(6, "\0\0\0\24", 4, 0, NULL, NULL) = 4
fcntl(6, F_SETFL, O_RDWR)               = 0
fcntl(6, F_GETFL)                       = 0x2 (flags O_RDWR)
fcntl(6, F_GETFL)                       = 0x2 (flags O_RDWR)
fcntl(6, F_SETFL, O_RDWR|O_NONBLOCK)    = 0
poll([{fd=6, events=POLLIN}], 1, 10000) = 1 ([{fd=6, revents=POLLIN}])
recvfrom(6, "'\0\0@\17\264\0\0\0\4\0\0\0\0\0\0\0\0\0\7", 20, 0, NULL, NULL) = 20
fcntl(6, F_SETFL, O_RDWR)               = 0
close(6)                                = 0
rt_sigprocmask(SIG_BLOCK, [HUP INT QUIT USR1 USR2 PIPE ALRM TERM CONT], NULL, 8) = 0
uname({sysname="Linux", nodename="srpv01504", ...}) = 0
getpid()                                = 244716
getpid()                                = 244716
socket(AF_INET, SOCK_STREAM, IPPROTO_TCP) = 6
setsockopt(6, SOL_SOCKET, SO_REUSEADDR, [1], 4) = 0
bind(6, {sa_family=AF_INET, sin_port=htons(0), sin_addr=inet_addr("0.0.0.0")}, 128) = 0
getsockname(6, {sa_family=AF_INET, sin_port=htons(33595), sin_addr=inet_addr("0.0.0.0")}, [128 => 16]) = 0
listen(6, 4096)                         = 0
socket(AF_NETLINK, SOCK_RAW|SOCK_CLOEXEC, NETLINK_ROUTE) = 7
bind(7, {sa_family=AF_NETLINK, nl_pid=0, nl_groups=00000000}, 12) = 0
getsockname(7, {sa_family=AF_NETLINK, nl_pid=244716, nl_groups=00000000}, [12]) = 0
sendto(7, [{nlmsg_len=20, nlmsg_type=RTM_GETADDR, nlmsg_flags=NLM_F_REQUEST|NLM_F_DUMP, nlmsg_seq=1763527003, nlmsg_pid=0}, {ifa_family=AF_UNSPEC, ...}], 20, 0, {sa_family=AF_NETLINK, nl_pid=0, nl_groups=00000000}, 12) = 20
recvmsg(7, {msg_name={sa_family=AF_NETLINK, nl_pid=0, nl_groups=00000000}, msg_namelen=12, msg_iov=[{iov_base=[[{nlmsg_len=76, nlmsg_type=RTM_NEWADDR, nlmsg_flags=NLM_F_MULTI, nlmsg_seq=1763527003, nlmsg_pid=244716}, {ifa_family=AF_INET, ifa_prefixlen=8, ifa_flags=IFA_F_PERMANENT, ifa_scope=RT_SCOPE_HOST, ifa_index=if_nametoindex("lo")}, [[{nla_len=8, nla_type=IFA_ADDRESS}, inet_addr("127.0.0.1")], [{nla_len=8, nla_type=IFA_LOCAL}, inet_addr("127.0.0.1")], [{nla_len=7, nla_type=IFA_LABEL}, "lo"], [{nla_len=8, nla_type=IFA_FLAGS}, IFA_F_PERMANENT], [{nla_len=20, nla_type=IFA_CACHEINFO}, {ifa_prefered=4294967295, ifa_valid=4294967295, cstamp=604, tstamp=604}]]], [{nlmsg_len=88, nlmsg_type=RTM_NEWADDR, nlmsg_flags=NLM_F_MULTI, nlmsg_seq=1763527003, nlmsg_pid=244716}, {ifa_family=AF_INET, ifa_prefixlen=24, ifa_flags=IFA_F_PERMANENT, ifa_scope=RT_SCOPE_UNIVERSE, ifa_index=if_nametoindex("ens192")}, [[{nla_len=8, nla_type=IFA_ADDRESS}, inet_addr("10.120.169.4")], [{nla_len=8, nla_type=IFA_LOCAL}, inet_addr("10.120.169.4")], [{nla_len=8, nla_type=IFA_BROADCAST}, inet_addr("10.120.169.255")], [{nla_len=11, nla_type=IFA_LABEL}, "ens192"], [{nla_len=8, nla_type=IFA_FLAGS}, IFA_F_PERMANENT], [{nla_len=20, nla_type=IFA_CACHEINFO}, {ifa_prefered=4294967295, ifa_valid=4294967295, cstamp=4168, tstamp=4168}]]]], iov_len=4096}], msg_iovlen=1, msg_controllen=0, msg_flags=0}, 0) = 164
recvmsg(7, {msg_name={sa_family=AF_NETLINK, nl_pid=0, nl_groups=00000000}, msg_namelen=12, msg_iov=[{iov_base=[{nlmsg_len=20, nlmsg_type=NLMSG_DONE, nlmsg_flags=NLM_F_MULTI, nlmsg_seq=1763527003, nlmsg_pid=244716}, 0], iov_len=4096}], msg_iovlen=1, msg_controllen=0, msg_flags=0}, 0) = 20
close(7)                                = 0
socket(AF_NETLINK, SOCK_RAW|SOCK_CLOEXEC, NETLINK_ROUTE) = 7
bind(7, {sa_family=AF_NETLINK, nl_pid=0, nl_groups=00000000}, 12) = 0
getsockname(7, {sa_family=AF_NETLINK, nl_pid=244716, nl_groups=00000000}, [12]) = 0
sendto(7, [{nlmsg_len=20, nlmsg_type=RTM_GETADDR, nlmsg_flags=NLM_F_REQUEST|NLM_F_DUMP, nlmsg_seq=1763527003, nlmsg_pid=0}, {ifa_family=AF_UNSPEC, ...}], 20, 0, {sa_family=AF_NETLINK, nl_pid=0, nl_groups=00000000}, 12) = 20
recvmsg(7, {msg_name={sa_family=AF_NETLINK, nl_pid=0, nl_groups=00000000}, msg_namelen=12, msg_iov=[{iov_base=[[{nlmsg_len=76, nlmsg_type=RTM_NEWADDR, nlmsg_flags=NLM_F_MULTI, nlmsg_seq=1763527003, nlmsg_pid=244716}, {ifa_family=AF_INET, ifa_prefixlen=8, ifa_flags=IFA_F_PERMANENT, ifa_scope=RT_SCOPE_HOST, ifa_index=if_nametoindex("lo")}, [[{nla_len=8, nla_type=IFA_ADDRESS}, inet_addr("127.0.0.1")], [{nla_len=8, nla_type=IFA_LOCAL}, inet_addr("127.0.0.1")], [{nla_len=7, nla_type=IFA_LABEL}, "lo"], [{nla_len=8, nla_type=IFA_FLAGS}, IFA_F_PERMANENT], [{nla_len=20, nla_type=IFA_CACHEINFO}, {ifa_prefered=4294967295, ifa_valid=4294967295, cstamp=604, tstamp=604}]]], [{nlmsg_len=88, nlmsg_type=RTM_NEWADDR, nlmsg_flags=NLM_F_MULTI, nlmsg_seq=1763527003, nlmsg_pid=244716}, {ifa_family=AF_INET, ifa_prefixlen=24, ifa_flags=IFA_F_PERMANENT, ifa_scope=RT_SCOPE_UNIVERSE, ifa_index=if_nametoindex("ens192")}, [[{nla_len=8, nla_type=IFA_ADDRESS}, inet_addr("10.120.169.4")], [{nla_len=8, nla_type=IFA_LOCAL}, inet_addr("10.120.169.4")], [{nla_len=8, nla_type=IFA_BROADCAST}, inet_addr("10.120.169.255")], [{nla_len=11, nla_type=IFA_LABEL}, "ens192"], [{nla_len=8, nla_type=IFA_FLAGS}, IFA_F_PERMANENT], [{nla_len=20, nla_type=IFA_CACHEINFO}, {ifa_prefered=4294967295, ifa_valid=4294967295, cstamp=4168, tstamp=4168}]]]], iov_len=4096}], msg_iovlen=1, msg_controllen=0, msg_flags=0}, 0) = 164
recvmsg(7, {msg_name={sa_family=AF_NETLINK, nl_pid=0, nl_groups=00000000}, msg_namelen=12, msg_iov=[{iov_base=[{nlmsg_len=20, nlmsg_type=NLMSG_DONE, nlmsg_flags=NLM_F_MULTI, nlmsg_seq=1763527003, nlmsg_pid=244716}, 0], iov_len=4096}], msg_iovlen=1, msg_controllen=0, msg_flags=0}, 0) = 20
close(7)                                = 0
getpid()                                = 244716
getpid()                                = 244716
socket(AF_INET, SOCK_STREAM|SOCK_CLOEXEC, IPPROTO_TCP) = 7
fcntl(7, F_GETFL)                       = 0x2 (flags O_RDWR)
fcntl(7, F_SETFL, O_RDWR|O_NONBLOCK)    = 0
connect(7, {sa_family=AF_INET, sin_port=htons(6817), sin_addr=inet_addr("10.120.112.124")}, 128) = -1 EINPROGRESS (Operation now in progress)
poll([{fd=7, events=POLLIN|POLLOUT}], 1, 2000) = 1 ([{fd=7, revents=POLLOUT}])
fcntl(7, F_SETFL, O_RDWR)               = 0
rt_sigaction(SIGALRM, {sa_handler=SIG_DFL, sa_mask=[ALRM], sa_flags=SA_RESTORER, sa_restorer=0x145afe042520}, {sa_handler=0x5557767b597e, sa_mask=[ALRM], sa_flags=SA_RESTORER, sa_restorer=0x145afe042520}, 8) = 0
newfstatat(AT_FDCWD, "/var/run/munge/munge.socket.2", {st_mode=S_IFSOCK|0777, st_size=0, ...}, 0) = 0
socket(AF_UNIX, SOCK_STREAM, 0)         = 8
fcntl(8, F_GETFL)                       = 0x2 (flags O_RDWR)
fcntl(8, F_SETFL, O_RDWR|O_NONBLOCK)    = 0
connect(8, {sa_family=AF_UNIX, sun_path="/var/run/munge/munge.socket.2"}, 110) = 0
writev(8, [{iov_base="\0`mK\4\2\0\0\0\0005", iov_len=11}, {iov_base="\1\1\1\0\0\0\0\0\377\377\377\377\377\377\377\377\0\0\0!\2\250\212\320\rJ8R:p&\270"..., iov_len=53}], 2) = 64
read(8, "\0`mK\4\3\0\0\0\0\302", 11)    = 11
read(8, "\0\0\0\0\0\274MUNGE:AwQFAABSec22PEKnT85o"..., 194) = 194
close(8)                                = 0
rt_sigaction(SIGALRM, {sa_handler=0x5557767b597e, sa_mask=[ALRM], sa_flags=SA_RESTORER, sa_restorer=0x145afe042520}, {sa_handler=SIG_DFL, sa_mask=[ALRM], sa_flags=SA_RESTORER, sa_restorer=0x145afe042520}, 8) = 0
rt_sigaction(SIGPIPE, {sa_handler=SIG_IGN, sa_mask=[PIPE], sa_flags=SA_RESTORER, sa_restorer=0x145afe042520}, {sa_handler=0x5557767b597e, sa_mask=[PIPE], sa_flags=SA_RESTORER, sa_restorer=0x145afe042520}, 8) = 0
fcntl(7, F_GETFL)                       = 0x2 (flags O_RDWR)
fcntl(7, F_GETFL)                       = 0x2 (flags O_RDWR)
fcntl(7, F_SETFL, O_RDWR|O_NONBLOCK)    = 0
poll([{fd=7, events=POLLOUT}], 1, 10000) = 1 ([{fd=7, revents=POLLOUT}])
recvfrom(7, 0x7ffd07d2ba36, 1, 0, NULL, NULL) = -1 EAGAIN (Resource temporarily unavailable)
sendto(7, "\0\0\1\306", 4, 0, NULL, 0)  = 4
fcntl(7, F_SETFL, O_RDWR)               = 0
fcntl(7, F_GETFL)                       = 0x2 (flags O_RDWR)
fcntl(7, F_GETFL)                       = 0x2 (flags O_RDWR)
fcntl(7, F_SETFL, O_RDWR|O_NONBLOCK)    = 0
poll([{fd=7, events=POLLOUT}], 1, 10000) = 1 ([{fd=7, revents=POLLOUT}])
recvfrom(7, 0x7ffd07d2ba36, 1, 0, NULL, NULL) = -1 EAGAIN (Resource temporarily unavailable)
sendto(7, "'\0\0\0\23\211\0\0\0\362\0\0\0\0\0\0", 16, 0, NULL, 0) = 16
fcntl(7, F_SETFL, O_RDWR)               = 0
fcntl(7, F_GETFL)                       = 0x2 (flags O_RDWR)
fcntl(7, F_GETFL)                       = 0x2 (flags O_RDWR)
fcntl(7, F_SETFL, O_RDWR|O_NONBLOCK)    = 0
poll([{fd=7, events=POLLOUT}], 1, 10000) = 1 ([{fd=7, revents=POLLOUT}])
recvfrom(7, 0x7ffd07d2ba36, 1, 0, NULL, NULL) = -1 EAGAIN (Resource temporarily unavailable)
sendto(7, "\0\0\0e\0\0\0\274MUNGE:AwQFAABSec22PEKnT8"..., 196, 0, NULL, 0) = 196
fcntl(7, F_SETFL, O_RDWR)               = 0
fcntl(7, F_GETFL)                       = 0x2 (flags O_RDWR)
fcntl(7, F_GETFL)                       = 0x2 (flags O_RDWR)
fcntl(7, F_SETFL, O_RDWR|O_NONBLOCK)    = 0
poll([{fd=7, events=POLLOUT}], 1, 10000) = 1 ([{fd=7, revents=POLLOUT}])
recvfrom(7, 0x7ffd07d2ba36, 1, 0, NULL, NULL) = -1 EAGAIN (Resource temporarily unavailable)
sendto(7, "\0$\231\224\377\377\377\376\377\377\377\376\377\377\377\376\0\0\0c\0\0\0\1\0\0\0\1\0\0\0\0"..., 242, 0, NULL, 0) = 242
fcntl(7, F_SETFL, O_RDWR)               = 0
rt_sigaction(SIGPIPE, {sa_handler=0x5557767b597e, sa_mask=[PIPE], sa_flags=SA_RESTORER, sa_restorer=0x145afe042520}, {sa_handler=SIG_IGN, sa_mask=[PIPE], sa_flags=SA_RESTORER, sa_restorer=0x145afe042520}, 8) = 0
fcntl(7, F_GETFL)                       = 0x2 (flags O_RDWR)
fcntl(7, F_GETFL)                       = 0x2 (flags O_RDWR)
fcntl(7, F_SETFL, O_RDWR|O_NONBLOCK)    = 0
poll([{fd=7, events=POLLIN}], 1, 10000) = 1 ([{fd=7, revents=POLLIN}])
recvfrom(7, "\0\0\4\252", 4, 0, NULL, NULL) = 4
fcntl(7, F_SETFL, O_RDWR)               = 0
fcntl(7, F_GETFL)                       = 0x2 (flags O_RDWR)
fcntl(7, F_GETFL)                       = 0x2 (flags O_RDWR)
fcntl(7, F_SETFL, O_RDWR|O_NONBLOCK)    = 0
poll([{fd=7, events=POLLIN}], 1, 10000) = 1 ([{fd=7, revents=POLLIN}])
recvfrom(7, "'\0\0@\23\212\0\0\4\232\0\0\0\0\0\0\0\0\0\0\0\0\0\0\0$\231\224\0\0\0\0"..., 1194, 0, NULL, NULL) = 1194
fcntl(7, F_SETFL, O_RDWR)               = 0
close(7)                                = 0
pipe2([7, 8], 0)                        = 0
clone(child_stack=NULL, flags=CLONE_CHILD_CLEARTID|CLONE_CHILD_SETTID|SIGCHLD, child_tidptr=0x145afe26ea10) = 244720
close(7)                                = 0
getuid()                                = 14399
getgid()                                = 45000
mmap(NULL, 1052672, PROT_NONE, MAP_PRIVATE|MAP_ANONYMOUS|MAP_STACK, -1, 0) = 0x145afb4f9000
mprotect(0x145afb4fa000, 1048576, PROT_READ|PROT_WRITE) = 0
rt_sigprocmask(SIG_BLOCK, ~[], [HUP INT QUIT USR1 USR2 PIPE ALRM TERM CONT WINCH], 8) = 0
clone3({flags=CLONE_VM|CLONE_FS|CLONE_FILES|CLONE_SIGHAND|CLONE_THREAD|CLONE_SYSVSEM|CLONE_SETTLS|CLONE_PARENT_SETTID|CLONE_CHILD_CLEARTID, child_tid=0x145afb5f9910, parent_tid=0x145afb5f9910, exit_signal=0, stack=0x145afb4f9000, stack_size=0xfff00, tls=0x145afb5f9640} => {parent_tid=[244721]}, 88) = 244721
rt_sigprocmask(SIG_SETMASK, [HUP INT QUIT USR1 USR2 PIPE ALRM TERM CONT WINCH], NULL, 8) = 0
socket(AF_INET, SOCK_STREAM|SOCK_CLOEXEC, IPPROTO_TCP) = 7
setsockopt(7, SOL_SOCKET, SO_REUSEADDR, [1], 4) = 0
bind(7, {sa_family=AF_INET, sin_port=htons(0), sin_addr=inet_addr("0.0.0.0")}, 128) = 0
listen(7, 4096)                         = 0
getsockname(7, {sa_family=AF_INET, sin_port=htons(41221), sin_addr=inet_addr("0.0.0.0")}, [128 => 16]) = 0
pipe2([9, 10], O_CLOEXEC)               = 0
fcntl(9, F_GETFL)                       = 0 (flags O_RDONLY)
fcntl(9, F_SETFL, O_RDONLY|O_NONBLOCK)  = 0
mmap(NULL, 1052672, PROT_NONE, MAP_PRIVATE|MAP_ANONYMOUS|MAP_STACK, -1, 0) = 0x145afb3f8000
mprotect(0x145afb3f9000, 1048576, PROT_READ|PROT_WRITE) = 0
rt_sigprocmask(SIG_BLOCK, ~[], [HUP INT QUIT USR1 USR2 PIPE ALRM TERM CONT WINCH], 8) = 0
clone3({flags=CLONE_VM|CLONE_FS|CLONE_FILES|CLONE_SIGHAND|CLONE_THREAD|CLONE_SYSVSEM|CLONE_SETTLS|CLONE_PARENT_SETTID|CLONE_CHILD_CLEARTID, child_tid=0x145afb4f8910, parent_tid=0x145afb4f8910, exit_signal=0, stack=0x145afb3f8000, stack_size=0xfff00, tls=0x145afb4f8640} => {parent_tid=[244722]}, 88) = 244722
rt_sigprocmask(SIG_SETMASK, [HUP INT QUIT USR1 USR2 PIPE ALRM TERM CONT WINCH], NULL, 8) = 0
pipe2([11, 12], O_CLOEXEC)              = 0
fcntl(11, F_GETFL)                      = 0 (flags O_RDONLY)
fcntl(11, F_SETFL, O_RDONLY|O_NONBLOCK) = 0
socket(AF_INET, SOCK_STREAM, IPPROTO_TCP) = 13
setsockopt(13, SOL_SOCKET, SO_REUSEADDR, [1], 4) = 0
bind(13, {sa_family=AF_INET, sin_port=htons(0), sin_addr=inet_addr("0.0.0.0")}, 128) = 0
getsockname(13, {sa_family=AF_INET, sin_port=htons(45865), sin_addr=inet_addr("0.0.0.0")}, [128 => 16]) = 0
listen(13, 4096)                        = 0
mmap(NULL, 1052672, PROT_NONE, MAP_PRIVATE|MAP_ANONYMOUS|MAP_STACK, -1, 0) = 0x145afb2f7000
mprotect(0x145afb2f8000, 1048576, PROT_READ|PROT_WRITE) = 0
rt_sigprocmask(SIG_BLOCK, ~[], [HUP INT QUIT USR1 USR2 PIPE ALRM TERM CONT WINCH], 8) = 0
clone3({flags=CLONE_VM|CLONE_FS|CLONE_FILES|CLONE_SIGHAND|CLONE_THREAD|CLONE_SYSVSEM|CLONE_SETTLS|CLONE_PARENT_SETTID|CLONE_CHILD_CLEARTID, child_tid=0x145afb3f7910, parent_tid=0x145afb3f7910, exit_signal=0, stack=0x145afb2f7000, stack_size=0xfff00, tls=0x145afb3f7640} => {parent_tid=[244723]}, 88) = 244723
rt_sigprocmask(SIG_SETMASK, [HUP INT QUIT USR1 USR2 PIPE ALRM TERM CONT WINCH], NULL, 8) = 0
pipe2([14, 15], O_CLOEXEC)              = 0
fcntl(14, F_GETFL)                      = 0 (flags O_RDONLY)
fcntl(14, F_SETFL, O_RDONLY|O_NONBLOCK) = 0
fcntl(0, F_SETFD, FD_CLOEXEC)           = 0
socket(AF_INET, SOCK_STREAM, IPPROTO_TCP) = 16
setsockopt(16, SOL_SOCKET, SO_REUSEADDR, [1], 4) = 0
bind(16, {sa_family=AF_INET, sin_port=htons(0), sin_addr=inet_addr("0.0.0.0")}, 128) = 0
getsockname(16, {sa_family=AF_INET, sin_port=htons(44177), sin_addr=inet_addr("0.0.0.0")}, [128 => 16]) = 0
listen(16, 4096)                        = 0
brk(0x55577830f000)                     = 0x55577830f000
brk(0x555778330000)                     = 0x555778330000
brk(0x555778351000)                     = 0x555778351000
brk(0x555778372000)                     = 0x555778372000
brk(0x555778393000)                     = 0x555778393000
brk(0x5557783b4000)                     = 0x5557783b4000
brk(0x5557783d5000)                     = 0x5557783d5000
brk(0x5557783f6000)                     = 0x5557783f6000
brk(0x555778417000)                     = 0x555778417000
brk(0x555778438000)                     = 0x555778438000
brk(0x555778459000)                     = 0x555778459000
rt_sigaction(SIGTTIN, {sa_handler=SIG_IGN, sa_mask=[TTIN], sa_flags=SA_RESTORER, sa_restorer=0x145afe042520}, {sa_handler=SIG_DFL, sa_mask=[], sa_flags=0}, 8) = 0
mmap(NULL, 1052672, PROT_NONE, MAP_PRIVATE|MAP_ANONYMOUS|MAP_STACK, -1, 0) = 0x145afb1f6000
mprotect(0x145afb1f7000, 1048576, PROT_READ|PROT_WRITE) = 0
brk(0x55577847a000)                     = 0x55577847a000
rt_sigprocmask(SIG_BLOCK, ~[], [HUP INT QUIT USR1 USR2 PIPE ALRM TERM CONT WINCH], 8) = 0
clone3({flags=CLONE_VM|CLONE_FS|CLONE_FILES|CLONE_SIGHAND|CLONE_THREAD|CLONE_SYSVSEM|CLONE_SETTLS|CLONE_PARENT_SETTID|CLONE_CHILD_CLEARTID, child_tid=0x145afb2f6910, parent_tid=0x145afb2f6910, exit_signal=0, stack=0x145afb1f6000, stack_size=0xfff00, tls=0x145afb2f6640} => {parent_tid=[244724]}, 88) = 244724
rt_sigprocmask(SIG_SETMASK, [HUP INT QUIT USR1 USR2 PIPE ALRM TERM CONT WINCH], NULL, 8) = 0
newfstatat(AT_FDCWD, "/cm/shared/apps/slurm/23.02.7/lib64/slurm/route_default.so", {st_mode=S_IFREG|0644, st_size=198872, ...}, 0) = 0
openat(AT_FDCWD, "/cm/shared/apps/slurm/23.02.7/lib64/slurm/route_default.so", O_RDONLY|O_CLOEXEC) = 17
read(17, "\177ELF\2\1\1\0\0\0\0\0\0\0\0\0\3\0>\0\1\0\0\0\0\0\0\0\0\0\0\0"..., 832) = 832
newfstatat(17, "", {st_mode=S_IFREG|0644, st_size=198872, ...}, AT_EMPTY_PATH) = 0
mmap(NULL, 16448, PROT_READ, MAP_PRIVATE|MAP_DENYWRITE, 17, 0) = 0x145afddbc000
mmap(0x145afddbd000, 4096, PROT_READ|PROT_EXEC, MAP_PRIVATE|MAP_FIXED|MAP_DENYWRITE, 17, 0x1000) = 0x145afddbd000
mmap(0x145afddbe000, 4096, PROT_READ, MAP_PRIVATE|MAP_FIXED|MAP_DENYWRITE, 17, 0x2000) = 0x145afddbe000
mmap(0x145afddbf000, 8192, PROT_READ|PROT_WRITE, MAP_PRIVATE|MAP_FIXED|MAP_DENYWRITE, 17, 0x2000) = 0x145afddbf000
close(17)                               = 0
mprotect(0x145afddbf000, 4096, PROT_READ) = 0
newfstatat(AT_FDCWD, "/cm/shared/apps/slurm/23.02.7/lib64/slurm/topology_none.so", {st_mode=S_IFREG|0644, st_size=187984, ...}, 0) = 0
openat(AT_FDCWD, "/cm/shared/apps/slurm/23.02.7/lib64/slurm/topology_none.so", O_RDONLY|O_CLOEXEC) = 17
read(17, "\177ELF\2\1\1\0\0\0\0\0\0\0\0\0\3\0>\0\1\0\0\0\0\0\0\0\0\0\0\0"..., 832) = 832
newfstatat(17, "", {st_mode=S_IFREG|0644, st_size=187984, ...}, AT_EMPTY_PATH) = 0
mmap(NULL, 16456, PROT_READ, MAP_PRIVATE|MAP_DENYWRITE, 17, 0) = 0x145afddb7000
mmap(0x145afddb8000, 4096, PROT_READ|PROT_EXEC, MAP_PRIVATE|MAP_FIXED|MAP_DENYWRITE, 17, 0x1000) = 0x145afddb8000
mmap(0x145afddb9000, 4096, PROT_READ, MAP_PRIVATE|MAP_FIXED|MAP_DENYWRITE, 17, 0x2000) = 0x145afddb9000
mmap(0x145afddba000, 8192, PROT_READ|PROT_WRITE, MAP_PRIVATE|MAP_FIXED|MAP_DENYWRITE, 17, 0x2000) = 0x145afddba000
close(17)                               = 0
mprotect(0x145afddba000, 4096, PROT_READ) = 0
mmap(NULL, 1052672, PROT_NONE, MAP_PRIVATE|MAP_ANONYMOUS|MAP_STACK, -1, 0) = 0x145afb0f5000
mprotect(0x145afb0f6000, 1048576, PROT_READ|PROT_WRITE) = 0
rt_sigprocmask(SIG_BLOCK, ~[], [HUP INT QUIT USR1 USR2 PIPE ALRM TERM CONT WINCH], 8) = 0
clone3({flags=CLONE_VM|CLONE_FS|CLONE_FILES|CLONE_SIGHAND|CLONE_THREAD|CLONE_SYSVSEM|CLONE_SETTLS|CLONE_PARENT_SETTID|CLONE_CHILD_CLEARTID, child_tid=0x145afb1f5910, parent_tid=0x145afb1f5910, exit_signal=0, stack=0x145afb0f5000, stack_size=0xfff00, tls=0x145afb1f5640} => {parent_tid=[244725]}, 88) = 244725
rt_sigprocmask(SIG_SETMASK, [HUP INT QUIT USR1 USR2 PIPE ALRM TERM CONT WINCH], NULL, 8) = 0
futex(0x7ffd07d2b768, FUTEX_WAIT_BITSET_PRIVATE|FUTEX_CLOCK_REALTIME, 0, NULL, FUTEX_BITSET_MATCH_ANY) = 0
futex(0x7ffd07d2b710, FUTEX_WAKE_PRIVATE, 1) = 0
socket(AF_NETLINK, SOCK_RAW|SOCK_CLOEXEC, NETLINK_ROUTE) = 17
bind(17, {sa_family=AF_NETLINK, nl_pid=0, nl_groups=00000000}, 12) = 0
getsockname(17, {sa_family=AF_NETLINK, nl_pid=244716, nl_groups=00000000}, [12]) = 0
sendto(17, [{nlmsg_len=20, nlmsg_type=RTM_GETADDR, nlmsg_flags=NLM_F_REQUEST|NLM_F_DUMP, nlmsg_seq=1763527015, nlmsg_pid=0}, {ifa_family=AF_UNSPEC, ...}], 20, 0, {sa_family=AF_NETLINK, nl_pid=0, nl_groups=00000000}, 12) = 20
recvmsg(17, {msg_name={sa_family=AF_NETLINK, nl_pid=0, nl_groups=00000000}, msg_namelen=12, msg_iov=[{iov_base=[[{nlmsg_len=76, nlmsg_type=RTM_NEWADDR, nlmsg_flags=NLM_F_MULTI, nlmsg_seq=1763527015, nlmsg_pid=244716}, {ifa_family=AF_INET, ifa_prefixlen=8, ifa_flags=IFA_F_PERMANENT, ifa_scope=RT_SCOPE_HOST, ifa_index=if_nametoindex("lo")}, [[{nla_len=8, nla_type=IFA_ADDRESS}, inet_addr("127.0.0.1")], [{nla_len=8, nla_type=IFA_LOCAL}, inet_addr("127.0.0.1")], [{nla_len=7, nla_type=IFA_LABEL}, "lo"], [{nla_len=8, nla_type=IFA_FLAGS}, IFA_F_PERMANENT], [{nla_len=20, nla_type=IFA_CACHEINFO}, {ifa_prefered=4294967295, ifa_valid=4294967295, cstamp=604, tstamp=604}]]], [{nlmsg_len=88, nlmsg_type=RTM_NEWADDR, nlmsg_flags=NLM_F_MULTI, nlmsg_seq=1763527015, nlmsg_pid=244716}, {ifa_family=AF_INET, ifa_prefixlen=24, ifa_flags=IFA_F_PERMANENT, ifa_scope=RT_SCOPE_UNIVERSE, ifa_index=if_nametoindex("ens192")}, [[{nla_len=8, nla_type=IFA_ADDRESS}, inet_addr("10.120.169.4")], [{nla_len=8, nla_type=IFA_LOCAL}, inet_addr("10.120.169.4")], [{nla_len=8, nla_type=IFA_BROADCAST}, inet_addr("10.120.169.255")], [{nla_len=11, nla_type=IFA_LABEL}, "ens192"], [{nla_len=8, nla_type=IFA_FLAGS}, IFA_F_PERMANENT], [{nla_len=20, nla_type=IFA_CACHEINFO}, {ifa_prefered=4294967295, ifa_valid=4294967295, cstamp=4168, tstamp=4168}]]]], iov_len=4096}], msg_iovlen=1, msg_controllen=0, msg_flags=0}, 0) = 164
recvmsg(17, {msg_name={sa_family=AF_NETLINK, nl_pid=0, nl_groups=00000000}, msg_namelen=12, msg_iov=[{iov_base=[{nlmsg_len=20, nlmsg_type=NLMSG_DONE, nlmsg_flags=NLM_F_MULTI, nlmsg_seq=1763527015, nlmsg_pid=244716}, 0], iov_len=4096}], msg_iovlen=1, msg_controllen=0, msg_flags=0}, 0) = 20
close(17)                               = 0
socket(AF_NETLINK, SOCK_RAW|SOCK_CLOEXEC, NETLINK_ROUTE) = 17
bind(17, {sa_family=AF_NETLINK, nl_pid=0, nl_groups=00000000}, 12) = 0
getsockname(17, {sa_family=AF_NETLINK, nl_pid=244716, nl_groups=00000000}, [12]) = 0
sendto(17, [{nlmsg_len=20, nlmsg_type=RTM_GETADDR, nlmsg_flags=NLM_F_REQUEST|NLM_F_DUMP, nlmsg_seq=1763527015, nlmsg_pid=0}, {ifa_family=AF_UNSPEC, ...}], 20, 0, {sa_family=AF_NETLINK, nl_pid=0, nl_groups=00000000}, 12) = 20
recvmsg(17, {msg_name={sa_family=AF_NETLINK, nl_pid=0, nl_groups=00000000}, msg_namelen=12, msg_iov=[{iov_base=[[{nlmsg_len=76, nlmsg_type=RTM_NEWADDR, nlmsg_flags=NLM_F_MULTI, nlmsg_seq=1763527015, nlmsg_pid=244716}, {ifa_family=AF_INET, ifa_prefixlen=8, ifa_flags=IFA_F_PERMANENT, ifa_scope=RT_SCOPE_HOST, ifa_index=if_nametoindex("lo")}, [[{nla_len=8, nla_type=IFA_ADDRESS}, inet_addr("127.0.0.1")], [{nla_len=8, nla_type=IFA_LOCAL}, inet_addr("127.0.0.1")], [{nla_len=7, nla_type=IFA_LABEL}, "lo"], [{nla_len=8, nla_type=IFA_FLAGS}, IFA_F_PERMANENT], [{nla_len=20, nla_type=IFA_CACHEINFO}, {ifa_prefered=4294967295, ifa_valid=4294967295, cstamp=604, tstamp=604}]]], [{nlmsg_len=88, nlmsg_type=RTM_NEWADDR, nlmsg_flags=NLM_F_MULTI, nlmsg_seq=1763527015, nlmsg_pid=244716}, {ifa_family=AF_INET, ifa_prefixlen=24, ifa_flags=IFA_F_PERMANENT, ifa_scope=RT_SCOPE_UNIVERSE, ifa_index=if_nametoindex("ens192")}, [[{nla_len=8, nla_type=IFA_ADDRESS}, inet_addr("10.120.169.4")], [{nla_len=8, nla_type=IFA_LOCAL}, inet_addr("10.120.169.4")], [{nla_len=8, nla_type=IFA_BROADCAST}, inet_addr("10.120.169.255")], [{nla_len=11, nla_type=IFA_LABEL}, "ens192"], [{nla_len=8, nla_type=IFA_FLAGS}, IFA_F_PERMANENT], [{nla_len=20, nla_type=IFA_CACHEINFO}, {ifa_prefered=4294967295, ifa_valid=4294967295, cstamp=4168, tstamp=4168}]]]], iov_len=4096}], msg_iovlen=1, msg_controllen=0, msg_flags=0}, 0) = 164
recvmsg(17, {msg_name={sa_family=AF_NETLINK, nl_pid=0, nl_groups=00000000}, msg_namelen=12, msg_iov=[{iov_base=[{nlmsg_len=20, nlmsg_type=NLMSG_DONE, nlmsg_flags=NLM_F_MULTI, nlmsg_seq=1763527015, nlmsg_pid=244716}, 0], iov_len=4096}], msg_iovlen=1, msg_controllen=0, msg_flags=0}, 0) = 20
close(17)                               = 0
getpid()                                = 244716
getpid()                                = 244716
socket(AF_INET, SOCK_STREAM|SOCK_CLOEXEC, IPPROTO_TCP) = 17
fcntl(17, F_GETFL)                      = 0x2 (flags O_RDWR)
fcntl(17, F_SETFL, O_RDWR|O_NONBLOCK)   = 0
connect(17, {sa_family=AF_INET, sin_port=htons(6817), sin_addr=inet_addr("10.120.112.124")}, 128) = -1 EINPROGRESS (Operation now in progress)
poll([{fd=17, events=POLLIN|POLLOUT}], 1, 2000) = 1 ([{fd=17, revents=POLLOUT}])
fcntl(17, F_SETFL, O_RDWR)              = 0
rt_sigaction(SIGALRM, {sa_handler=SIG_DFL, sa_mask=[ALRM], sa_flags=SA_RESTORER, sa_restorer=0x145afe042520}, {sa_handler=0x5557767b597e, sa_mask=[ALRM], sa_flags=SA_RESTORER, sa_restorer=0x145afe042520}, 8) = 0
newfstatat(AT_FDCWD, "/var/run/munge/munge.socket.2", {st_mode=S_IFSOCK|0777, st_size=0, ...}, 0) = 0
socket(AF_UNIX, SOCK_STREAM, 0)         = 18
fcntl(18, F_GETFL)                      = 0x2 (flags O_RDWR)
fcntl(18, F_SETFL, O_RDWR|O_NONBLOCK)   = 0
connect(18, {sa_family=AF_UNIX, sun_path="/var/run/munge/munge.socket.2"}, 110) = 0
writev(18, [{iov_base="\0`mK\4\2\0\0\0\0005", iov_len=11}, {iov_base="\1\1\1\0\0\0\0\0\377\377\377\377\377\377\377\377\0\0\0!\2Va\237\317hT\350zu\314\210"..., iov_len=53}], 2) = 64
read(18, 0x7ffd07d2b1cd, 11)            = -1 EAGAIN (Resource temporarily unavailable)
poll([{fd=18, events=POLLIN}], 1, 2000) = 1 ([{fd=18, revents=POLLIN|POLLHUP}])
read(18, "\0`mK\4\3\0\0\0\0\302", 11)   = 11
read(18, "\0\0\0\0\0\274MUNGE:AwQFAADeeIEv5gbBydua"..., 194) = 194
close(18)                               = 0
rt_sigaction(SIGALRM, {sa_handler=0x5557767b597e, sa_mask=[ALRM], sa_flags=SA_RESTORER, sa_restorer=0x145afe042520}, {sa_handler=SIG_DFL, sa_mask=[ALRM], sa_flags=SA_RESTORER, sa_restorer=0x145afe042520}, 8) = 0
rt_sigaction(SIGPIPE, {sa_handler=SIG_IGN, sa_mask=[PIPE], sa_flags=SA_RESTORER, sa_restorer=0x145afe042520}, {sa_handler=0x5557767b597e, sa_mask=[PIPE], sa_flags=SA_RESTORER, sa_restorer=0x145afe042520}, 8) = 0
fcntl(17, F_GETFL)                      = 0x2 (flags O_RDWR)
fcntl(17, F_GETFL)                      = 0x2 (flags O_RDWR)
fcntl(17, F_SETFL, O_RDWR|O_NONBLOCK)   = 0
poll([{fd=17, events=POLLOUT}], 1, 10000) = 1 ([{fd=17, revents=POLLOUT}])
recvfrom(17, 0x7ffd07d2b3f6, 1, 0, NULL, NULL) = -1 EAGAIN (Resource temporarily unavailable)
sendto(17, "\0\0\0\355", 4, 0, NULL, 0) = 4
fcntl(17, F_SETFL, O_RDWR)              = 0
fcntl(17, F_GETFL)                      = 0x2 (flags O_RDWR)
fcntl(17, F_GETFL)                      = 0x2 (flags O_RDWR)
fcntl(17, F_SETFL, O_RDWR|O_NONBLOCK)   = 0
poll([{fd=17, events=POLLOUT}], 1, 10000) = 1 ([{fd=17, revents=POLLOUT}])
recvfrom(17, 0x7ffd07d2b3f6, 1, 0, NULL, NULL) = -1 EAGAIN (Resource temporarily unavailable)
sendto(17, "'\0\0\0\23\230\0\0\0\31\0\0\0\0\0\0", 16, 0, NULL, 0) = 16
fcntl(17, F_SETFL, O_RDWR)              = 0
fcntl(17, F_GETFL)                      = 0x2 (flags O_RDWR)
fcntl(17, F_GETFL)                      = 0x2 (flags O_RDWR)
fcntl(17, F_SETFL, O_RDWR|O_NONBLOCK)   = 0
poll([{fd=17, events=POLLOUT}], 1, 10000) = 1 ([{fd=17, revents=POLLOUT}])
recvfrom(17, 0x7ffd07d2b3f6, 1, 0, NULL, NULL) = -1 EAGAIN (Resource temporarily unavailable)
sendto(17, "\0\0\0e\0\0\0\274MUNGE:AwQFAADeeIEv5gbByd"..., 196, 0, NULL, 0) = 196
fcntl(17, F_SETFL, O_RDWR)              = 0
fcntl(17, F_GETFL)                      = 0x2 (flags O_RDWR)
fcntl(17, F_GETFL)                      = 0x2 (flags O_RDWR)
fcntl(17, F_SETFL, O_RDWR|O_NONBLOCK)   = 0
poll([{fd=17, events=POLLOUT}], 1, 10000) = 1 ([{fd=17, revents=POLLOUT}])
recvfrom(17, 0x7ffd07d2b3f6, 1, 0, NULL, NULL) = -1 EAGAIN (Resource temporarily unavailable)
sendto(17, "\0$\231\224\0\0\0\0\377\377\377\376\0\0\0\0\0\0\0\0\0\0\3\351\0", 25, 0, NULL, 0) = 25
fcntl(17, F_SETFL, O_RDWR)              = 0
rt_sigaction(SIGPIPE, {sa_handler=0x5557767b597e, sa_mask=[PIPE], sa_flags=SA_RESTORER, sa_restorer=0x145afe042520}, {sa_handler=SIG_IGN, sa_mask=[PIPE], sa_flags=SA_RESTORER, sa_restorer=0x145afe042520}, 8) = 0
fcntl(17, F_GETFL)                      = 0x2 (flags O_RDWR)
fcntl(17, F_GETFL)                      = 0x2 (flags O_RDWR)
fcntl(17, F_SETFL, O_RDWR|O_NONBLOCK)   = 0
poll([{fd=17, events=POLLIN}], 1, 10000) = 1 ([{fd=17, revents=POLLIN}])
recvfrom(17, "\0\0\0\24", 4, 0, NULL, NULL) = 4
fcntl(17, F_SETFL, O_RDWR)              = 0
fcntl(17, F_GETFL)                      = 0x2 (flags O_RDWR)
fcntl(17, F_GETFL)                      = 0x2 (flags O_RDWR)
fcntl(17, F_SETFL, O_RDWR|O_NONBLOCK)   = 0
poll([{fd=17, events=POLLIN}], 1, 10000) = 1 ([{fd=17, revents=POLLIN}])
recvfrom(17, "'\0\0@\37A\0\0\0\4\0\0\0\0\0\0\0\0\0\0", 20, 0, NULL, NULL) = 20
fcntl(17, F_SETFL, O_RDWR)              = 0
close(17)                               = 0
poll([{fd=2, events=POLLOUT}], 1, 5000) = 1 ([{fd=2, revents=POLLOUT}])
write(2, "srun: error: Task launch for Ste"..., 106srun: error: Task launch for StepId=2398612.0 failed on node srdgx00009: Communication connection failure
) = 106
poll([{fd=2, events=POLLOUT}], 1, 5000) = 1 ([{fd=2, revents=POLLOUT}])
write(2, "srun: error: Application launch "..., 73srun: error: Application launch failed: Communication connection failure
) = 73
poll([{fd=2, events=POLLOUT}], 1, 5000) = 1 ([{fd=2, revents=POLLOUT}])
write(2, "srun: Job step aborted\n", 23srun: Job step aborted
) = 23
write(12, "\1", 1)                      = 1
futex(0x145afb3f7910, FUTEX_WAIT_BITSET|FUTEX_CLOCK_REALTIME, 244723, NULL, FUTEX_BITSET_MATCH_ANY) = 0
close(11)                               = 0
close(12)                               = 0
write(15, "\1", 1)                      = 1
rt_sigprocmask(SIG_BLOCK, ~[], [HUP INT QUIT USR1 USR2 PIPE ALRM TERM CONT WINCH], 8) = 0
clone3({flags=CLONE_VM|CLONE_FS|CLONE_FILES|CLONE_SIGHAND|CLONE_THREAD|CLONE_SYSVSEM|CLONE_SETTLS|CLONE_PARENT_SETTID|CLONE_CHILD_CLEARTID, child_tid=0x145afb3f7910, parent_tid=0x145afb3f7910, exit_signal=0, stack=0x145afb2f7000, stack_size=0xfff00, tls=0x145afb3f7640} => {parent_tid=[244752]}, 88) = 244752
rt_sigprocmask(SIG_SETMASK, [HUP INT QUIT USR1 USR2 PIPE ALRM TERM CONT WINCH], NULL, 8) = 0
close(14)                               = 0
close(15)                               = 0
write(10, "\1", 1)                      = 1
futex(0x145afb4f8910, FUTEX_WAIT_BITSET|FUTEX_CLOCK_REALTIME, 244722, NULL, FUTEX_BITSET_MATCH_ANY) = -1 EAGAIN (Resource temporarily unavailable)
write(5, "\1", 1)                       = 1
close(4)                                = 0
close(5)                                = 0
socket(AF_NETLINK, SOCK_RAW|SOCK_CLOEXEC, NETLINK_ROUTE) = 3
bind(3, {sa_family=AF_NETLINK, nl_pid=0, nl_groups=00000000}, 12) = 0
getsockname(3, {sa_family=AF_NETLINK, nl_pid=244716, nl_groups=00000000}, [12]) = 0
sendto(3, [{nlmsg_len=20, nlmsg_type=RTM_GETADDR, nlmsg_flags=NLM_F_REQUEST|NLM_F_DUMP, nlmsg_seq=1763527015, nlmsg_pid=0}, {ifa_family=AF_UNSPEC, ...}], 20, 0, {sa_family=AF_NETLINK, nl_pid=0, nl_groups=00000000}, 12) = 20
recvmsg(3, {msg_name={sa_family=AF_NETLINK, nl_pid=0, nl_groups=00000000}, msg_namelen=12, msg_iov=[{iov_base=[[{nlmsg_len=76, nlmsg_type=RTM_NEWADDR, nlmsg_flags=NLM_F_MULTI, nlmsg_seq=1763527015, nlmsg_pid=244716}, {ifa_family=AF_INET, ifa_prefixlen=8, ifa_flags=IFA_F_PERMANENT, ifa_scope=RT_SCOPE_HOST, ifa_index=if_nametoindex("lo")}, [[{nla_len=8, nla_type=IFA_ADDRESS}, inet_addr("127.0.0.1")], [{nla_len=8, nla_type=IFA_LOCAL}, inet_addr("127.0.0.1")], [{nla_len=7, nla_type=IFA_LABEL}, "lo"], [{nla_len=8, nla_type=IFA_FLAGS}, IFA_F_PERMANENT], [{nla_len=20, nla_type=IFA_CACHEINFO}, {ifa_prefered=4294967295, ifa_valid=4294967295, cstamp=604, tstamp=604}]]], [{nlmsg_len=88, nlmsg_type=RTM_NEWADDR, nlmsg_flags=NLM_F_MULTI, nlmsg_seq=1763527015, nlmsg_pid=244716}, {ifa_family=AF_INET, ifa_prefixlen=24, ifa_flags=IFA_F_PERMANENT, ifa_scope=RT_SCOPE_UNIVERSE, ifa_index=if_nametoindex("ens192")}, [[{nla_len=8, nla_type=IFA_ADDRESS}, inet_addr("10.120.169.4")], [{nla_len=8, nla_type=IFA_LOCAL}, inet_addr("10.120.169.4")], [{nla_len=8, nla_type=IFA_BROADCAST}, inet_addr("10.120.169.255")], [{nla_len=11, nla_type=IFA_LABEL}, "ens192"], [{nla_len=8, nla_type=IFA_FLAGS}, IFA_F_PERMANENT], [{nla_len=20, nla_type=IFA_CACHEINFO}, {ifa_prefered=4294967295, ifa_valid=4294967295, cstamp=4168, tstamp=4168}]]]], iov_len=4096}], msg_iovlen=1, msg_controllen=0, msg_flags=0}, 0) = 164
recvmsg(3, {msg_name={sa_family=AF_NETLINK, nl_pid=0, nl_groups=00000000}, msg_namelen=12, msg_iov=[{iov_base=[{nlmsg_len=20, nlmsg_type=NLMSG_DONE, nlmsg_flags=NLM_F_MULTI, nlmsg_seq=1763527015, nlmsg_pid=244716}, 0], iov_len=4096}], msg_iovlen=1, msg_controllen=0, msg_flags=0}, 0) = 20
close(3)                                = 0
socket(AF_NETLINK, SOCK_RAW|SOCK_CLOEXEC, NETLINK_ROUTE) = 3
bind(3, {sa_family=AF_NETLINK, nl_pid=0, nl_groups=00000000}, 12) = 0
getsockname(3, {sa_family=AF_NETLINK, nl_pid=244716, nl_groups=00000000}, [12]) = 0
sendto(3, [{nlmsg_len=20, nlmsg_type=RTM_GETADDR, nlmsg_flags=NLM_F_REQUEST|NLM_F_DUMP, nlmsg_seq=1763527015, nlmsg_pid=0}, {ifa_family=AF_UNSPEC, ...}], 20, 0, {sa_family=AF_NETLINK, nl_pid=0, nl_groups=00000000}, 12) = 20
recvmsg(3, {msg_name={sa_family=AF_NETLINK, nl_pid=0, nl_groups=00000000}, msg_namelen=12, msg_iov=[{iov_base=[[{nlmsg_len=76, nlmsg_type=RTM_NEWADDR, nlmsg_flags=NLM_F_MULTI, nlmsg_seq=1763527015, nlmsg_pid=244716}, {ifa_family=AF_INET, ifa_prefixlen=8, ifa_flags=IFA_F_PERMANENT, ifa_scope=RT_SCOPE_HOST, ifa_index=if_nametoindex("lo")}, [[{nla_len=8, nla_type=IFA_ADDRESS}, inet_addr("127.0.0.1")], [{nla_len=8, nla_type=IFA_LOCAL}, inet_addr("127.0.0.1")], [{nla_len=7, nla_type=IFA_LABEL}, "lo"], [{nla_len=8, nla_type=IFA_FLAGS}, IFA_F_PERMANENT], [{nla_len=20, nla_type=IFA_CACHEINFO}, {ifa_prefered=4294967295, ifa_valid=4294967295, cstamp=604, tstamp=604}]]], [{nlmsg_len=88, nlmsg_type=RTM_NEWADDR, nlmsg_flags=NLM_F_MULTI, nlmsg_seq=1763527015, nlmsg_pid=244716}, {ifa_family=AF_INET, ifa_prefixlen=24, ifa_flags=IFA_F_PERMANENT, ifa_scope=RT_SCOPE_UNIVERSE, ifa_index=if_nametoindex("ens192")}, [[{nla_len=8, nla_type=IFA_ADDRESS}, inet_addr("10.120.169.4")], [{nla_len=8, nla_type=IFA_LOCAL}, inet_addr("10.120.169.4")], [{nla_len=8, nla_type=IFA_BROADCAST}, inet_addr("10.120.169.255")], [{nla_len=11, nla_type=IFA_LABEL}, "ens192"], [{nla_len=8, nla_type=IFA_FLAGS}, IFA_F_PERMANENT], [{nla_len=20, nla_type=IFA_CACHEINFO}, {ifa_prefered=4294967295, ifa_valid=4294967295, cstamp=4168, tstamp=4168}]]]], iov_len=4096}], msg_iovlen=1, msg_controllen=0, msg_flags=0}, 0) = 164
recvmsg(3, {msg_name={sa_family=AF_NETLINK, nl_pid=0, nl_groups=00000000}, msg_namelen=12, msg_iov=[{iov_base=[{nlmsg_len=20, nlmsg_type=NLMSG_DONE, nlmsg_flags=NLM_F_MULTI, nlmsg_seq=1763527015, nlmsg_pid=244716}, 0], iov_len=4096}], msg_iovlen=1, msg_controllen=0, msg_flags=0}, 0) = 20
close(3)                                = 0
getpid()                                = 244716
getpid()                                = 244716
socket(AF_INET, SOCK_STREAM|SOCK_CLOEXEC, IPPROTO_TCP) = 3
fcntl(3, F_GETFL)                       = 0x2 (flags O_RDWR)
fcntl(3, F_SETFL, O_RDWR|O_NONBLOCK)    = 0
connect(3, {sa_family=AF_INET, sin_port=htons(6817), sin_addr=inet_addr("10.120.112.124")}, 128) = -1 EINPROGRESS (Operation now in progress)
poll([{fd=3, events=POLLIN|POLLOUT}], 1, 2000) = 1 ([{fd=3, revents=POLLOUT}])
fcntl(3, F_SETFL, O_RDWR)               = 0
rt_sigaction(SIGALRM, {sa_handler=SIG_DFL, sa_mask=[ALRM], sa_flags=SA_RESTORER, sa_restorer=0x145afe042520}, {sa_handler=0x5557767b597e, sa_mask=[ALRM], sa_flags=SA_RESTORER, sa_restorer=0x145afe042520}, 8) = 0
newfstatat(AT_FDCWD, "/var/run/munge/munge.socket.2", {st_mode=S_IFSOCK|0777, st_size=0, ...}, 0) = 0
socket(AF_UNIX, SOCK_STREAM, 0)         = 4
fcntl(4, F_GETFL)                       = 0x2 (flags O_RDWR)
fcntl(4, F_SETFL, O_RDWR|O_NONBLOCK)    = 0
connect(4, {sa_family=AF_UNIX, sun_path="/var/run/munge/munge.socket.2"}, 110) = 0
writev(4, [{iov_base="\0`mK\4\2\0\0\0\0005", iov_len=11}, {iov_base="\1\1\1\0\0\0\0\0\377\377\377\377\377\377\377\377\0\0\0!\2\377GUX\346\276\1\3\204\336\201"..., iov_len=53}], 2) = 64
read(4, 0x7ffd07d2ba5d, 11)             = -1 EAGAIN (Resource temporarily unavailable)
poll([{fd=4, events=POLLIN}], 1, 2000)  = 1 ([{fd=4, revents=POLLIN|POLLHUP}])
read(4, "\0`mK\4\3\0\0\0\0\302", 11)    = 11
read(4, "\0\0\0\0\0\274MUNGE:AwQFAAAk6bB6jIxmQP80"..., 194) = 194
close(4)                                = 0
rt_sigaction(SIGALRM, {sa_handler=0x5557767b597e, sa_mask=[ALRM], sa_flags=SA_RESTORER, sa_restorer=0x145afe042520}, {sa_handler=SIG_DFL, sa_mask=[ALRM], sa_flags=SA_RESTORER, sa_restorer=0x145afe042520}, 8) = 0
rt_sigaction(SIGPIPE, {sa_handler=SIG_IGN, sa_mask=[PIPE], sa_flags=SA_RESTORER, sa_restorer=0x145afe042520}, {sa_handler=0x5557767b597e, sa_mask=[PIPE], sa_flags=SA_RESTORER, sa_restorer=0x145afe042520}, 8) = 0
fcntl(3, F_GETFL)                       = 0x2 (flags O_RDWR)
fcntl(3, F_GETFL)                       = 0x2 (flags O_RDWR)
fcntl(3, F_SETFL, O_RDWR|O_NONBLOCK)    = 0
poll([{fd=3, events=POLLOUT}], 1, 10000) = 1 ([{fd=3, revents=POLLOUT}])
recvfrom(3, 0x7ffd07d2bc86, 1, 0, NULL, NULL) = -1 EAGAIN (Resource temporarily unavailable)
sendto(3, "\0\0\0\334", 4, 0, NULL, 0)  = 4
fcntl(3, F_SETFL, O_RDWR)               = 0
fcntl(3, F_GETFL)                       = 0x2 (flags O_RDWR)
fcntl(3, F_GETFL)                       = 0x2 (flags O_RDWR)
fcntl(3, F_SETFL, O_RDWR|O_NONBLOCK)    = 0
poll([{fd=3, events=POLLOUT}], 1, 10000) = 1 ([{fd=3, revents=POLLOUT}])
recvfrom(3, 0x7ffd07d2bc86, 1, 0, NULL, NULL) = -1 EAGAIN (Resource temporarily unavailable)
sendto(3, "'\0\0\0\23\231\0\0\0\10\0\0\0\0\0\0", 16, 0, NULL, 0) = 16
fcntl(3, F_SETFL, O_RDWR)               = 0
fcntl(3, F_GETFL)                       = 0x2 (flags O_RDWR)
fcntl(3, F_GETFL)                       = 0x2 (flags O_RDWR)
fcntl(3, F_SETFL, O_RDWR|O_NONBLOCK)    = 0
poll([{fd=3, events=POLLOUT}], 1, 10000) = 1 ([{fd=3, revents=POLLOUT}])
recvfrom(3, 0x7ffd07d2bc86, 1, 0, NULL, NULL) = -1 EAGAIN (Resource temporarily unavailable)
sendto(3, "\0\0\0e\0\0\0\274MUNGE:AwQFAAAk6bB6jIxmQP"..., 196, 0, NULL, 0) = 196
fcntl(3, F_SETFL, O_RDWR)               = 0
fcntl(3, F_GETFL)                       = 0x2 (flags O_RDWR)
fcntl(3, F_GETFL)                       = 0x2 (flags O_RDWR)
fcntl(3, F_SETFL, O_RDWR|O_NONBLOCK)    = 0
poll([{fd=3, events=POLLOUT}], 1, 10000) = 1 ([{fd=3, revents=POLLOUT}])
recvfrom(3, 0x7ffd07d2bc86, 1, 0, NULL, NULL) = -1 EAGAIN (Resource temporarily unavailable)
sendto(3, "\0$\231\224\0\0\3\351", 8, 0, NULL, 0) = 8
fcntl(3, F_SETFL, O_RDWR)               = 0
rt_sigaction(SIGPIPE, {sa_handler=0x5557767b597e, sa_mask=[PIPE], sa_flags=SA_RESTORER, sa_restorer=0x145afe042520}, {sa_handler=SIG_IGN, sa_mask=[PIPE], sa_flags=SA_RESTORER, sa_restorer=0x145afe042520}, 8) = 0
fcntl(3, F_GETFL)                       = 0x2 (flags O_RDWR)
fcntl(3, F_GETFL)                       = 0x2 (flags O_RDWR)
fcntl(3, F_SETFL, O_RDWR|O_NONBLOCK)    = 0
poll([{fd=3, events=POLLIN}], 1, 10000) = 1 ([{fd=3, revents=POLLIN}])
recvfrom(3, "\0\0\0\24", 4, 0, NULL, NULL) = 4
fcntl(3, F_SETFL, O_RDWR)               = 0
fcntl(3, F_GETFL)                       = 0x2 (flags O_RDWR)
fcntl(3, F_GETFL)                       = 0x2 (flags O_RDWR)
fcntl(3, F_SETFL, O_RDWR|O_NONBLOCK)    = 0
poll([{fd=3, events=POLLIN}], 1, 10000) = 1 ([{fd=3, revents=POLLIN}])
recvfrom(3, "'\0\0@\37A\0\0\0\4\0\0\0\0\0\0\0\0\0\0", 20, 0, NULL, NULL) = 20
fcntl(3, F_SETFL, O_RDWR)               = 0
close(3)                                = 0
write(8, "\0", 1)                       = 1
close(8)                                = 0
rt_sigprocmask(SIG_BLOCK, ~[], [HUP INT QUIT USR1 USR2 PIPE ALRM TERM CONT WINCH], 8) = 0
getpid()                                = 244716
tgkill(244716, 244721, SIGINT)          = 0
futex(0x145afb5f9fb4, FUTEX_WAKE_PRIVATE, 1) = 1
rt_sigprocmask(SIG_SETMASK, [HUP INT QUIT USR1 USR2 PIPE ALRM TERM CONT WINCH], NULL, 8) = 0
--- SIGCHLD {si_signo=SIGCHLD, si_code=CLD_EXITED, si_pid=244720, si_uid=14399, si_status=0, si_utime=0, si_stime=0} ---
munmap(0x145afde50000, 62544)           = 0
exit_group(233)                         = ?
+++ exited with 233 +++
