Last login: Mon Dec 22 14:56:27 2025 from 10.120.64.252
user45020@fcpv00287:~$ 
user45020@fcpv00287:~$ 
user45020@fcpv00287:~$ cd /lustre/tools/AdminTools/sbin/lustre/tools/AdminTools/sbin
user45020@fcpv00287:/lustre/tools/AdminTools/sbin$ ./ AutoAuotoCopy.sh -f./ AutoAuotoCopy.sh -f
-bash: ./: Is a directory
user45020@fcpv00287:/lustre/tools/AdminTools/sbin$ ./ AutoAuotoCopy.sh -f
-bash: ./AutoAuotoCopy.sh: No such file or directory
user45020@fcpv00287:/lustre/tools/AdminTools/sbin$ ls
AnalyzeJson.py  AutoCopy.sh  CksumChecker.sh  notify_slack.sh  scancel_skelton.sh
user45020@fcpv00287:/lustre/tools/AdminTools/sbin$ ./AutoCopy.sh -f

INFO : Start : ===
INFO : Directory : /lustre/share/sbint_models/finetuned/release/sbint-2025-11-25/sbint-2025-11-25-70b-sft
INFO : Done!! : rsync -r /store/.sysonly_okeFBsTh/lustre/share/sbint_models/finetuned/release/sbint-2025-11-25/sbint-2025-11-25-70b-sft /lustre/share/sbint_models/finetuned/release/sbint-2025-11-25
INFO : rsync_completed : 045-partition : /lustre/share/sbint_models/finetuned/release/sbint-2025-11-25/sbint-2025-11-25-70b-sft
cat: /lustre/tools/AdminTools/tmp/fcpv00287_notify.tmp: No such file or directory
DEBUG : fImprovedRsync() :           NOTIFY : /lustre/tools/AdminTools/sbin/notify_slack.sh
DEBUG : fImprovedRsync() : SLACK_CHANNEL_ID : C08MYJM4ARK
DEBUG : fImprovedRsync() :            N_TMP : /lustre/tools/AdminTools/tmp/fcpv00287_notify.tmp
DEBUG : fImprovedRsync() :         MESSAGE2 : 2025-12-23T11:06:11+09:00,rsync_completed,045-partition,/lustre/share/sbint_models/finetuned/release/sbint-2025-11-25/sbint-2025-11-25-70b-sft
INFO : fDestinationChecker() : mkdir OK, rsync dir ready : /lustre/share/sbint_models/guardrail/sarashinaguard-7b-20250508
INFO : Directory : /lustre/share/sbint_models/guardrail/sarashinaguard-7b-20250508
INFO : Done!! : rsync -r /store/.sysonly_okeFBsTh/lustre/share/sbint_models/guardrail/sarashinaguard-7b-20250508 /lustre/share/sbint_models/guardrail
INFO : rsync_completed : 045-partition : /lustre/share/sbint_models/guardrail/sarashinaguard-7b-20250508
cat: /lustre/tools/AdminTools/tmp/fcpv00287_notify.tmp: No such file or directory
DEBUG : fImprovedRsync() :           NOTIFY : /lustre/tools/AdminTools/sbin/notify_slack.sh
DEBUG : fImprovedRsync() : SLACK_CHANNEL_ID : C08MYJM4ARK
DEBUG : fImprovedRsync() :            N_TMP : /lustre/tools/AdminTools/tmp/fcpv00287_notify.tmp
DEBUG : fImprovedRsync() :         MESSAGE2 : 2025-12-23T11:16:39+09:00,rsync_completed,045-partition,/lustre/share/sbint_models/guardrail/sarashinaguard-7b-20250508
INFO : fDestinationChecker() : mkdir OK, rsync dir ready : /lustre/share/sbint_models/translation/release/sbint-translation-2025-12-22/sbint-translation-2025-12-22-dpo
INFO : Directory : /lustre/share/sbint_models/translation/release/sbint-translation-2025-12-22/sbint-translation-2025-12-22-dpo
INFO : Done!! : rsync -r /store/.sysonly_okeFBsTh/lustre/share/sbint_models/translation/release/sbint-translation-2025-12-22/sbint-translation-2025-12-22-dpo /lustre/share/sbint_models/translation/release/sbint-translation-2025-12-22
INFO : rsync_completed : 045-partition : /lustre/share/sbint_models/translation/release/sbint-translation-2025-12-22/sbint-translation-2025-12-22-dpo
cat: /lustre/tools/AdminTools/tmp/fcpv00287_notify.tmp: No such file or directory
DEBUG : fImprovedRsync() :           NOTIFY : /lustre/tools/AdminTools/sbin/notify_slack.sh
DEBUG : fImprovedRsync() : SLACK_CHANNEL_ID : C08MYJM4ARK
DEBUG : fImprovedRsync() :            N_TMP : /lustre/tools/AdminTools/tmp/fcpv00287_notify.tmp
DEBUG : fImprovedRsync() :         MESSAGE2 : 2025-12-23T11:27:01+09:00,rsync_completed,045-partition,/lustre/share/sbint_models/translation/release/sbint-translation-2025-12-22/sbint-translation-2025-12-22-dpo
INFO : Directory : /lustre/teams/text_embeddings/experiments/msmd_cse/sarashina2.2-3b/PROTO_sarashina2.2-3B__multistage_20250710_stg2_mix_gecko-recipe-filtered_RRF1_RRF_20_all_forbes_cl_classsification__stg2/hf_checkpoints/checkpoint-770
INFO : Done!! : rsync -r /store/.sysonly_okeFBsTh/lustre/teams/text_embeddings/experiments/msmd_cse/sarashina2.2-3b/PROTO_sarashina2.2-3B__multistage_20250710_stg2_mix_gecko-recipe-filtered_RRF1_RRF_20_all_forbes_cl_classsification__stg2/hf_checkpoints/checkpoint-770 /lustre/teams/text_embeddings/experiments/msmd_cse/sarashina2.2-3b/PROTO_sarashina2.2-3B__multistage_20250710_stg2_mix_gecko-recipe-filtered_RRF1_RRF_20_all_forbes_cl_classsification__stg2/hf_checkpoints
INFO : rsync_completed : 045-partition : /lustre/teams/text_embeddings/experiments/msmd_cse/sarashina2.2-3b/PROTO_sarashina2.2-3B__multistage_20250710_stg2_mix_gecko-recipe-filtered_RRF1_RRF_20_all_forbes_cl_classsification__stg2/hf_checkpoints/checkpoint-770
cat: /lustre/tools/AdminTools/tmp/fcpv00287_notify.tmp: No such file or directory
DEBUG : fImprovedRsync() :           NOTIFY : /lustre/tools/AdminTools/sbin/notify_slack.sh
DEBUG : fImprovedRsync() : SLACK_CHANNEL_ID : C08MYJM4ARK
DEBUG : fImprovedRsync() :            N_TMP : /lustre/tools/AdminTools/tmp/fcpv00287_notify.tmp
DEBUG : fImprovedRsync() :         MESSAGE2 : 2025-12-23T11:37:05+09:00,rsync_completed,045-partition,/lustre/teams/text_embeddings/experiments/msmd_cse/sarashina2.2-3b/PROTO_sarashina2.2-3B__multistage_20250710_stg2_mix_gecko-recipe-filtered_RRF1_RRF_20_all_forbes_cl_classsification__stg2/hf_checkpoints/checkpoint-770
DEBUG : @@@ 1 @@@
cat: /lustre/tools/AdminTools/tmp/fcpv00287_notify.tmp: No such file or directory
DEBUG :              RET : 
DEBUG : @@@ 2 @@@
DEBUG :           NOTIFY : /lustre/tools/AdminTools/sbin/notify_slack.sh
DEBUG : SLACK_CHANNEL_ID : C08MYJM4ARK
DEBUG :            N_TMP : /lustre/tools/AdminTools/tmp/fcpv00287_notify.tmp
DEBUG :          MESSAGE : AutoCopy_sh_END
DEBUG :              RET : 
DEBUG : END

INFO :   End : ===

user45020@fcpv00287:/lustre/tools/AdminTools/sbin$ 
user45020@fcpv00287:/lustre/tools/AdminTools/sbin$ 
user45020@fcpv00287:/lustre/tools/AdminTools/sbin$ cacd ..
user45020@fcpv00287:/lustre/tools/AdminTools$ cd var 
user45020@fcpv00287:/lustre/tools/AdminTools/var$ ;ls
cksum_transfer  History.csv  Json
user45020@fcpv00287:/lustre/tools/AdminTools/var$ 
user45020@fcpv00287:/lustre/tools/AdminTools/var$ cat History.csv 
2025-12-22T12:02:43+09:00,/lustre/container_cache/reimei_engine/reimei-engine-llm-serve-gpu:20251211-1.sqsh,030d04d02b386470f675cd3eac4d80ce,completed
2025-12-23T11:06:11+09:00,/lustre/share/sbint_models/finetuned/release/sbint-2025-11-25/sbint-2025-11-25-70b-sft,7a67c7e3017cfc9e42a37682982c42a6,completed
2025-12-23T11:16:39+09:00,/lustre/share/sbint_models/guardrail/sarashinaguard-7b-20250508,586865eba73f8f71ebcf4b55bc3d8584,completed
2025-12-23T11:27:01+09:00,/lustre/share/sbint_models/translation/release/sbint-translation-2025-12-22/sbint-translation-2025-12-22-dpo,7509748fcab94fe1390f264024337fc7,completed
2025-12-23T11:37:05+09:00,/lustre/teams/text_embeddings/experiments/msmd_cse/sarashina2.2-3b/PROTO_sarashina2.2-3B__multistage_20250710_stg2_mix_gecko-recipe-filtered_RRF1_RRF_20_all_forbes_cl_classsification__stg2/hf_checkpoints/checkpoint-770,0e4fde8358a8bb05353fc2fc9fe9e14b,completed
user45020@fcpv00287:/lustre/tools/AdminTools/var$ 
user45020@fcpv00287:/lustre/tools/AdminTools/var$ 
user45020@fcpv00287:/lustre/tools/AdminTools/var$ cd /lustre/share/sbint_models/finetuned/release/sbint-2025-11-25/sibbint-2025-11-25-70b-sft/user45020@fcpv00287:/lustre/tools/AdminTools/var$ /lustre/share/sbint_models/finetuned/release/sbint-2025-11-25/sibbint-2025-11-25-70b-sft/
-bash: cd: /lustre/share/sbint_models/finetuned/release/sbint-2025-11-25/sibbint-2025-11-25-70b-sft/: No such file or directory
user45020@fcpv00287:/lustre/tools/AdminTools/var$ cd /store/.sysonly_okeFBsTh//lustre/share/sbint_models/finetuned/release/sbint-2025-11-25/sibbint-2025-11-25-70b-sft//lustre/share/sbint_models/finetuned/release/sbint-2025-11-25/sibbint-2025-11-25-70b-sft/lustre/share/sbint_models/finetuned/release/sbint-2025-11-25/sibbint-2025-11-25-70b-sft/

-bash: cd: /store/.sysonly_okeFBsTh/lustre/share/sbint_models/finetuned/release/sbint-2025-11-25/sibbint-2025-11-25-70b-sft/: No such file or directory
user45020@fcpv00287:/lustre/tools/AdminTools/var$ 
user45020@fcpv00287:/lustre/tools/AdminTools/var$ 
user45020@fcpv00287:/lustre/tools/AdminTools/var$ 
user45020@fcpv00287:/lustre/tools/AdminTools/var$ cd cd s/sotore/ls
cksum_transfer  History.csv  Json
user45020@fcpv00287:/lustre/tools/AdminTools/var$ cd ..
user45020@fcpv00287:/lustre/tools/AdminTools$ ls
config  log  mod  ray_at_work.sh  run_worker.slurm  sbin  tmp  var
user45020@fcpv00287:/lustre/tools/AdminTools$ cd tmp
user45020@fcpv00287:/lustre/tools/AdminTools/tmp$ ls
cksum_all.csv  cksum_tmp1  cksum_tmp2  dst_directory  dst_file
user45020@fcpv00287:/lustre/tools/AdminTools/tmp$ vi t.sh
"t.sh" [New]▽             ~                                                                                                                   ~                                                                                                                   ~                                                                                                                   ~                                                                                                                   ~                                                                                                                   ~                                                                                                                   ~                                                                                                                   ~                                                                                                                   ~                                                                                                                   ~                                                                                                                   ~                                                                                                                   ~                                                                                                                   ~                                                                                                                   ~                                                                                                                   ~                                                                                                                   ~                                                                                                                   ~                                                                                                                   ~                                                                                                                   ~                                                                                                                   ~                                                                                                                   ~                                                                                                                   ~                                                                                                                   ~                                                                                                                   ~                                                                                                                   ~                                                                                                                   ~                                                                                                                   ~                                                                                                                   ~                                                                                                                   ~                                                                                                                   ~                                                                                                                   0,0-1All~                                                                                                                   ~                                                                                                                   ~                                                                                                                   ~                                                                                                                   ~                                                                                                                   ~                                                                                                                   ~                                                                                                                   ~                                                                                                                   ~                                                                                                                   ~                                                                                                                   ~                                                                                                                   ~                                                                                                                   ~                                                                                                                   ~                                                                                                                   ~                                                                                                                   ~                                                                                                                   ~                                                                                                                   ~                                                                                                                   ~                                                                                                                   ~                                                                                                                   ~                                                                                                                   ~                                                                                                                   ~                                                                                                                   ~                                                                                                                   ~                                                                                                                   ~                                                                                                                   ~                                                                                                                   ~                                                                                                                   ~                                                                                                                   ~                                                                                                                   0,0-1All"t.sh" [New]0/0000/000          ~                                                                                                                   ~                                                                                                                   ~                                                                                                                   ~                                                                                                                   ~                                                                                                                   ~                                                                                                                   ~                                                                                                                   ~                                                                                                                   ~                                                                                                                   ~                                                                                                                   ~                                                                                                                   ~                                                                                                                   ~                                                                                                                   ~                                                                                                                   ~                                                                                                                   ~                                                                                                                   ~                                                                                                                   ~                                                                                                                   ~                                                                                                                   ~                                                                                                                   ~                                                                                                                   ~                                                                                                                   ~                                                                                                                   ~                                                                                                                   ~                                                                                                                   ~                                                                                                                   ~                                                                                                                   ~                                                                                                                   ~                                                                                                                   ~                                                                                                                   0,0-1All"t.sh" [New]~                                                                                                                   ~                                                                                                                   ~                                                                                                                   ~                                                                                                                   ~                                                                                                                   ~                                                                                                                   ~                                                                                                                   ~                                                                                                                   ~                                                                                                                   ~                                                                                                                   ~                                                                                                                   ~                                                                                                                   ~                                                                                                                   ~                                                                                                                   ~                                                                                                                   ~                                                                                                                   ~                                                                                                                   ~                                                                                                                   ~                                                                                                                   ~                                                                                                                   ~                                                                                                                   ~                                                                                                                   ~                                                                                                                   ~                                                                                                                   ~                                                                                                                   ~                                                                                                                   ~                                                                                                                   ~                                                                                                                   ~                                                                                                                   ~                                                                                                                   0,0-1All"t.sh" [New]^[P0+     ^[P0+     a -- INSERT --0,1All^^V   ^[[200~/store/.sysonly_okeFBsTh/1,32-33^[  1,31-32All^[  ^[  0 1    x dl  [200~/store/.sysonly_okeFBsTh/x dl  20~/store/.sysonly_okeFBsTh/x dl  0~/store/.sysonly_okeFBsTh/x dl  ~/store/.sysonly_okeFBsTh/x dl  ~/store/.sysonly_okeFBsTh/x dl  /store/.sysonly_okeFBsTh/i -- INSERT --1,1AllI/store/.sysonly_okeFBsTh/2/store/.sysonly_okeFBsTh/1P/store/.sysonly_okeFBsTh/2r/store/.sysonly_okeFBsTh/3/store/.sysonly_okeFBsTh/2r/store/.sysonly_okeFBsTh/3e/store/.sysonly_okeFBsTh/4/store/.sysonly_okeFBsTh/3/store/.sysonly_okeFBsTh/2R/store/.sysonly_okeFBsTh/3E/store/.sysonly_okeFBsTh/4F/store/.sysonly_okeFBsTh/5I/store/.sysonly_okeFBsTh/6X/store/.sysonly_okeFBsTh/7PREFIX=/store/.sysonly_okeFBsTh/8^[  1,7All^[  ^[  - 0 1O -- INSERT --1,1Top1,1All#2!3/4u5s6r7/8i98b9i10n1/2e3n4v5 6b7a8s9h202,1All^[  2,0-1All^[  ^[  j 3,1  o -- INSERT --4,1All5678w2h3i4l5while6 7r8e9a10d1 2T3A4R5G6E7T8
        9,2-9d3-10do   
        10,2-9
        1
        2d3-10do   don4done56<7<89 E10O1L23,1 45e2O321E2O3EOL4^[  15,3All^[  ^[  ^[  ^[  ^[  ^[  k 4,0-1k 3k 2,3  o -- INSERT --13,1Top13,1All^^V   ^[[O4-5^[  13,3-4All^[  ^[  x dl  2-3x dl  1  x dl  0-1x dl  x dl  a -- INSERT --13,1All^[  13,0-1All^[  ^[  ^V1x1-- VISUAL BLOCK --1x113,0-1All   INSERT --O13,1All/lustre/share/sbint_models/finetuned/release/sbint-2025-11-25/sbint-2025-11-25-70b-sft/
/lustre/share/sbint_model(paste) --s/guardrail/sarashinaguard-7b-20250508/
/lustre/teams/text_embeddings/experiments/msmd_cse/sarashina2.2-3b/PROTO_sarashina2.2-3B__multistage_20250710_stg2_mmix_gecko-recipe-filtered_RRF1_RRF_20_all_forbes_cl_classsification__stg2/hf_checkpoints/checkpoint-770/15,219All^[  ^[  ^[  ^[  0 1  j 6,0-1j 7k 6dd  
~                                                                                                                   16,0-1Alldd  
~                                                                                                                   16,1Allk 5k 4k 3k 2k 1,0-1k 0k 9,1   j 10,0-1a -- INSERT --10,1All2345l6ls78$9${

done << EOL
/lustre/share/sbint_models/finetuned/release/sbint-2025-11-25/sbint-2025-11-25-70b-sft/
/lustre/share/sbint_models/guardrail/sarashinaguard-7b-20250508/
/lustre/teams/text_embeddings/experiments/msmd_cse/sarashina2.2-3b/PROTO_sarashina2.2-3B__multistage_20250710_stg2_mmix_gecko-recipe-filtered_RRF1_RRF_20_all_forbes_cl_classsification__stg2/hf_checkpoints/checkpoint-770/
EOL10}

done << EOL
/lustre/share/sbint_models/finetuned/release/sbint-2025-11-25/sbint-2025-11-25-70b-sft/
/lustre/share/sbint_models/guardrail/sarashinaguard-7b-20250508/
/lustre/teams/text_embeddings/experiments/msmd_cse/sarashina2.2-3b/PROTO_sarashina2.2-3B__multistage_20250710_stg2_mmix_gecko-recipe-filtered_RRF1_RRF_20_all_forbes_cl_classsification__stg2/hf_checkpoints/checkpoint-770/
EOL{}1^[  10,10Allh 9 a -- INSERT --10,10AllT}T}1A}A}2R}R}3G}G}4E}E}5T}T}6^[  {TARGET}10,15All^[  ^[  ::wq"t.sh" [New] 16L, 486B written
user45020@fcpv00287:/lustre/tools/AdminTools/tmp$ chmod +x t.sh
user45020@fcpv00287:/lustre/tools/AdminTools/tmp$ ./t.sh
chat_template.jinja		  model-00011-of-00030.safetensors  model-00024-of-00030.safetensors
config.json			  model-00012-of-00030.safetensors  model-00025-of-00030.safetensors
mergekit_config.yml		  model-00013-of-00030.safetensors  model-00026-of-00030.safetensors
model-00001-of-00030.safetensors  model-00014-of-00030.safetensors  model-00027-of-00030.safetensors
model-00002-of-00030.safetensors  model-00015-of-00030.safetensors  model-00028-of-00030.safetensors
model-00003-of-00030.safetensors  model-00016-of-00030.safetensors  model-00029-of-00030.safetensors
model-00004-of-00030.safetensors  model-00017-of-00030.safetensors  model-00030-of-00030.safetensors
model-00005-of-00030.safetensors  model-00018-of-00030.safetensors  model.safetensors.index.json
model-00006-of-00030.safetensors  model-00019-of-00030.safetensors  README.md
model-00007-of-00030.safetensors  model-00020-of-00030.safetensors  special_tokens_map.json
model-00008-of-00030.safetensors  model-00021-of-00030.safetensors  tokenizer_config.json
model-00009-of-00030.safetensors  model-00022-of-00030.safetensors  tokenizer.json
model-00010-of-00030.safetensors  model-00023-of-00030.safetensors  tokenizer.model
config.json			  model-00003-of-00003.safetensors  test.predictions.jsonl	tokenizer.model
mergekit_config.yml		  model.safetensors.index.json	    test.predictions.jsonl.csv
model-00001-of-00003.safetensors  README.md			    tokenizer_config.json
model-00002-of-00003.safetensors  special_tokens_map.json	    tokenizer.json
1_Pooling			   modules.json       sentence_bert_config.json  tokenizer.json
config.json			   pytorch_model.bin  special_tokens_map.json	 tokenizer.model
config_sentence_transformers.json  README.md	      tokenizer_config.json	 trainer_state.json
user45020@fcpv00287:/lustre/tools/AdminTools/tmp$ user45020@fcpv00287:/lustre/tools/AdminTools/tmp$ user45020@fcpv00287:/lustre/tools/AdminTools/tmp$ user45020@fcpv00287:/lustre/tools/AdminTools/tmp$ user45020@fcpv00287:/lustre/tools/AdminTools/tmp$ user45020@fcpv00287:/lustre/tools/AdminTools/tmp$ user45020@fcpv00287:/lustre/tools/AdminTools/tmp$ user45020@fcpv00287:/lustre/tools/AdminTools/tmp$ ls
cksum_all.csv  cksum_tmp1  cksum_tmp2  dst_directory  dst_file  t.sh
user45020@fcpv00287:/lustre/tools/AdminTools/tmp$ vi t.sh
"t.sh" 16L, 486B▽             #!/usr/bin/env bashPREFIX=/store/.sysonly_okeFBsTh/while read TARGET
do
    ls ${TARGET}

done << EOL
/lustre/share/sbint_models/finetuned/release/sbint-2025-11-25/sbint-2025-11-25-70b-sft/
/lustre/share/sbint_models/guardrail/sarashinaguard-7b-20250508/
/lustre/teams/text_embeddings/experiments/msmd_cse/sarashina2.2-3b/PROTO_sarashina2.2-3B__multistage_20250710_stg2_mix_gecko-recipe-filttered_RRF1_RRF_20_all_forbes_cl_classsification__stg2/hf_checkpoints/checkpoint-770/
EOL
~                                                                                                                                       ~                                                                                                                                       ~                                                                                                                                       ~                                                                                                                                       ~                                                                                                                                       ~                                                                                                                                       ~                                                                                                                                       ~                                                                                                                                       ~                                                                                                                                       ~                                                                                                                                       ~                                                                                                                                       ~                                                                                                                                       ~                                                                                                                                       ~                                                                                                                                       10,15All#!/usr/bin/env bash

PREFIX=/store/.sysonly_okeFBsTh/while read TARGET
do
    ls ${TARGET}

done << EOL
/lustre/share/sbint_models/finetuned/release/sbint-2025-11-25/sbint-2025-11-25-70b-sft/
/lustre/share/sbint_models/guardrail/sarashinaguard-7b-20250508/
/lustre/teams/text_embeddings/experiments/msmd_cse/sarashina2.2-3b/PROTO_sarashina2.2-3B__multistage_20250710_stg2_mix_gecko-recipe-filttered_RRF1_RRF_20_all_forbes_cl_classsification__stg2/hf_checkpoints/checkpoint-770/
EOL
~                                                                                                                                       ~                                                                                                                                       ~                                                                                                                                       ~                                                                                                                                       ~                                                                                                                                       ~                                                                                                                                       ~                                                                                                                                       ~                                                                                                                                       ~                                                                                                                                       ~                                                                                                                                       ~                                                                                                                                       ~                                                                                                                                       ~                                                                                                                                       ~                                                                                                                                       10,15All"t.sh" 16L, 486B0/0000/000          #!/usr/bin/env bash

PREFIX=/store/.sysonly_okeFBsTh/while read TARGET
do
    ls ${TARGET}

done << EOL
/lustre/share/sbint_models/finetuned/release/sbint-2025-11-25/sbint-2025-11-25-70b-sft/
/lustre/share/sbint_models/guardrail/sarashinaguard-7b-20250508/
/lustre/teams/text_embeddings/experiments/msmd_cse/sarashina2.2-3b/PROTO_sarashina2.2-3B__multistage_20250710_stg2_mix_gecko-recipe-filttered_RRF1_RRF_20_all_forbes_cl_classsification__stg2/hf_checkpoints/checkpoint-770/
EOL
~                                                                                                                                       ~                                                                                                                                       ~                                                                                                                                       ~                                                                                                                                       ~                                                                                                                                       ~                                                                                                                                       ~                                                                                                                                       ~                                                                                                                                       ~                                                                                                                                       ~                                                                                                                                       ~                                                                                                                                       ~                                                                                                                                       ~                                                                                                                                       ~                                                                                                                                       10,15All"t.sh" 16L, 486B#!/usr/bin/env bash

PREFIX=/store/.sysonly_okeFBsTh/while read TARGET
do
    ls ${TARGET}

done << EOL
/lustre/share/sbint_models/finetuned/release/sbint-2025-11-25/sbint-2025-11-25-70b-sft/
/lustre/share/sbint_models/guardrail/sarashinaguard-7b-20250508/
/lustre/teams/text_embeddings/experiments/msmd_cse/sarashina2.2-3b/PROTO_sarashina2.2-3B__multistage_20250710_stg2_mix_gecko-recipe-filttered_RRF1_RRF_20_all_forbes_cl_classsification__stg2/hf_checkpoints/checkpoint-770/
EOL
~                                                                                                                                       ~                                                                                                                                       ~                                                                                                                                       ~                                                                                                                                       ~                                                                                                                                       ~                                                                                                                                       ~                                                                                                                                       ~                                                                                                                                       ~                                                                                                                                       ~                                                                                                                                       ~                                                                                                                                       ~                                                                                                                                       ~                                                                                                                                       ~                                                                                                                                       10,15All"t.sh" 16L, 486B^[P0+     0 10,1Allk 9,1 o -- INSERT --10,2-9All10,2-9All^[  10,0-1All^[  ^[  a -- INSERT --10,1All2345e6c7h8echo911,5Alle6c7h8echo9 10$1${
    ls 

done << EOL
/lustre/share/sbint_models/finetuned/release/sbint-2025-11-25/sbint-2025-11-25-70b-sft/
/lustre/share/sbint_models/guardrail/sarashinaguard-7b-20250508/
/lustre/teams/text_embeddings/experiments/msmd_cse/sarashina2.2-3b/PROTO_sarashina2.2-3B__multistage_20250710_stg2_mix_gecko-recipe-filttered_RRF1_RRF_20_all_forbes_cl_classsification__stg2/hf_checkpoints/checkpoint-770/
EOL2}
    ls 

done << EOL
/lustre/share/sbint_models/finetuned/release/sbint-2025-11-25/sbint-2025-11-25-70b-sft/
/lustre/share/sbint_models/guardrail/sarashinaguard-7b-20250508/
/lustre/teams/text_embeddings/experiments/msmd_cse/sarashina2.2-3b/PROTO_sarashina2.2-3B__multistage_20250710_stg2_mix_gecko-recipe-filttered_RRF1_RRF_20_all_forbes_cl_classsification__stg2/hf_checkpoints/checkpoint-770/
EOL{}3^[  11,12Allh 1a -- INSERT --11,12AllT}T}3A}A}4R}R}5G}G}6E}E}7T}T}8^[  {TARGET}11,17All^[  ^[  ::w"t.sh" 18L, 514B written11,17All11,17All0  j 2j 3,0-1dd  
~                                                                                                                                       13,1All::wq"t.sh" 17L, 513B written
user45020@fcpv00287:/lustre/tools/AdminTools/tmp$ vi t.sh
"t.sh" 17L, 513B▽             #!/usr/bin/env bashPREFIX=/store/.sysonly_okeFBsTh/while read TARGET
do
    echo
    echo ${TARGET}
    ls ${TARGET}
done << EOL
/lustre/share/sbint_models/finetuned/release/sbint-2025-11-25/sbint-2025-11-25-70b-sft/
/lustre/share/sbint_models/guardrail/sarashinaguard-7b-20250508/
/lustre/teams/text_embeddings/experiments/msmd_cse/sarashina2.2-3b/PROTO_sarashina2.2-3B__multistage_20250710_stg2_mix_gecko-recipe-filttered_RRF1_RRF_20_all_forbes_cl_classsification__stg2/hf_checkpoints/checkpoint-770/
EOL
~                                                                                                                                       ~                                                                                                                                       ~                                                                                                                                       ~                                                                                                                                       ~                                                                                                                                       ~                                                                                                                                       ~                                                                                                                                       ~                                                                                                                                       ~                                                                                                                                       ~                                                                                                                                       ~                                                                                                                                       ~                                                                                                                                       ~                                                                                                                                       13,1All#!/usr/bin/env bash

PREFIX=/store/.sysonly_okeFBsTh/while read TARGET
do
    echo
    echo ${TARGET}
    ls ${TARGET}
done << EOL
/lustre/share/sbint_models/finetuned/release/sbint-2025-11-25/sbint-2025-11-25-70b-sft/
/lustre/share/sbint_models/guardrail/sarashinaguard-7b-20250508/
/lustre/teams/text_embeddings/experiments/msmd_cse/sarashina2.2-3b/PROTO_sarashina2.2-3B__multistage_20250710_stg2_mix_gecko-recipe-filttered_RRF1_RRF_20_all_forbes_cl_classsification__stg2/hf_checkpoints/checkpoint-770/
EOL
~                                                                                                                                       ~                                                                                                                                       ~                                                                                                                                       ~                                                                                                                                       ~                                                                                                                                       ~                                                                                                                                       ~                                                                                                                                       ~                                                                                                                                       ~                                                                                                                                       ~                                                                                                                                       ~                                                                                                                                       ~                                                                                                                                       ~                                                                                                                                       13,1All"t.sh" 17L, 513B0/0000/000          #!/usr/bin/env bash

PREFIX=/store/.sysonly_okeFBsTh/while read TARGET
do
    echo
    echo ${TARGET}
    ls ${TARGET}
done << EOL
/lustre/share/sbint_models/finetuned/release/sbint-2025-11-25/sbint-2025-11-25-70b-sft/
/lustre/share/sbint_models/guardrail/sarashinaguard-7b-20250508/
/lustre/teams/text_embeddings/experiments/msmd_cse/sarashina2.2-3b/PROTO_sarashina2.2-3B__multistage_20250710_stg2_mix_gecko-recipe-filttered_RRF1_RRF_20_all_forbes_cl_classsification__stg2/hf_checkpoints/checkpoint-770/
EOL
~                                                                                                                                       ~                                                                                                                                       ~                                                                                                                                       ~                                                                                                                                       ~                                                                                                                                       ~                                                                                                                                       ~                                                                                                                                       ~                                                                                                                                       ~                                                                                                                                       ~                                                                                                                                       ~                                                                                                                                       ~                                                                                                                                       ~                                                                                                                                       13,1All"t.sh" 17L, 513B#!/usr/bin/env bash

PREFIX=/store/.sysonly_okeFBsTh/while read TARGET
do
    echo
    echo ${TARGET}
    ls ${TARGET}
done << EOL
/lustre/share/sbint_models/finetuned/release/sbint-2025-11-25/sbint-2025-11-25-70b-sft/
/lustre/share/sbint_models/guardrail/sarashinaguard-7b-20250508/
/lustre/teams/text_embeddings/experiments/msmd_cse/sarashina2.2-3b/PROTO_sarashina2.2-3B__multistage_20250710_stg2_mix_gecko-recipe-filttered_RRF1_RRF_20_all_forbes_cl_classsification__stg2/hf_checkpoints/checkpoint-770/
EOL
~                                                                                                                                       ~                                                                                                                                       ~                                                                                                                                       ~                                                                                                                                       ~                                                                                                                                       ~                                                                                                                                       ~                                                                                                                                       ~                                                                                                                                       ~                                                                                                                                       ~                                                                                                                                       ~                                                                                                                                       ~                                                                                                                                       ~                                                                                                                                       13,1All"t.sh" 17L, 513B^[P0+     ^[P0+     ^[P0    k 12,1Allk 1$ {}8a -- INSERT --11,19All {TARGET}20#1#2#3#4#5^[  11,24All^[  ^[  ::wq"t.sh" 17L, 519B written
user45020@fcpv00287:/lustre/tools/AdminTools/tmp$ ./t.sh

/lustre/share/sbint_models/finetuned/release/sbint-2025-11-25/sbint-2025-11-25-70b-sft/
chat_template.jinja		  model-00008-of-00030.safetensors  model-00018-of-00030.safetensors  model-00028-of-00030.safetensors
config.json			  model-00009-of-00030.safetensors  model-00019-of-00030.safetensors  model-00029-of-00030.safetensors
mergekit_config.yml		  model-00010-of-00030.safetensors  model-00020-of-00030.safetensors  model-00030-of-00030.safetensors
model-00001-of-00030.safetensors  model-00011-of-00030.safetensors  model-00021-of-00030.safetensors  model.safetensors.index.json
model-00002-of-00030.safetensors  model-00012-of-00030.safetensors  model-00022-of-00030.safetensors  README.md
model-00003-of-00030.safetensors  model-00013-of-00030.safetensors  model-00023-of-00030.safetensors  special_tokens_map.json
model-00004-of-00030.safetensors  model-00014-of-00030.safetensors  model-00024-of-00030.safetensors  tokenizer_config.json
model-00005-of-00030.safetensors  model-00015-of-00030.safetensors  model-00025-of-00030.safetensors  tokenizer.json
model-00006-of-00030.safetensors  model-00016-of-00030.safetensors  model-00026-of-00030.safetensors  tokenizer.model
model-00007-of-00030.safetensors  model-00017-of-00030.safetensors  model-00027-of-00030.safetensors

/lustre/share/sbint_models/guardrail/sarashinaguard-7b-20250508/
config.json			  model-00003-of-00003.safetensors  test.predictions.jsonl	tokenizer.model
mergekit_config.yml		  model.safetensors.index.json	    test.predictions.jsonl.csv
model-00001-of-00003.safetensors  README.md			    tokenizer_config.json
model-00002-of-00003.safetensors  special_tokens_map.json	    tokenizer.json

/lustre/teams/text_embeddings/experiments/msmd_cse/sarashina2.2-3b/PROTO_sarashina2.2-3B__multistage_20250710_stg2_mix_gecko-recipe-filtered_RRF1_RRF_20_all_forbes_cl_classsification__stg2/hf_checkpoints/checkpoint-770/
1_Pooling    config_sentence_transformers.json	pytorch_model.bin  sentence_bert_config.json  tokenizer_config.json  tokenizer.model
config.json  modules.json			README.md	   special_tokens_map.json    tokenizer.json	     trainer_state.json
user45020@fcpv00287:/lustre/tools/AdminTools/tmp$ vi t.sh
"t.sh" 17L, 519B▽             #!/usr/bin/env bashPREFIX=/store/.sysonly_okeFBsTh/while read TARGET
do
    echo
    echo ${TARGET} #####
    ls ${TARGET}
done << EOL
/lustre/share/sbint_models/finetuned/release/sbint-2025-11-25/sbint-2025-11-25-70b-sft/
/lustre/share/sbint_models/guardrail/sarashinaguard-7b-20250508/
/lustre/teams/text_embeddings/experiments/msmd_cse/sarashina2.2-3b/PROTO_sarashina2.2-3B__multistage_20250710_stg2_mix_gecko-recipe-filttered_RRF1_RRF_20_all_forbes_cl_classsification__stg2/hf_checkpoints/checkpoint-770/
EOL
~                                                                                                                                       ~                                                                                                                                       ~                                                                                                                                       ~                                                                                                                                       ~                                                                                                                                       ~                                                                                                                                       ~                                                                                                                                       ~                                                                                                                                       ~                                                                                                                                       ~                                                                                                                                       ~                                                                                                                                       ~                                                                                                                                       ~                                                                                                                                       11,24All#!/usr/bin/env bash

PREFIX=/store/.sysonly_okeFBsTh/while read TARGET
do
    echo
    echo ${TARGET} #####
    ls ${TARGET}
done << EOL
/lustre/share/sbint_models/finetuned/release/sbint-2025-11-25/sbint-2025-11-25-70b-sft/
/lustre/share/sbint_models/guardrail/sarashinaguard-7b-20250508/
/lustre/teams/text_embeddings/experiments/msmd_cse/sarashina2.2-3b/PROTO_sarashina2.2-3B__multistage_20250710_stg2_mix_gecko-recipe-filttered_RRF1_RRF_20_all_forbes_cl_classsification__stg2/hf_checkpoints/checkpoint-770/
EOL
~                                                                                                                                       ~                                                                                                                                       ~                                                                                                                                       ~                                                                                                                                       ~                                                                                                                                       ~                                                                                                                                       ~                                                                                                                                       ~                                                                                                                                       ~                                                                                                                                       ~                                                                                                                                       ~                                                                                                                                       ~                                                                                                                                       ~                                                                                                                                       11,24All"t.sh" 17L, 519B0/0000/000          #!/usr/bin/env bash

PREFIX=/store/.sysonly_okeFBsTh/while read TARGET
do
    echo
    echo ${TARGET} #####
    ls ${TARGET}
done << EOL
/lustre/share/sbint_models/finetuned/release/sbint-2025-11-25/sbint-2025-11-25-70b-sft/
/lustre/share/sbint_models/guardrail/sarashinaguard-7b-20250508/
/lustre/teams/text_embeddings/experiments/msmd_cse/sarashina2.2-3b/PROTO_sarashina2.2-3B__multistage_20250710_stg2_mix_gecko-recipe-filttered_RRF1_RRF_20_all_forbes_cl_classsification__stg2/hf_checkpoints/checkpoint-770/
EOL
~                                                                                                                                       ~                                                                                                                                       ~                                                                                                                                       ~                                                                                                                                       ~                                                                                                                                       ~                                                                                                                                       ~                                                                                                                                       ~                                                                                                                                       ~                                                                                                                                       ~                                                                                                                                       ~                                                                                                                                       ~                                                                                                                                       ~                                                                                                                                       11,24All"t.sh" 17L, 519B#!/usr/bin/env bash

PREFIX=/store/.sysonly_okeFBsTh/while read TARGET
do
    echo
    echo ${TARGET} #####
    ls ${TARGET}
done << EOL
/lustre/share/sbint_models/finetuned/release/sbint-2025-11-25/sbint-2025-11-25-70b-sft/
/lustre/share/sbint_models/guardrail/sarashinaguard-7b-20250508/
/lustre/teams/text_embeddings/experiments/msmd_cse/sarashina2.2-3b/PROTO_sarashina2.2-3B__multistage_20250710_stg2_mix_gecko-recipe-filttered_RRF1_RRF_20_all_forbes_cl_classsification__stg2/hf_checkpoints/checkpoint-770/
EOL
~                                                                                                                                       ~                                                                                                                                       ~                                                                                                                                       ~                                                                                                                                       ~                                                                                                                                       ~                                                                                                                                       ~                                                                                                                                       ~                                                                                                                                       ~                                                                                                                                       ~                                                                                                                                       ~                                                                                                                                       ~                                                                                                                                       ~                                                                                                                                       11,24All"t.sh" 17L, 519B^[P0+     ^[P0+     ^[P0    h 11,23Allh 2h 1h 0h 19h {}8h {TARGET}7h 6h 5h 4h 3h 2h {}1h {TARGET}0h 9 a -- INSERT --11,10All"${TARGET} #####
    ls 
done << EOLEOL1^[  11,10All$ 25a -- INSERT --11,26All"
    ls 
done << EOLEOL7^[  11,26All::wq"t.sh" 17L, 521B written
user45020@fcpv00287:/lustre/tools/AdminTools/tmp$ ./t.sh

/lustre/share/sbint_models/finetuned/release/sbint-2025-11-25/sbint-2025-11-25-70b-sft/ #####
chat_template.jinja		  model-00008-of-00030.safetensors  model-00018-of-00030.safetensors  model-00028-of-00030.safetensors
config.json			  model-00009-of-00030.safetensors  model-00019-of-00030.safetensors  model-00029-of-00030.safetensors
mergekit_config.yml		  model-00010-of-00030.safetensors  model-00020-of-00030.safetensors  model-00030-of-00030.safetensors
model-00001-of-00030.safetensors  model-00011-of-00030.safetensors  model-00021-of-00030.safetensors  model.safetensors.index.json
model-00002-of-00030.safetensors  model-00012-of-00030.safetensors  model-00022-of-00030.safetensors  README.md
model-00003-of-00030.safetensors  model-00013-of-00030.safetensors  model-00023-of-00030.safetensors  special_tokens_map.json
model-00004-of-00030.safetensors  model-00014-of-00030.safetensors  model-00024-of-00030.safetensors  tokenizer_config.json
model-00005-of-00030.safetensors  model-00015-of-00030.safetensors  model-00025-of-00030.safetensors  tokenizer.json
model-00006-of-00030.safetensors  model-00016-of-00030.safetensors  model-00026-of-00030.safetensors  tokenizer.model
model-00007-of-00030.safetensors  model-00017-of-00030.safetensors  model-00027-of-00030.safetensors

/lustre/share/sbint_models/guardrail/sarashinaguard-7b-20250508/ #####
config.json			  model-00003-of-00003.safetensors  test.predictions.jsonl	tokenizer.model
mergekit_config.yml		  model.safetensors.index.json	    test.predictions.jsonl.csv
model-00001-of-00003.safetensors  README.md			    tokenizer_config.json
model-00002-of-00003.safetensors  special_tokens_map.json	    tokenizer.json

/lustre/teams/text_embeddings/experiments/msmd_cse/sarashina2.2-3b/PROTO_sarashina2.2-3B__multistage_20250710_stg2_mix_gecko-recipe-filtered_RRF1_RRF_20_all_forbes_cl_classsification__stg2/hf_checkpoints/checkpoint-770/ #####
1_Pooling    config_sentence_transformers.json	pytorch_model.bin  sentence_bert_config.json  tokenizer_config.json  tokenizer.model
config.json  modules.json			README.md	   special_tokens_map.json    tokenizer.json	     trainer_state.json
user45020@fcpv00287:/lustre/tools/AdminTools/tmp$ user45020@fcpv00287:/lustre/tools/AdminTools/tmp$ user45020@fcpv00287:/lustre/tools/AdminTools/tmp$ user45020@fcpv00287:/lustre/tools/AdminTools/tmp$ user45020@fcpv00287:/lustre/tools/AdminTools/tmp$ user45020@fcpv00287:/lustre/tools/AdminTools/tmp$ user45020@fcpv00287:/lustre/tools/AdminTools/tmp$ user45020@fcpv00287:/lustre/tools/AdminTools/tmp$ user45020@fcpv00287:/lustre/tools/AdminTools/tmp$ user45020@fcpv00287:/lustre/tools/AdminTools/tmp$ user45020@fcpv00287:/lustre/tools/AdminTools/tmp$ user45020@fcpv00287:/lustre/tools/AdminTools/tmp$ user45020@fcpv00287:/lustre/tools/AdminTools/tmp$ user45020@fcpv00287:/lustre/tools/AdminTools/tmp$ user45020@fcpv00287:/lustre/tools/AdminTools/tmp$ user45020@fcpv00287:/lustre/tools/AdminTools/tmp$ user45020@fcpv00287:/lustre/tools/AdminTools/tmp$ clear
user45020@fcpv00287:/lustre/tools/AdminTools/tmp$ ./t.sh

/lustre/share/sbint_models/finetuned/release/sbint-2025-11-25/sbint-2025-11-25-70b-sft/ #####
chat_template.jinja		  model-00008-of-00030.safetensors  model-00018-of-00030.safetensors  model-00028-of-00030.safetensors
config.json			  model-00009-of-00030.safetensors  model-00019-of-00030.safetensors  model-00029-of-00030.safetensors
mergekit_config.yml		  model-00010-of-00030.safetensors  model-00020-of-00030.safetensors  model-00030-of-00030.safetensors
model-00001-of-00030.safetensors  model-00011-of-00030.safetensors  model-00021-of-00030.safetensors  model.safetensors.index.json
model-00002-of-00030.safetensors  model-00012-of-00030.safetensors  model-00022-of-00030.safetensors  README.md
model-00003-of-00030.safetensors  model-00013-of-00030.safetensors  model-00023-of-00030.safetensors  special_tokens_map.json
model-00004-of-00030.safetensors  model-00014-of-00030.safetensors  model-00024-of-00030.safetensors  tokenizer_config.json
model-00005-of-00030.safetensors  model-00015-of-00030.safetensors  model-00025-of-00030.safetensors  tokenizer.json
model-00006-of-00030.safetensors  model-00016-of-00030.safetensors  model-00026-of-00030.safetensors  tokenizer.model
model-00007-of-00030.safetensors  model-00017-of-00030.safetensors  model-00027-of-00030.safetensors

/lustre/share/sbint_models/guardrail/sarashinaguard-7b-20250508/ #####
config.json			  model-00003-of-00003.safetensors  test.predictions.jsonl	tokenizer.model
mergekit_config.yml		  model.safetensors.index.json	    test.predictions.jsonl.csv
model-00001-of-00003.safetensors  README.md			    tokenizer_config.json
model-00002-of-00003.safetensors  special_tokens_map.json	    tokenizer.json

/lustre/teams/text_embeddings/experiments/msmd_cse/sarashina2.2-3b/PROTO_sarashina2.2-3B__multistage_20250710_stg2_mix_gecko-recipe-filtered_RRF1_RRF_20_all_forbes_cl_classsification__stg2/hf_checkpoints/checkpoint-770/ #####
1_Pooling    config_sentence_transformers.json	pytorch_model.bin  sentence_bert_config.json  tokenizer_config.json  tokenizer.model
config.json  modules.json			README.md	   special_tokens_map.json    tokenizer.json	     trainer_state.json
user45020@fcpv00287:/lustre/tools/AdminTools/tmp$ vi t.vi t.sh
"t.sh" 17L, 521B▽             #!/usr/bin/env bashPREFIX=/store/.sysonly_okeFBsTh/while read TARGET
do
    echo
    echo "${TARGET} #####"
    ls ${TARGET}
done << EOL
/lustre/share/sbint_models/finetuned/release/sbint-2025-11-25/sbint-2025-11-25-70b-sft/
/lustre/share/sbint_models/guardrail/sarashinaguard-7b-20250508/
/lustre/teams/text_embeddings/experiments/msmd_cse/sarashina2.2-3b/PROTO_sarashina2.2-3B__multistage_20250710_stg2_mix_gecko-recipe-filttered_RRF1_RRF_20_all_forbes_cl_classsification__stg2/hf_checkpoints/checkpoint-770/
EOL
~                                                                                                                                       ~                                                                                                                                       ~                                                                                                                                       ~                                                                                                                                       ~                                                                                                                                       ~                                                                                                                                       ~                                                                                                                                       ~                                                                                                                                       ~                                                                                                                                       ~                                                                                                                                       ~                                                                                                                                       ~                                                                                                                                       ~                                                                                                                                       ~                                                                                                                                       ~                                                                                                                                       ~                                                                                                                                       ~                                                                                                                                       ~                                                                                                                                       ~                                                                                                                                       ~                                                                                                                                       ~                                                                                                                                       ~                                                                                                                                       ~                                                                                                                                       ~                                                                                                                                       ~                                                                                                                                       ~                                                                                                                                       ~                                                                                                                                       ~                                                                                                                                       ~                                                                                                                                       ~                                                                                                                                       ~                                                                                                                                       ~                                                                                                                                       ~                                                                                                                                       ~                                                                                                                                       ~                                                                                                                                       ~                                                                                                                                       ~                                                                                                                                       ~                                                                                                                                       ~                                                                                                                                       ~                                                                                                                                       ~                                                                                                                                       ~                                                                                                                                       11,26All#!/usr/bin/env bash

PREFIX=/store/.sysonly_okeFBsTh/while read TARGET
do
    echo
    echo "${TARGET} #####"
    ls ${TARGET}
done << EOL
/lustre/share/sbint_models/finetuned/release/sbint-2025-11-25/sbint-2025-11-25-70b-sft/
/lustre/share/sbint_models/guardrail/sarashinaguard-7b-20250508/
/lustre/teams/text_embeddings/experiments/msmd_cse/sarashina2.2-3b/PROTO_sarashina2.2-3B__multistage_20250710_stg2_mix_gecko-recipe-filttered_RRF1_RRF_20_all_forbes_cl_classsification__stg2/hf_checkpoints/checkpoint-770/
EOL
~                                                                                                                                       ~                                                                                                                                       ~                                                                                                                                       ~                                                                                                                                       ~                                                                                                                                       ~                                                                                                                                       ~                                                                                                                                       ~                                                                                                                                       ~                                                                                                                                       ~                                                                                                                                       ~                                                                                                                                       ~                                                                                                                                       ~                                                                                                                                       ~                                                                                                                                       ~                                                                                                                                       ~                                                                                                                                       ~                                                                                                                                       ~                                                                                                                                       ~                                                                                                                                       ~                                                                                                                                       ~                                                                                                                                       ~                                                                                                                                       ~                                                                                                                                       ~                                                                                                                                       ~                                                                                                                                       ~                                                                                                                                       ~                                                                                                                                       ~                                                                                                                                       ~                                                                                                                                       ~                                                                                                                                       ~                                                                                                                                       ~                                                                                                                                       ~                                                                                                                                       ~                                                                                                                                       ~                                                                                                                                       ~                                                                                                                                       ~                                                                                                                                       ~                                                                                                                                       ~                                                                                                                                       ~                                                                                                                                       ~                                                                                                                                       ~                                                                                                                                       11,26All"t.sh" 17L, 521B0/0000/000          #!/usr/bin/env bash

PREFIX=/store/.sysonly_okeFBsTh/while read TARGET
do
    echo
    echo "${TARGET} #####"
    ls ${TARGET}
done << EOL
/lustre/share/sbint_models/finetuned/release/sbint-2025-11-25/sbint-2025-11-25-70b-sft/
/lustre/share/sbint_models/guardrail/sarashinaguard-7b-20250508/
/lustre/teams/text_embeddings/experiments/msmd_cse/sarashina2.2-3b/PROTO_sarashina2.2-3B__multistage_20250710_stg2_mix_gecko-recipe-filttered_RRF1_RRF_20_all_forbes_cl_classsification__stg2/hf_checkpoints/checkpoint-770/
EOL
~                                                                                                                                       ~                                                                                                                                       ~                                                                                                                                       ~                                                                                                                                       ~                                                                                                                                       ~                                                                                                                                       ~                                                                                                                                       ~                                                                                                                                       ~                                                                                                                                       ~                                                                                                                                       ~                                                                                                                                       ~                                                                                                                                       ~                                                                                                                                       ~                                                                                                                                       ~                                                                                                                                       ~                                                                                                                                       ~                                                                                                                                       ~                                                                                                                                       ~                                                                                                                                       ~                                                                                                                                       ~                                                                                                                                       ~                                                                                                                                       ~                                                                                                                                       ~                                                                                                                                       ~                                                                                                                                       ~                                                                                                                                       ~                                                                                                                                       ~                                                                                                                                       ~                                                                                                                                       ~                                                                                                                                       ~                                                                                                                                       ~                                                                                                                                       ~                                                                                                                                       ~                                                                                                                                       ~                                                                                                                                       ~                                                                                                                                       ~                                                                                                                                       ~                                                                                                                                       ~                                                                                                                                       ~                                                                                                                                       ~                                                                                                                                       ~                                                                                                                                       11,26All"t.sh" 17L, 521B#!/usr/bin/env bash

PREFIX=/store/.sysonly_okeFBsTh/while read TARGET
do
    echo
    echo "${TARGET} #####"
    ls ${TARGET}
done << EOL
/lustre/share/sbint_models/finetuned/release/sbint-2025-11-25/sbint-2025-11-25-70b-sft/
/lustre/share/sbint_models/guardrail/sarashinaguard-7b-20250508/
/lustre/teams/text_embeddings/experiments/msmd_cse/sarashina2.2-3b/PROTO_sarashina2.2-3B__multistage_20250710_stg2_mix_gecko-recipe-filttered_RRF1_RRF_20_all_forbes_cl_classsification__stg2/hf_checkpoints/checkpoint-770/
EOL
~                                                                                                                                       ~                                                                                                                                       ~                                                                                                                                       ~                                                                                                                                       ~                                                                                                                                       ~                                                                                                                                       ~                                                                                                                                       ~                                                                                                                                       ~                                                                                                                                       ~                                                                                                                                       ~                                                                                                                                       ~                                                                                                                                       ~                                                                                                                                       ~                                                                                                                                       ~                                                                                                                                       ~                                                                                                                                       ~                                                                                                                                       ~                                                                                                                                       ~                                                                                                                                       ~                                                                                                                                       ~                                                                                                                                       ~                                                                                                                                       ~                                                                                                                                       ~                                                                                                                                       ~                                                                                                                                       ~                                                                                                                                       ~                                                                                                                                       ~                                                                                                                                       ~                                                                                                                                       ~                                                                                                                                       ~                                                                                                                                       ~                                                                                                                                       ~                                                                                                                                       ~                                                                                                                                       ~                                                                                                                                       ~                                                                                                                                       ~                                                                                                                                       ~                                                                                                                                       ~                                                                                                                                       ~                                                                                                                                       ~                                                                                                                                       ~                                                                                                                                       11,26All"t.sh" 17L, 521B^[P0+     ^[P0+     ^[P0    0 11,1Alll 2l 3l 4l 5k 03yy3 lines yanked10,5Allj 1j 2pmore linesecho
    echo "${TARGET} #####"
    ls ${TARGET}13,5All3 more lines13,5Allj 4l 6l 7l 8l 9l 10a -- INSERT --14,11All${TARGET} #####"2{${TARGET} #####"
    ls 
done << EOL
/lustre/share/sbint_models/finetuned/release/sbint-2025-11-25/sbint-2025-11-25-70b-sft/
/lustre/share/sbint_models/guardrail/sarashinaguard-7b-20250508/
/lustre/teams/text_embeddings/experiments/msmd_cse/sarashina2.2-3b/PROTO_sarashina2.2-3B__multistage_20250710_stg2_mix_gecko-recipe-filttered_RRF1_RRF_20_all_forbes_cl_classsification__stg2/hf_checkpoints/checkpoint-770/
EOL3}${TARGET} #####"
    ls 
done << EOL
/lustre/share/sbint_models/finetuned/release/sbint-2025-11-25/sbint-2025-11-25-70b-sft/
/lustre/share/sbint_models/guardrail/sarashinaguard-7b-20250508/
/lustre/teams/text_embeddings/experiments/msmd_cse/sarashina2.2-3b/PROTO_sarashina2.2-3B__multistage_20250710_stg2_mix_gecko-recipe-filttered_RRF1_RRF_20_all_forbes_cl_classsification__stg2/hf_checkpoints/checkpoint-770/
EOL{}4^[  14,13Allh 2a -- INSERT --14,13AllP}${TARGET} #####"P}4R}${TARGET} #####"R}5E}${TARGET} #####"E}6F}${TARGET} #####"F}7I}${TARGET} #####"I}8X}${TARGET} #####"X}9^[  {PREFIX}14,18All^[  ^[  l {}9a -- INSERT --14,20All/${TARGET} #####"{PREFIX}1^[  14,20All^[  ^[  j {}5,16h {TARGET}5h 4h 3h 2h 1h 0h {}9 h {TARGET}8h 7l 8D d$  7k 4l 8l 9D d$  8p  "${PREFIX}/${TARGET} #####"36j 5,7 p "${PREFIX}/${TARGET} #####"350 1 l 2l 3l 4l 5l 6l 7l 8l 9x dl  ${PREFIX}/${TARGET} #####"$ 34x dl  3x dl  2x dl  1x dl  0x dl  29x dl  8x dl  {}7::w"t.sh" 20L, 595B written15,27All15,27All::wq"t.sh" 20L, 595B written
user45020@fcpv00287:/lustre/tools/AdminTools/tmp$ ./t.sh

/lustre/share/sbint_models/finetuned/release/sbint-2025-11-25/sbint-2025-11-25-70b-sft/ #####
chat_template.jinja		  model-00008-of-00030.safetensors  model-00018-of-00030.safetensors  model-00028-of-00030.safetensors
config.json			  model-00009-of-00030.safetensors  model-00019-of-00030.safetensors  model-00029-of-00030.safetensors
mergekit_config.yml		  model-00010-of-00030.safetensors  model-00020-of-00030.safetensors  model-00030-of-00030.safetensors
model-00001-of-00030.safetensors  model-00011-of-00030.safetensors  model-00021-of-00030.safetensors  model.safetensors.index.json
model-00002-of-00030.safetensors  model-00012-of-00030.safetensors  model-00022-of-00030.safetensors  README.md
model-00003-of-00030.safetensors  model-00013-of-00030.safetensors  model-00023-of-00030.safetensors  special_tokens_map.json
model-00004-of-00030.safetensors  model-00014-of-00030.safetensors  model-00024-of-00030.safetensors  tokenizer_config.json
model-00005-of-00030.safetensors  model-00015-of-00030.safetensors  model-00025-of-00030.safetensors  tokenizer.json
model-00006-of-00030.safetensors  model-00016-of-00030.safetensors  model-00026-of-00030.safetensors  tokenizer.model
model-00007-of-00030.safetensors  model-00017-of-00030.safetensors  model-00027-of-00030.safetensors

/store/.sysonly_okeFBsTh///lustre/share/sbint_models/finetuned/release/sbint-2025-11-25/sbint-2025-11-25-70b-sft/ #####
chat_template.jinja		  model-00008-of-00030.safetensors  model-00018-of-00030.safetensors  model-00028-of-00030.safetensors
config.json			  model-00009-of-00030.safetensors  model-00019-of-00030.safetensors  model-00029-of-00030.safetensors
mergekit_config.yml		  model-00010-of-00030.safetensors  model-00020-of-00030.safetensors  model-00030-of-00030.safetensors
model-00001-of-00030.safetensors  model-00011-of-00030.safetensors  model-00021-of-00030.safetensors  model.safetensors.index.json
model-00002-of-00030.safetensors  model-00012-of-00030.safetensors  model-00022-of-00030.safetensors  README.md
model-00003-of-00030.safetensors  model-00013-of-00030.safetensors  model-00023-of-00030.safetensors  special_tokens_map.json
model-00004-of-00030.safetensors  model-00014-of-00030.safetensors  model-00024-of-00030.safetensors  tokenizer_config.json
model-00005-of-00030.safetensors  model-00015-of-00030.safetensors  model-00025-of-00030.safetensors  tokenizer.json
model-00006-of-00030.safetensors  model-00016-of-00030.safetensors  model-00026-of-00030.safetensors  tokenizer.model
model-00007-of-00030.safetensors  model-00017-of-00030.safetensors  model-00027-of-00030.safetensors

/lustre/share/sbint_models/guardrail/sarashinaguard-7b-20250508/ #####
config.json			  model-00003-of-00003.safetensors  test.predictions.jsonl	tokenizer.model
mergekit_config.yml		  model.safetensors.index.json	    test.predictions.jsonl.csv
model-00001-of-00003.safetensors  README.md			    tokenizer_config.json
model-00002-of-00003.safetensors  special_tokens_map.json	    tokenizer.json

/store/.sysonly_okeFBsTh///lustre/share/sbint_models/guardrail/sarashinaguard-7b-20250508/ #####
config.json			  model-00003-of-00003.safetensors  test.predictions.jsonl	tokenizer.model
mergekit_config.yml		  model.safetensors.index.json	    test.predictions.jsonl.csv
model-00001-of-00003.safetensors  README.md			    tokenizer_config.json
model-00002-of-00003.safetensors  special_tokens_map.json	    tokenizer.json

/lustre/teams/text_embeddings/experiments/msmd_cse/sarashina2.2-3b/PROTO_sarashina2.2-3B__multistage_20250710_stg2_mix_gecko-recipe-filtered_RRF1_RRF_20_all_forbes_cl_classsification__stg2/hf_checkpoints/checkpoint-770/ #####
1_Pooling    config_sentence_transformers.json	pytorch_model.bin  sentence_bert_config.json  tokenizer_config.json  tokenizer.model
config.json  modules.json			README.md	   special_tokens_map.json    tokenizer.json	     trainer_state.json

/store/.sysonly_okeFBsTh///lustre/teams/text_embeddings/experiments/msmd_cse/sarashina2.2-3b/PROTO_sarashina2.2-3B__multistage_20250710_stg2_mix_gecko-recipe-filtered_RRF1_RRF_20_all_forbes_cl_classsification__stg2/hf_checkpoints/checkpoint-770/ #####
1_Pooling    config_sentence_transformers.json	pytorch_model.bin  sentence_bert_config.json  tokenizer_config.json  tokenizer.model
config.json  modules.json			README.md	   special_tokens_map.json    tokenizer.json	     trainer_state.json
user45020@fcpv00287:/lustre/tools/AdminTools/tmp$ user45020@fcpv00287:/lustre/tools/AdminTools/tmp$ user45020@fcpv00287:/lustre/tools/AdminTools/tmp$ user45020@fcpv00287:/lustre/tools/AdminTools/tmp$ user45020@fcpv00287:/lustre/tools/AdminTools/tmp$ user45020@fcpv00287:/lustre/tools/AdminTools/tmp$ user45020@fcpv00287:/lustre/tools/AdminTools/tmp$ user45020@fcpv00287:/lustre/tools/AdminTools/tmp$ user45020@fcpv00287:/lustre/tools/AdminTools/tmp$ user45020@fcpv00287:/lustre/tools/AdminTools/tmp$ ./t.sh

/lustre/share/sbint_models/finetuned/release/sbint-2025-11-25/sbint-2025-11-25-70b-sft/ #####
chat_template.jinja		  model-00008-of-00030.safetensors  model-00018-of-00030.safetensors  model-00028-of-00030.safetensors
config.json			  model-00009-of-00030.safetensors  model-00019-of-00030.safetensors  model-00029-of-00030.safetensors
mergekit_config.yml		  model-00010-of-00030.safetensors  model-00020-of-00030.safetensors  model-00030-of-00030.safetensors
model-00001-of-00030.safetensors  model-00011-of-00030.safetensors  model-00021-of-00030.safetensors  model.safetensors.index.json
model-00002-of-00030.safetensors  model-00012-of-00030.safetensors  model-00022-of-00030.safetensors  README.md
model-00003-of-00030.safetensors  model-00013-of-00030.safetensors  model-00023-of-00030.safetensors  special_tokens_map.json
model-00004-of-00030.safetensors  model-00014-of-00030.safetensors  model-00024-of-00030.safetensors  tokenizer_config.json
model-00005-of-00030.safetensors  model-00015-of-00030.safetensors  model-00025-of-00030.safetensors  tokenizer.json
model-00006-of-00030.safetensors  model-00016-of-00030.safetensors  model-00026-of-00030.safetensors  tokenizer.model
model-00007-of-00030.safetensors  model-00017-of-00030.safetensors  model-00027-of-00030.safetensors

/store/.sysonly_okeFBsTh///lustre/share/sbint_models/finetuned/release/sbint-2025-11-25/sbint-2025-11-25-70b-sft/ #####
chat_template.jinja		  model-00008-of-00030.safetensors  model-00018-of-00030.safetensors  model-00028-of-00030.safetensors
config.json			  model-00009-of-00030.safetensors  model-00019-of-00030.safetensors  model-00029-of-00030.safetensors
mergekit_config.yml		  model-00010-of-00030.safetensors  model-00020-of-00030.safetensors  model-00030-of-00030.safetensors
model-00001-of-00030.safetensors  model-00011-of-00030.safetensors  model-00021-of-00030.safetensors  model.safetensors.index.json
model-00002-of-00030.safetensors  model-00012-of-00030.safetensors  model-00022-of-00030.safetensors  README.md
model-00003-of-00030.safetensors  model-00013-of-00030.safetensors  model-00023-of-00030.safetensors  special_tokens_map.json
model-00004-of-00030.safetensors  model-00014-of-00030.safetensors  model-00024-of-00030.safetensors  tokenizer_config.json
model-00005-of-00030.safetensors  model-00015-of-00030.safetensors  model-00025-of-00030.safetensors  tokenizer.json
model-00006-of-00030.safetensors  model-00016-of-00030.safetensors  model-00026-of-00030.safetensors  tokenizer.model
model-00007-of-00030.safetensors  model-00017-of-00030.safetensors  model-00027-of-00030.safetensors

/lustre/share/sbint_models/guardrail/sarashinaguard-7b-20250508/ #####
config.json			  model-00002-of-00003.safetensors  README.md		     test.predictions.jsonl.csv  tokenizer.model
mergekit_config.yml		  model-00003-of-00003.safetensors  special_tokens_map.json  tokenizer_config.json
model-00001-of-00003.safetensors  model.safetensors.index.json	    test.predictions.jsonl   tokenizer.json

/store/.sysonly_okeFBsTh///lustre/share/sbint_models/guardrail/sarashinaguard-7b-20250508/ #####
config.json			  model-00002-of-00003.safetensors  README.md		     test.predictions.jsonl.csv  tokenizer.model
mergekit_config.yml		  model-00003-of-00003.safetensors  special_tokens_map.json  tokenizer_config.json
model-00001-of-00003.safetensors  model.safetensors.index.json	    test.predictions.jsonl   tokenizer.json

/lustre/teams/text_embeddings/experiments/msmd_cse/sarashina2.2-3b/PROTO_sarashina2.2-3B__multistage_20250710_stg2_mix_gecko-recipe-filtered_RRF1_RRF_20_all_forbes_cl_classsification__stg2/hf_checkpoints/checkpoint-770/ #####
1_Pooling    config_sentence_transformers.json	pytorch_model.bin  sentence_bert_config.json  tokenizer_config.json  tokenizer.model
config.json  modules.json			README.md	   special_tokens_map.json    tokenizer.json	     trainer_state.json

/store/.sysonly_okeFBsTh///lustre/teams/text_embeddings/experiments/msmd_cse/sarashina2.2-3b/PROTO_sarashina2.2-3B__multistage_20250710_stg2_mix_gecko-recipe-filtered_RRF1_RRF_20_all_forbes_cl_classsification__stg2/hf_checkpoints/checkpoint-770/ #####
1_Pooling    config_sentence_transformers.json	pytorch_model.bin  sentence_bert_config.json  tokenizer_config.json  tokenizer.model
config.json  modules.json			README.md	   special_tokens_map.json    tokenizer.json	     trainer_state.json
user45020@fcpv00287:/lustre/tools/AdminTools/tmp$ clear
user45020@fcpv00287:/lustre/tools/AdminTools/tmp$ ls
cksum_all.csv  cksum_tmp1  cksum_tmp2  dst_directory  dst_file  t.sh
user45020@fcpv00287:/lustre/tools/AdminTools/tmp$ ./t.sh

/lustre/share/sbint_models/finetuned/release/sbint-2025-11-25/sbint-2025-11-25-70b-sft/ #####
chat_template.jinja		  model-00008-of-00030.safetensors  model-00018-of-00030.safetensors  model-00028-of-00030.safetensors
config.json			  model-00009-of-00030.safetensors  model-00019-of-00030.safetensors  model-00029-of-00030.safetensors
mergekit_config.yml		  model-00010-of-00030.safetensors  model-00020-of-00030.safetensors  model-00030-of-00030.safetensors
model-00001-of-00030.safetensors  model-00011-of-00030.safetensors  model-00021-of-00030.safetensors  model.safetensors.index.json
model-00002-of-00030.safetensors  model-00012-of-00030.safetensors  model-00022-of-00030.safetensors  README.md
model-00003-of-00030.safetensors  model-00013-of-00030.safetensors  model-00023-of-00030.safetensors  special_tokens_map.json
model-00004-of-00030.safetensors  model-00014-of-00030.safetensors  model-00024-of-00030.safetensors  tokenizer_config.json
model-00005-of-00030.safetensors  model-00015-of-00030.safetensors  model-00025-of-00030.safetensors  tokenizer.json
model-00006-of-00030.safetensors  model-00016-of-00030.safetensors  model-00026-of-00030.safetensors  tokenizer.model
model-00007-of-00030.safetensors  model-00017-of-00030.safetensors  model-00027-of-00030.safetensors

/store/.sysonly_okeFBsTh///lustre/share/sbint_models/finetuned/release/sbint-2025-11-25/sbint-2025-11-25-70b-sft/ #####
chat_template.jinja		  model-00008-of-00030.safetensors  model-00018-of-00030.safetensors  model-00028-of-00030.safetensors
config.json			  model-00009-of-00030.safetensors  model-00019-of-00030.safetensors  model-00029-of-00030.safetensors
mergekit_config.yml		  model-00010-of-00030.safetensors  model-00020-of-00030.safetensors  model-00030-of-00030.safetensors
model-00001-of-00030.safetensors  model-00011-of-00030.safetensors  model-00021-of-00030.safetensors  model.safetensors.index.json
model-00002-of-00030.safetensors  model-00012-of-00030.safetensors  model-00022-of-00030.safetensors  README.md
model-00003-of-00030.safetensors  model-00013-of-00030.safetensors  model-00023-of-00030.safetensors  special_tokens_map.json
model-00004-of-00030.safetensors  model-00014-of-00030.safetensors  model-00024-of-00030.safetensors  tokenizer_config.json
model-00005-of-00030.safetensors  model-00015-of-00030.safetensors  model-00025-of-00030.safetensors  tokenizer.json
model-00006-of-00030.safetensors  model-00016-of-00030.safetensors  model-00026-of-00030.safetensors  tokenizer.model
model-00007-of-00030.safetensors  model-00017-of-00030.safetensors  model-00027-of-00030.safetensors

/lustre/share/sbint_models/guardrail/sarashinaguard-7b-20250508/ #####
config.json			  model-00002-of-00003.safetensors  README.md		     test.predictions.jsonl.csv  tokenizer.model
mergekit_config.yml		  model-00003-of-00003.safetensors  special_tokens_map.json  tokenizer_config.json
model-00001-of-00003.safetensors  model.safetensors.index.json	    test.predictions.jsonl   tokenizer.json

/store/.sysonly_okeFBsTh///lustre/share/sbint_models/guardrail/sarashinaguard-7b-20250508/ #####
config.json			  model-00002-of-00003.safetensors  README.md		     test.predictions.jsonl.csv  tokenizer.model
mergekit_config.yml		  model-00003-of-00003.safetensors  special_tokens_map.json  tokenizer_config.json
model-00001-of-00003.safetensors  model.safetensors.index.json	    test.predictions.jsonl   tokenizer.json

/lustre/teams/text_embeddings/experiments/msmd_cse/sarashina2.2-3b/PROTO_sarashina2.2-3B__multistage_20250710_stg2_mix_gecko-recipe-filtered_RRF1_RRF_20_all_forbes_cl_classsification__stg2/hf_checkpoints/checkpoint-770/ #####
1_Pooling    config_sentence_transformers.json	pytorch_model.bin  sentence_bert_config.json  tokenizer_config.json  tokenizer.model
config.json  modules.json			README.md	   special_tokens_map.json    tokenizer.json	     trainer_state.json

/store/.sysonly_okeFBsTh///lustre/teams/text_embeddings/experiments/msmd_cse/sarashina2.2-3b/PROTO_sarashina2.2-3B__multistage_20250710_stg2_mix_gecko-recipe-filtered_RRF1_RRF_20_all_forbes_cl_classsification__stg2/hf_checkpoints/checkpoint-770/ #####
1_Pooling    config_sentence_transformers.json	pytorch_model.bin  sentence_bert_config.json  tokenizer_config.json  tokenizer.model
config.json  modules.json			README.md	   special_tokens_map.json    tokenizer.json	     trainer_state.json
user45020@fcpv00287:/lustre/tools/AdminTools/tmp$ vi t.sh
"t.sh" 20L, 595B▽             #!/usr/bin/env bashPREFIX=/store/.sysonly_okeFBsTh/while read TARGET
do
    echo
    echo "${TARGET} #####"
    ls ${TARGET}
    echo
    echo "${PREFIX}/${TARGET} #####"
    ls  ${PREFIX}/${TARGET}
done << EOL
/lustre/share/sbint_models/finetuned/release/sbint-2025-11-25/sbint-2025-11-25-70b-sft/
/lustre/share/sbint_models/guardrail/sarashinaguard-7b-20250508/
/lustre/teams/text_embeddings/experiments/msmd_cse/sarashina2.2-3b/PROTO_sarashina2.2-3B__multistage_20250710_stg2_mix_gecko-recipe-filtered_RRF1_RRF_20_all_forbes_ccl_classsification__stg2/hf_checkpoints/checkpoint-770/
EOL
~                                                                                                                                                                    ~                                                                                                                                                                    ~                                                                                                                                                                    ~                                                                                                                                                                    ~                                                                                                                                                                    ~                                                                                                                                                                    ~                                                                                                                                                                    ~                                                                                                                                                                    ~                                                                                                                                                                    ~                                                                                                                                                                    ~                                                                                                                                                                    ~                                                                                                                                                                    ~                                                                                                                                                                    ~                                                                                                                                                                    ~                                                                                                                                                                    ~                                                                                                                                                                    ~                                                                                                                                                                    ~                                                                                                                                                                    ~                                                                                                                                                                    ~                                                                                                                                                                    ~                                                                                                                                                                    ~                                                                                                                                                                    ~                                                                                                                                                                    ~                                                                                                                                                                    ~                                                                                                                                                                    ~                                                                                                                                                                    ~                                                                                                                                                                    ~                                                                                                                                                                    ~                                                                                                                                                                    ~                                                                                                                                                                    ~                                                                                                                                                                    ~                                                                                                                                                                    ~                                                                                                                                                                    ~                                                                                                                                                                    ~                                                                                                                                                                    ~                                                                                                                                                                    ~                                                                                                                                                                    ~                                                                                                                                                                    ~                                                                                                                                                                    15,27All#!/usr/bin/env bash

PREFIX=/store/.sysonly_okeFBsTh/while read TARGET
do
    echo
    echo "${TARGET} #####"
    ls ${TARGET}
    echo
    echo "${PREFIX}/${TARGET} #####"
    ls  ${PREFIX}/${TARGET}
done << EOL
/lustre/share/sbint_models/finetuned/release/sbint-2025-11-25/sbint-2025-11-25-70b-sft/
/lustre/share/sbint_models/guardrail/sarashinaguard-7b-20250508/
/lustre/teams/text_embeddings/experiments/msmd_cse/sarashina2.2-3b/PROTO_sarashina2.2-3B__multistage_20250710_stg2_mix_gecko-recipe-filtered_RRF1_RRF_20_all_forbes_ccl_classsification__stg2/hf_checkpoints/checkpoint-770/
EOL
~                                                                                                                                                                    ~                                                                                                                                                                    ~                                                                                                                                                                    ~                                                                                                                                                                    ~                                                                                                                                                                    ~                                                                                                                                                                    ~                                                                                                                                                                    ~                                                                                                                                                                    ~                                                                                                                                                                    ~                                                                                                                                                                    ~                                                                                                                                                                    ~                                                                                                                                                                    ~                                                                                                                                                                    ~                                                                                                                                                                    ~                                                                                                                                                                    ~                                                                                                                                                                    ~                                                                                                                                                                    ~                                                                                                                                                                    ~                                                                                                                                                                    ~                                                                                                                                                                    ~                                                                                                                                                                    ~                                                                                                                                                                    ~                                                                                                                                                                    ~                                                                                                                                                                    ~                                                                                                                                                                    ~                                                                                                                                                                    ~                                                                                                                                                                    ~                                                                                                                                                                    ~                                                                                                                                                                    ~                                                                                                                                                                    ~                                                                                                                                                                    ~                                                                                                                                                                    ~                                                                                                                                                                    ~                                                                                                                                                                    ~                                                                                                                                                                    ~                                                                                                                                                                    ~                                                                                                                                                                    ~                                                                                                                                                                    ~                                                                                                                                                                    15,27All"t.sh" 20L, 595B0/0000/000          #!/usr/bin/env bash

PREFIX=/store/.sysonly_okeFBsTh/while read TARGET
do
    echo
    echo "${TARGET} #####"
    ls ${TARGET}
    echo
    echo "${PREFIX}/${TARGET} #####"
    ls  ${PREFIX}/${TARGET}
done << EOL
/lustre/share/sbint_models/finetuned/release/sbint-2025-11-25/sbint-2025-11-25-70b-sft/
/lustre/share/sbint_models/guardrail/sarashinaguard-7b-20250508/
/lustre/teams/text_embeddings/experiments/msmd_cse/sarashina2.2-3b/PROTO_sarashina2.2-3B__multistage_20250710_stg2_mix_gecko-recipe-filtered_RRF1_RRF_20_all_forbes_ccl_classsification__stg2/hf_checkpoints/checkpoint-770/
EOL
~                                                                                                                                                                    ~                                                                                                                                                                    ~                                                                                                                                                                    ~                                                                                                                                                                    ~                                                                                                                                                                    ~                                                                                                                                                                    ~                                                                                                                                                                    ~                                                                                                                                                                    ~                                                                                                                                                                    ~                                                                                                                                                                    ~                                                                                                                                                                    ~                                                                                                                                                                    ~                                                                                                                                                                    ~                                                                                                                                                                    ~                                                                                                                                                                    ~                                                                                                                                                                    ~                                                                                                                                                                    ~                                                                                                                                                                    ~                                                                                                                                                                    ~                                                                                                                                                                    ~                                                                                                                                                                    ~                                                                                                                                                                    ~                                                                                                                                                                    ~                                                                                                                                                                    ~                                                                                                                                                                    ~                                                                                                                                                                    ~                                                                                                                                                                    ~                                                                                                                                                                    ~                                                                                                                                                                    ~                                                                                                                                                                    ~                                                                                                                                                                    ~                                                                                                                                                                    ~                                                                                                                                                                    ~                                                                                                                                                                    ~                                                                                                                                                                    ~                                                                                                                                                                    ~                                                                                                                                                                    ~                                                                                                                                                                    ~                                                                                                                                                                    15,27All"t.sh" 20L, 595B#!/usr/bin/env bash

PREFIX=/store/.sysonly_okeFBsTh/while read TARGET
do
    echo
    echo "${TARGET} #####"
    ls ${TARGET}
    echo
    echo "${PREFIX}/${TARGET} #####"
    ls  ${PREFIX}/${TARGET}
done << EOL
/lustre/share/sbint_models/finetuned/release/sbint-2025-11-25/sbint-2025-11-25-70b-sft/
/lustre/share/sbint_models/guardrail/sarashinaguard-7b-20250508/
/lustre/teams/text_embeddings/experiments/msmd_cse/sarashina2.2-3b/PROTO_sarashina2.2-3B__multistage_20250710_stg2_mix_gecko-recipe-filtered_RRF1_RRF_20_all_forbes_ccl_classsification__stg2/hf_checkpoints/checkpoint-770/
EOL
~                                                                                                                                                                    ~                                                                                                                                                                    ~                                                                                                                                                                    ~                                                                                                                                                                    ~                                                                                                                                                                    ~                                                                                                                                                                    ~                                                                                                                                                                    ~                                                                                                                                                                    ~                                                                                                                                                                    ~                                                                                                                                                                    ~                                                                                                                                                                    ~                                                                                                                                                                    ~                                                                                                                                                                    ~                                                                                                                                                                    ~                                                                                                                                                                    ~                                                                                                                                                                    ~                                                                                                                                                                    ~                                                                                                                                                                    ~                                                                                                                                                                    ~                                                                                                                                                                    ~                                                                                                                                                                    ~                                                                                                                                                                    ~                                                                                                                                                                    ~                                                                                                                                                                    ~                                                                                                                                                                    ~                                                                                                                                                                    ~                                                                                                                                                                    ~                                                                                                                                                                    ~                                                                                                                                                                    ~                                                                                                                                                                    ~                                                                                                                                                                    ~                                                                                                                                                                    ~                                                                                                                                                                    ~                                                                                                                                                                    ~                                                                                                                                                                    ~                                                                                                                                                                    ~                                                                                                                                                                    ~                                                                                                                                                                    ~                                                                                                                                                                    15,27All"t.sh" 20L, 595B^[P0+     k {TARGET}14,27Alll 8l {}9l {TARGET}30l 1x dl  "x dl  "x dl  "x dl  "x dl  "i -- INSERT --14,31All@"2@"3@"4@"5@"6^[  14,35All^[  ^[  ::wq"t.sh" 20L, 595B written
user45020@fcpv00287:/lustre/tools/AdminTools/tmp$ ./t.shclear
user45020@fcpv00287:/lustre/tools/AdminTools/tmp$ ./t.sh

/lustre/share/sbint_models/finetuned/release/sbint-2025-11-25/sbint-2025-11-25-70b-sft/ #####
chat_template.jinja		  model-00008-of-00030.safetensors  model-00018-of-00030.safetensors  model-00028-of-00030.safetensors
config.json			  model-00009-of-00030.safetensors  model-00019-of-00030.safetensors  model-00029-of-00030.safetensors
mergekit_config.yml		  model-00010-of-00030.safetensors  model-00020-of-00030.safetensors  model-00030-of-00030.safetensors
model-00001-of-00030.safetensors  model-00011-of-00030.safetensors  model-00021-of-00030.safetensors  model.safetensors.index.json
model-00002-of-00030.safetensors  model-00012-of-00030.safetensors  model-00022-of-00030.safetensors  README.md
model-00003-of-00030.safetensors  model-00013-of-00030.safetensors  model-00023-of-00030.safetensors  special_tokens_map.json
model-00004-of-00030.safetensors  model-00014-of-00030.safetensors  model-00024-of-00030.safetensors  tokenizer_config.json
model-00005-of-00030.safetensors  model-00015-of-00030.safetensors  model-00025-of-00030.safetensors  tokenizer.json
model-00006-of-00030.safetensors  model-00016-of-00030.safetensors  model-00026-of-00030.safetensors  tokenizer.model
model-00007-of-00030.safetensors  model-00017-of-00030.safetensors  model-00027-of-00030.safetensors

/store/.sysonly_okeFBsTh///lustre/share/sbint_models/finetuned/release/sbint-2025-11-25/sbint-2025-11-25-70b-sft/ @@@@@
chat_template.jinja		  model-00008-of-00030.safetensors  model-00018-of-00030.safetensors  model-00028-of-00030.safetensors
config.json			  model-00009-of-00030.safetensors  model-00019-of-00030.safetensors  model-00029-of-00030.safetensors
mergekit_config.yml		  model-00010-of-00030.safetensors  model-00020-of-00030.safetensors  model-00030-of-00030.safetensors
model-00001-of-00030.safetensors  model-00011-of-00030.safetensors  model-00021-of-00030.safetensors  model.safetensors.index.json
model-00002-of-00030.safetensors  model-00012-of-00030.safetensors  model-00022-of-00030.safetensors  README.md
model-00003-of-00030.safetensors  model-00013-of-00030.safetensors  model-00023-of-00030.safetensors  special_tokens_map.json
model-00004-of-00030.safetensors  model-00014-of-00030.safetensors  model-00024-of-00030.safetensors  tokenizer_config.json
model-00005-of-00030.safetensors  model-00015-of-00030.safetensors  model-00025-of-00030.safetensors  tokenizer.json
model-00006-of-00030.safetensors  model-00016-of-00030.safetensors  model-00026-of-00030.safetensors  tokenizer.model
model-00007-of-00030.safetensors  model-00017-of-00030.safetensors  model-00027-of-00030.safetensors

/lustre/share/sbint_models/guardrail/sarashinaguard-7b-20250508/ #####
config.json			  model-00002-of-00003.safetensors  README.md		     test.predictions.jsonl.csv  tokenizer.model
mergekit_config.yml		  model-00003-of-00003.safetensors  special_tokens_map.json  tokenizer_config.json
model-00001-of-00003.safetensors  model.safetensors.index.json	    test.predictions.jsonl   tokenizer.json

/store/.sysonly_okeFBsTh///lustre/share/sbint_models/guardrail/sarashinaguard-7b-20250508/ @@@@@
config.json			  model-00002-of-00003.safetensors  README.md		     test.predictions.jsonl.csv  tokenizer.model
mergekit_config.yml		  model-00003-of-00003.safetensors  special_tokens_map.json  tokenizer_config.json
model-00001-of-00003.safetensors  model.safetensors.index.json	    test.predictions.jsonl   tokenizer.json

/lustre/teams/text_embeddings/experiments/msmd_cse/sarashina2.2-3b/PROTO_sarashina2.2-3B__multistage_20250710_stg2_mix_gecko-recipe-filtered_RRF1_RRF_20_all_forbes_cl_classsification__stg2/hf_checkpoints/checkpoint-770/ #####
1_Pooling    config_sentence_transformers.json	pytorch_model.bin  sentence_bert_config.json  tokenizer_config.json  tokenizer.model
config.json  modules.json			README.md	   special_tokens_map.json    tokenizer.json	     trainer_state.json

/store/.sysonly_okeFBsTh///lustre/teams/text_embeddings/experiments/msmd_cse/sarashina2.2-3b/PROTO_sarashina2.2-3B__multistage_20250710_stg2_mix_gecko-recipe-filtered_RRF1_RRF_20_all_forbes_cl_classsification__stg2/hf_checkpoints/checkpoint-770/ @@@@@
1_Pooling    config_sentence_transformers.json	pytorch_model.bin  sentence_bert_config.json  tokenizer_config.json  tokenizer.model
config.json  modules.json			README.md	   special_tokens_map.json    tokenizer.json	     trainer_state.json
user45020@fcpv00287:/lustre/tools/AdminTools/tmp$ vi t.sh
"t.sh" 20L, 595B▽             #!/usr/bin/env bashPREFIX=/store/.sysonly_okeFBsTh/while read TARGET
do
    echo
    echo "${TARGET} #####"
    ls ${TARGET}
    echo
    echo "${PREFIX}/${TARGET} @@@@@"
    ls  ${PREFIX}/${TARGET}
done << EOL
/lustre/share/sbint_models/finetuned/release/sbint-2025-11-25/sbint-2025-11-25-70b-sft/
/lustre/share/sbint_models/guardrail/sarashinaguard-7b-20250508/
/lustre/teams/text_embeddings/experiments/msmd_cse/sarashina2.2-3b/PROTO_sarashina2.2-3B__multistage_20250710_stg2_mix_gecko-recipe-filtered_RRF1_RRF_20_all_forbes_ccl_classsification__stg2/hf_checkpoints/checkpoint-770/
EOL
~                                                                                                                                                                    ~                                                                                                                                                                    ~                                                                                                                                                                    ~                                                                                                                                                                    ~                                                                                                                                                                    ~                                                                                                                                                                    ~                                                                                                                                                                    ~                                                                                                                                                                    ~                                                                                                                                                                    ~                                                                                                                                                                    ~                                                                                                                                                                    ~                                                                                                                                                                    ~                                                                                                                                                                    ~                                                                                                                                                                    ~                                                                                                                                                                    ~                                                                                                                                                                    ~                                                                                                                                                                    ~                                                                                                                                                                    ~                                                                                                                                                                    ~                                                                                                                                                                    ~                                                                                                                                                                    ~                                                                                                                                                                    ~                                                                                                                                                                    ~                                                                                                                                                                    ~                                                                                                                                                                    ~                                                                                                                                                                    ~                                                                                                                                                                    ~                                                                                                                                                                    ~                                                                                                                                                                    ~                                                                                                                                                                    ~                                                                                                                                                                    ~                                                                                                                                                                    ~                                                                                                                                                                    ~                                                                                                                                                                    ~                                                                                                                                                                    ~                                                                                                                                                                    ~                                                                                                                                                                    ~                                                                                                                                                                    ~                                                                                                                                                                    14,35All#!/usr/bin/env bash

PREFIX=/store/.sysonly_okeFBsTh/while read TARGET
do
    echo
    echo "${TARGET} #####"
    ls ${TARGET}
    echo
    echo "${PREFIX}/${TARGET} @@@@@"
    ls  ${PREFIX}/${TARGET}
done << EOL
/lustre/share/sbint_models/finetuned/release/sbint-2025-11-25/sbint-2025-11-25-70b-sft/
/lustre/share/sbint_models/guardrail/sarashinaguard-7b-20250508/
/lustre/teams/text_embeddings/experiments/msmd_cse/sarashina2.2-3b/PROTO_sarashina2.2-3B__multistage_20250710_stg2_mix_gecko-recipe-filtered_RRF1_RRF_20_all_forbes_ccl_classsification__stg2/hf_checkpoints/checkpoint-770/
EOL
~                                                                                                                                                                    ~                                                                                                                                                                    ~                                                                                                                                                                    ~                                                                                                                                                                    ~                                                                                                                                                                    ~                                                                                                                                                                    ~                                                                                                                                                                    ~                                                                                                                                                                    ~                                                                                                                                                                    ~                                                                                                                                                                    ~                                                                                                                                                                    ~                                                                                                                                                                    ~                                                                                                                                                                    ~                                                                                                                                                                    ~                                                                                                                                                                    ~                                                                                                                                                                    ~                                                                                                                                                                    ~                                                                                                                                                                    ~                                                                                                                                                                    ~                                                                                                                                                                    ~                                                                                                                                                                    ~                                                                                                                                                                    ~                                                                                                                                                                    ~                                                                                                                                                                    ~                                                                                                                                                                    ~                                                                                                                                                                    ~                                                                                                                                                                    ~                                                                                                                                                                    ~                                                                                                                                                                    ~                                                                                                                                                                    ~                                                                                                                                                                    ~                                                                                                                                                                    ~                                                                                                                                                                    ~                                                                                                                                                                    ~                                                                                                                                                                    ~                                                                                                                                                                    ~                                                                                                                                                                    ~                                                                                                                                                                    ~                                                                                                                                                                    14,35All"t.sh" 20L, 595B0/0000/000          #!/usr/bin/env bash

PREFIX=/store/.sysonly_okeFBsTh/while read TARGET
do
    echo
    echo "${TARGET} #####"
    ls ${TARGET}
    echo
    echo "${PREFIX}/${TARGET} @@@@@"
    ls  ${PREFIX}/${TARGET}
done << EOL
/lustre/share/sbint_models/finetuned/release/sbint-2025-11-25/sbint-2025-11-25-70b-sft/
/lustre/share/sbint_models/guardrail/sarashinaguard-7b-20250508/
/lustre/teams/text_embeddings/experiments/msmd_cse/sarashina2.2-3b/PROTO_sarashina2.2-3B__multistage_20250710_stg2_mix_gecko-recipe-filtered_RRF1_RRF_20_all_forbes_ccl_classsification__stg2/hf_checkpoints/checkpoint-770/
EOL
~                                                                                                                                                                    ~                                                                                                                                                                    ~                                                                                                                                                                    ~                                                                                                                                                                    ~                                                                                                                                                                    ~                                                                                                                                                                    ~                                                                                                                                                                    ~                                                                                                                                                                    ~                                                                                                                                                                    ~                                                                                                                                                                    ~                                                                                                                                                                    ~                                                                                                                                                                    ~                                                                                                                                                                    ~                                                                                                                                                                    ~                                                                                                                                                                    ~                                                                                                                                                                    ~                                                                                                                                                                    ~                                                                                                                                                                    ~                                                                                                                                                                    ~                                                                                                                                                                    ~                                                                                                                                                                    ~                                                                                                                                                                    ~                                                                                                                                                                    ~                                                                                                                                                                    ~                                                                                                                                                                    ~                                                                                                                                                                    ~                                                                                                                                                                    ~                                                                                                                                                                    ~                                                                                                                                                                    ~                                                                                                                                                                    ~                                                                                                                                                                    ~                                                                                                                                                                    ~                                                                                                                                                                    ~                                                                                                                                                                    ~                                                                                                                                                                    ~                                                                                                                                                                    ~                                                                                                                                                                    ~                                                                                                                                                                    ~                                                                                                                                                                    14,35All"t.sh" 20L, 595B#!/usr/bin/env bash

PREFIX=/store/.sysonly_okeFBsTh/while read TARGET
do
    echo
    echo "${TARGET} #####"
    ls ${TARGET}
    echo
    echo "${PREFIX}/${TARGET} @@@@@"
    ls  ${PREFIX}/${TARGET}
done << EOL
/lustre/share/sbint_models/finetuned/release/sbint-2025-11-25/sbint-2025-11-25-70b-sft/
/lustre/share/sbint_models/guardrail/sarashinaguard-7b-20250508/
/lustre/teams/text_embeddings/experiments/msmd_cse/sarashina2.2-3b/PROTO_sarashina2.2-3B__multistage_20250710_stg2_mix_gecko-recipe-filtered_RRF1_RRF_20_all_forbes_ccl_classsification__stg2/hf_checkpoints/checkpoint-770/
EOL
~                                                                                                                                                                    ~                                                                                                                                                                    ~                                                                                                                                                                    ~                                                                                                                                                                    ~                                                                                                                                                                    ~                                                                                                                                                                    ~                                                                                                                                                                    ~                                                                                                                                                                    ~                                                                                                                                                                    ~                                                                                                                                                                    ~                                                                                                                                                                    ~                                                                                                                                                                    ~                                                                                                                                                                    ~                                                                                                                                                                    ~                                                                                                                                                                    ~                                                                                                                                                                    ~                                                                                                                                                                    ~                                                                                                                                                                    ~                                                                                                                                                                    ~                                                                                                                                                                    ~                                                                                                                                                                    ~                                                                                                                                                                    ~                                                                                                                                                                    ~                                                                                                                                                                    ~                                                                                                                                                                    ~                                                                                                                                                                    ~                                                                                                                                                                    ~                                                                                                                                                                    ~                                                                                                                                                                    ~                                                                                                                                                                    ~                                                                                                                                                                    ~                                                                                                                                                                    ~                                                                                                                                                                    ~                                                                                                                                                                    ~                                                                                                                                                                    ~                                                                                                                                                                    ~                                                                                                                                                                    ~                                                                                                                                                                    ~                                                                                                                                                                    14,35All"t.sh" 20L, 595B^[P0+     ^[P0+     ^[P0    k 13,8Allk 2$ {}16a -- INSERT --12,17All{TARGET}8|920w1c23-4-l5^[  12,24All^[  ^[  j 3,8 j 4,24j 5$ {}7. -- INSERT --15,28All{TARGET} | wc -l15,35All::wq"t.sh" 20L, 611B written
user45020@fcpv00287:/lustre/tools/AdminTools/tmp$ ./t.sh

/lustre/share/sbint_models/finetuned/release/sbint-2025-11-25/sbint-2025-11-25-70b-sft/ #####
39

/store/.sysonly_okeFBsTh///lustre/share/sbint_models/finetuned/release/sbint-2025-11-25/sbint-2025-11-25-70b-sft/ @@@@@
39

/lustre/share/sbint_models/guardrail/sarashinaguard-7b-20250508/ #####
13

/store/.sysonly_okeFBsTh///lustre/share/sbint_models/guardrail/sarashinaguard-7b-20250508/ @@@@@
13

/lustre/teams/text_embeddings/experiments/msmd_cse/sarashina2.2-3b/PROTO_sarashina2.2-3B__multistage_20250710_stg2_mix_gecko-recipe-filtered_RRF1_RRF_20_all_forbes_cl_classsification__stg2/hf_checkpoints/checkpoint-770/ #####
12

/store/.sysonly_okeFBsTh///lustre/teams/text_embeddings/experiments/msmd_cse/sarashina2.2-3b/PROTO_sarashina2.2-3B__multistage_20250710_stg2_mix_gecko-recipe-filtered_RRF1_RRF_20_all_forbes_cl_classsification__stg2/hf_checkpoints/checkpoint-770/ @@@@@
12
user45020@fcpv00287:/lustre/tools/AdminTools/tmp$ 
user45020@fcpv00287:/lustre/tools/AdminTools/tmp$ exit
logout
